#
# There is insufficient memory for the Java Runtime Environment to continue.
# Native memory allocation (malloc) failed to allocate 705952 bytes. Error detail: Chunk::new
# Possible reasons:
#   The system is out of physical RAM or swap space
#   This process is running with CompressedOops enabled, and the Java Heap may be blocking the growth of the native heap
# Possible solutions:
#   Reduce memory load on the system
#   Increase physical memory or swap space
#   Check if swap backing store is full
#   Decrease Java heap size (-Xmx/-Xms)
#   Decrease number of Java threads
#   Decrease Java thread stack sizes (-Xss)
#   Set larger code cache with -XX:ReservedCodeCacheSize=
#   JVM is running with Unscaled Compressed Oops mode in which the Java heap is
#     placed in the first 4GB address space. The Java Heap base address is the
#     maximum limit for the native heap growth. Please use -XX:HeapBaseMinAddress
#     to set the Java Heap base and to place the Java Heap above 4GB virtual address.
# This output file may be truncated or incomplete.
#
#  Out of Memory Error (arena.cpp:168), pid=23612, tid=19436
#
# JRE version: OpenJDK Runtime Environment Temurin-21.0.10+7 (21.0.10+7) (build 21.0.10+7-LTS)
# Java VM: OpenJDK 64-Bit Server VM Temurin-21.0.10+7 (21.0.10+7-LTS, mixed mode, sharing, tiered, compressed oops, compressed class ptrs, parallel gc, windows-amd64)
# No core dump will be written. Minidumps are not enabled by default on client versions of Windows
#

---------------  S U M M A R Y ------------

Command Line: --add-modules=ALL-SYSTEM --add-opens=java.base/java.util=ALL-UNNAMED --add-opens=java.base/java.lang=ALL-UNNAMED --add-opens=java.base/sun.nio.fs=ALL-UNNAMED -Declipse.application=org.eclipse.jdt.ls.core.id1 -Dosgi.bundles.defaultStartLevel=4 -Declipse.product=org.eclipse.jdt.ls.core.product -Djava.import.generatesMetadataFilesAtProjectRoot=false -DDetectVMInstallationsJob.disabled=true -Dfile.encoding=utf8 -XX:+UseParallelGC -XX:GCTimeRatio=4 -XX:AdaptiveSizePolicyWeight=90 -Dsun.zip.disableMemoryMapping=true -Xmx2G -Xms100m -Xlog:disable -javaagent:c:\Users\minnh\.vscode\extensions\redhat.java-1.53.0-win32-x64\lombok\lombok-1.18.39-4050.jar -XX:+HeapDumpOnOutOfMemoryError -XX:HeapDumpPath=c:\Users\minnh\AppData\Roaming\Code\User\workspaceStorage\cc6f364a0940a606890e72b0b08a57ba\redhat.java -Daether.dependencyCollector.impl=bf c:\Users\minnh\.vscode\extensions\redhat.java-1.53.0-win32-x64\server\plugins\org.eclipse.equinox.launcher_1.7.100.v20251111-0406.jar -configuration c:\Users\minnh\AppData\Roaming\Code\User\globalStorage\redhat.java\1.53.0\config_win -data c:\Users\minnh\AppData\Roaming\Code\User\workspaceStorage\cc6f364a0940a606890e72b0b08a57ba\redhat.java\jdt_ws --pipe=\\.\pipe\lsp-7d791b8a2c95f8f847229c5e6e26a477-sock

Host: Intel(R) Core(TM) i7-10750H CPU @ 2.60GHz, 12 cores, 15G,  Windows 11 , 64 bit Build 26100 (10.0.26100.7920)
Time: Thu Mar 19 05:56:58 2026 SE Asia Standard Time elapsed time: 8.456361 seconds (0d 0h 0m 8s)

---------------  T H R E A D  ---------------

Current thread (0x0000025ee7dda720):  JavaThread "C2 CompilerThread0" daemon [_thread_in_native, id=19436, stack(0x000000f371700000,0x000000f371800000) (1024K)]


Current CompileTask:
C2:8456 6026   !   4       java.nio.file.FileTreeWalker::next (144 bytes)

Stack: [0x000000f371700000,0x000000f371800000]
Native frames: (J=compiled Java code, j=interpreted, Vv=VM code, C=native code)
V  [jvm.dll+0x6d7a39]
V  [jvm.dll+0x8b4b26]
V  [jvm.dll+0x8b70de]
V  [jvm.dll+0x8b77c3]
V  [jvm.dll+0x284346]
V  [jvm.dll+0xc66ed]
V  [jvm.dll+0xc6c31]
V  [jvm.dll+0x3bec3b]
V  [jvm.dll+0x1e3d62]
V  [jvm.dll+0x24c6b3]
V  [jvm.dll+0x24bb40]
V  [jvm.dll+0x1cb34e]
V  [jvm.dll+0x25b85d]
V  [jvm.dll+0x259dea]
V  [jvm.dll+0x3f857e]
V  [jvm.dll+0x85f59d]
V  [jvm.dll+0x6d626d]
C  [ucrtbase.dll+0x37b0]
C  [KERNEL32.DLL+0x2e8d7]
C  [ntdll.dll+0x8c48c]


---------------  P R O C E S S  ---------------

Threads class SMR info:
_java_thread_list=0x0000025ec79fe520, length=41, elements={
0x0000025ee58eeb00, 0x0000025ee7dcbfd0, 0x0000025ee7cc92f0, 0x0000025ee7ccbfd0,
0x0000025ee7ccca30, 0x0000025ee7dd0fa0, 0x0000025ee7dd5940, 0x0000025ee7dda720,
0x0000025ee7ddc4d0, 0x0000025effc3e6d0, 0x0000025ec60879d0, 0x0000025ec6b35fe0,
0x0000025ec68a8b60, 0x0000025ec6a055c0, 0x0000025ec6a06000, 0x0000025ec6e35bb0,
0x0000025ec65b1ec0, 0x0000025ec6d2bff0, 0x0000025ec6bfbce0, 0x0000025ec6bfca00,
0x0000025ec6bfd090, 0x0000025ec6bfddb0, 0x0000025ec6bfb650, 0x0000025ec6bfd720,
0x0000025ec6bfc370, 0x0000025ec6bfa930, 0x0000025ec6bfafc0, 0x0000025ec6cc0130,
0x0000025ec6cbfaa0, 0x0000025ec6cc0e50, 0x0000025ec6cbe6f0, 0x0000025ec6cc07c0,
0x0000025ec6cbf410, 0x0000025ec6cc14e0, 0x0000025ec6cbed80, 0x0000025ec6cbe060,
0x0000025ec80f47b0, 0x0000025ec80f2d70, 0x0000025ec80f19c0, 0x0000025ec80f2050,
0x0000025ec80f54d0
}

Java Threads: ( => current thread )
  0x0000025ee58eeb00 JavaThread "main"                              [_thread_blocked, id=25556, stack(0x000000f370d00000,0x000000f370e00000) (1024K)]
  0x0000025ee7dcbfd0 JavaThread "Reference Handler"          daemon [_thread_blocked, id=22296, stack(0x000000f371100000,0x000000f371200000) (1024K)]
  0x0000025ee7cc92f0 JavaThread "Finalizer"                  daemon [_thread_blocked, id=16916, stack(0x000000f371200000,0x000000f371300000) (1024K)]
  0x0000025ee7ccbfd0 JavaThread "Signal Dispatcher"          daemon [_thread_blocked, id=17608, stack(0x000000f371300000,0x000000f371400000) (1024K)]
  0x0000025ee7ccca30 JavaThread "Attach Listener"            daemon [_thread_blocked, id=27520, stack(0x000000f371400000,0x000000f371500000) (1024K)]
  0x0000025ee7dd0fa0 JavaThread "Service Thread"             daemon [_thread_blocked, id=15752, stack(0x000000f371500000,0x000000f371600000) (1024K)]
  0x0000025ee7dd5940 JavaThread "Monitor Deflation Thread"   daemon [_thread_blocked, id=23780, stack(0x000000f371600000,0x000000f371700000) (1024K)]
=>0x0000025ee7dda720 JavaThread "C2 CompilerThread0"         daemon [_thread_in_native, id=19436, stack(0x000000f371700000,0x000000f371800000) (1024K)]
  0x0000025ee7ddc4d0 JavaThread "C1 CompilerThread0"         daemon [_thread_blocked, id=21068, stack(0x000000f371800000,0x000000f371900000) (1024K)]
  0x0000025effc3e6d0 JavaThread "Common-Cleaner"             daemon [_thread_blocked, id=23684, stack(0x000000f371900000,0x000000f371a00000) (1024K)]
  0x0000025ec60879d0 JavaThread "Notification Thread"        daemon [_thread_blocked, id=18904, stack(0x000000f371b00000,0x000000f371c00000) (1024K)]
  0x0000025ec6b35fe0 JavaThread "Active Thread: Equinox Container: 2aeedc61-c42e-4109-8595-3f486c03bab5"        [_thread_blocked, id=24288, stack(0x000000f372300000,0x000000f372400000) (1024K)]
  0x0000025ec68a8b60 JavaThread "Refresh Thread: Equinox Container: 2aeedc61-c42e-4109-8595-3f486c03bab5" daemon [_thread_blocked, id=24268, stack(0x000000f372500000,0x000000f372600000) (1024K)]
  0x0000025ec6a055c0 JavaThread "Framework Event Dispatcher: Equinox Container: 2aeedc61-c42e-4109-8595-3f486c03bab5" daemon [_thread_blocked, id=8564, stack(0x000000f372600000,0x000000f372700000) (1024K)]
  0x0000025ec6a06000 JavaThread "Start Level: Equinox Container: 2aeedc61-c42e-4109-8595-3f486c03bab5" daemon [_thread_blocked, id=21844, stack(0x000000f372700000,0x000000f372800000) (1024K)]
  0x0000025ec6e35bb0 JavaThread "Bundle File Closer"         daemon [_thread_blocked, id=8924, stack(0x000000f372a00000,0x000000f372b00000) (1024K)]
  0x0000025ec65b1ec0 JavaThread "SCR Component Actor"        daemon [_thread_blocked, id=26492, stack(0x000000f372b00000,0x000000f372c00000) (1024K)]
  0x0000025ec6d2bff0 JavaThread "Worker-JM"                         [_thread_blocked, id=12984, stack(0x000000f372c00000,0x000000f372d00000) (1024K)]
  0x0000025ec6bfbce0 JavaThread "Worker-0"                          [_thread_blocked, id=19960, stack(0x000000f371c00000,0x000000f371d00000) (1024K)]
  0x0000025ec6bfca00 JavaThread "Worker-1"                          [_thread_blocked, id=27624, stack(0x000000f372d00000,0x000000f372e00000) (1024K)]
  0x0000025ec6bfd090 JavaThread "Java indexing"              daemon [_thread_blocked, id=21384, stack(0x000000f372e00000,0x000000f372f00000) (1024K)]
  0x0000025ec6bfddb0 JavaThread "JNA Cleaner"                daemon [_thread_blocked, id=17180, stack(0x000000f373000000,0x000000f373100000) (1024K)]
  0x0000025ec6bfb650 JavaThread "Worker-2"                          [_thread_blocked, id=7904, stack(0x000000f373300000,0x000000f373400000) (1024K)]
  0x0000025ec6bfd720 JavaThread "Worker-3"                          [_thread_blocked, id=21684, stack(0x000000f373400000,0x000000f373500000) (1024K)]
  0x0000025ec6bfc370 JavaThread "Thread-1"                   daemon [_thread_in_native, id=23188, stack(0x000000f373500000,0x000000f373600000) (1024K)]
  0x0000025ec6bfa930 JavaThread "Thread-2"                   daemon [_thread_in_native, id=17040, stack(0x000000f373600000,0x000000f373700000) (1024K)]
  0x0000025ec6bfafc0 JavaThread "Thread-3"                   daemon [_thread_in_native, id=1856, stack(0x000000f373700000,0x000000f373800000) (1024K)]
  0x0000025ec6cc0130 JavaThread "Thread-4"                   daemon [_thread_in_native, id=4740, stack(0x000000f373800000,0x000000f373900000) (1024K)]
  0x0000025ec6cbfaa0 JavaThread "Thread-5"                   daemon [_thread_in_native, id=16116, stack(0x000000f373900000,0x000000f373a00000) (1024K)]
  0x0000025ec6cc0e50 JavaThread "Thread-6"                   daemon [_thread_in_native, id=24788, stack(0x000000f373a00000,0x000000f373b00000) (1024K)]
  0x0000025ec6cbe6f0 JavaThread "Thread-7"                   daemon [_thread_in_native, id=11040, stack(0x000000f373b00000,0x000000f373c00000) (1024K)]
  0x0000025ec6cc07c0 JavaThread "Thread-8"                   daemon [_thread_in_native, id=2952, stack(0x000000f373c00000,0x000000f373d00000) (1024K)]
  0x0000025ec6cbf410 JavaThread "Thread-9"                   daemon [_thread_in_native, id=15020, stack(0x000000f373d00000,0x000000f373e00000) (1024K)]
  0x0000025ec6cc14e0 JavaThread "Thread-10"                  daemon [_thread_in_native, id=23312, stack(0x000000f373e00000,0x000000f373f00000) (1024K)]
  0x0000025ec6cbed80 JavaThread "Thread-11"                  daemon [_thread_in_native, id=27524, stack(0x000000f373f00000,0x000000f374000000) (1024K)]
  0x0000025ec6cbe060 JavaThread "Thread-12"                  daemon [_thread_in_native, id=15460, stack(0x000000f374000000,0x000000f374100000) (1024K)]
  0x0000025ec80f47b0 JavaThread "Thread-13"                  daemon [_thread_in_native, id=18944, stack(0x000000f374100000,0x000000f374200000) (1024K)]
  0x0000025ec80f2d70 JavaThread "pool-2-thread-1"                   [_thread_blocked, id=14268, stack(0x000000f374200000,0x000000f374300000) (1024K)]
  0x0000025ec80f19c0 JavaThread "WorkspaceEventsHandler"            [_thread_blocked, id=23764, stack(0x000000f374300000,0x000000f374400000) (1024K)]
  0x0000025ec80f2050 JavaThread "pool-1-thread-1"                   [_thread_blocked, id=13240, stack(0x000000f374400000,0x000000f374500000) (1024K)]
  0x0000025ec80f54d0 JavaThread "Worker-4: Initialize Workspace"        [_thread_in_native, id=14500, stack(0x000000f374500000,0x000000f374600000) (1024K)]
Total: 41

Other Threads:
  0x0000025ee7cb4970 VMThread "VM Thread"                           [id=15576, stack(0x000000f371000000,0x000000f371100000) (1024K)]
  0x0000025ee7baca00 WatcherThread "VM Periodic Task Thread"        [id=9756, stack(0x000000f370f00000,0x000000f371000000) (1024K)]
  0x0000025ee7d3f7f0 WorkerThread "GC Thread#0"                     [id=1684, stack(0x000000f370e00000,0x000000f370f00000) (1024K)]
  0x0000025ec664c770 WorkerThread "GC Thread#1"                     [id=16024, stack(0x000000f371d00000,0x000000f371e00000) (1024K)]
  0x0000025ec65198b0 WorkerThread "GC Thread#2"                     [id=12148, stack(0x000000f371e00000,0x000000f371f00000) (1024K)]
  0x0000025ec6519c60 WorkerThread "GC Thread#3"                     [id=18216, stack(0x000000f371f00000,0x000000f372000000) (1024K)]
  0x0000025ec651a010 WorkerThread "GC Thread#4"                     [id=24500, stack(0x000000f372000000,0x000000f372100000) (1024K)]
  0x0000025ec68bd3e0 WorkerThread "GC Thread#5"                     [id=26024, stack(0x000000f372100000,0x000000f372200000) (1024K)]
  0x0000025ec68bd790 WorkerThread "GC Thread#6"                     [id=19112, stack(0x000000f372200000,0x000000f372300000) (1024K)]
  0x0000025ec68bd030 WorkerThread "GC Thread#7"                     [id=27392, stack(0x000000f372400000,0x000000f372500000) (1024K)]
  0x0000025ec68bdb40 WorkerThread "GC Thread#8"                     [id=4440, stack(0x000000f372800000,0x000000f372900000) (1024K)]
  0x0000025ec68bc520 WorkerThread "GC Thread#9"                     [id=20124, stack(0x000000f372900000,0x000000f372a00000) (1024K)]
Total: 12

Threads with active compile tasks:
C2 CompilerThread0  8473 6026   !   4       java.nio.file.FileTreeWalker::next (144 bytes)
Total: 1

VM state: not at safepoint (normal execution)

VM Mutex/Monitor currently owned by a thread: None

Heap address: 0x0000000080000000, size: 2048 MB, Compressed Oops mode: 32-bit

CDS archive(s) mapped at: [0x0000025e80000000-0x0000025e80ba0000-0x0000025e80ba0000), size 12189696, SharedBaseAddress: 0x0000025e80000000, ArchiveRelocationMode: 1.
Compressed class space mapped at: 0x0000025e81000000-0x0000025ec1000000, reserved size: 1073741824
Narrow klass base: 0x0000025e80000000, Narrow klass shift: 0, Narrow klass range: 0x100000000

GC Precious Log:
 CardTable entry size: 512
 CPUs: 12 total, 12 available
 Memory: 16170M
 Large Page Support: Disabled
 NUMA Support: Disabled
 Compressed Oops: Enabled (32-bit)
 Alignments: Space 512K, Generation 512K, Heap 2M
 Heap Min Capacity: 100M
 Heap Initial Capacity: 100M
 Heap Max Capacity: 2G
 Pre-touch: Disabled
 Parallel Workers: 10

Heap:
 PSYoungGen      total 23040K, used 3839K [0x00000000d5580000, 0x00000000d6f00000, 0x0000000100000000)
  eden space 22016K, 16% used [0x00000000d5580000,0x00000000d5907cb0,0x00000000d6b00000)
  from space 1024K, 21% used [0x00000000d6d80000,0x00000000d6db8000,0x00000000d6e80000)
  to   space 512K, 0% used [0x00000000d6e80000,0x00000000d6e80000,0x00000000d6f00000)
 ParOldGen       total 68608K, used 23307K [0x0000000080000000, 0x0000000084300000, 0x00000000d5580000)
  object space 68608K, 33% used [0x0000000080000000,0x00000000816c2e68,0x0000000084300000)
 Metaspace       used 44678K, committed 45888K, reserved 1114112K
  class space    used 4893K, committed 5440K, reserved 1048576K

Card table byte_map: [0x0000025ee76c0000,0x0000025ee7ad0000] _byte_map_base: 0x0000025ee72c0000

Marking Bits: (ParMarkBitMap*) 0x00007ffb2f863450
 Begin Bits: [0x0000025efa1d0000, 0x0000025efc1d0000)
 End Bits:   [0x0000025efc1d0000, 0x0000025efe1d0000)

Polling page: 0x0000025ee5890000

Metaspace:

Usage:
  Non-class:     38.85 MB used.
      Class:      4.78 MB used.
       Both:     43.63 MB used.

Virtual space:
  Non-class space:       64.00 MB reserved,      39.50 MB ( 62%) committed,  1 nodes.
      Class space:        1.00 GB reserved,       5.31 MB ( <1%) committed,  1 nodes.
             Both:        1.06 GB reserved,      44.81 MB (  4%) committed. 

Chunk freelists:
   Non-Class:  8.53 MB
       Class:  10.73 MB
        Both:  19.26 MB

MaxMetaspaceSize: unlimited
CompressedClassSpaceSize: 1.00 GB
Initial GC threshold: 21.00 MB
Current GC threshold: 58.38 MB
CDS: on
 - commit_granule_bytes: 65536.
 - commit_granule_words: 8192.
 - virtual_space_node_default_size: 8388608.
 - enlarge_chunks_in_place: 1.
 - use_allocation_guard: 0.


Internal statistics:

num_allocs_failed_limit: 6.
num_arena_births: 796.
num_arena_deaths: 14.
num_vsnodes_births: 2.
num_vsnodes_deaths: 0.
num_space_committed: 717.
num_space_uncommitted: 0.
num_chunks_returned_to_freelist: 20.
num_chunks_taken_from_freelist: 2701.
num_chunk_merges: 11.
num_chunk_splits: 1724.
num_chunks_enlarged: 1047.
num_inconsistent_stats: 0.

CodeHeap 'non-profiled nmethods': size=120000Kb used=3172Kb max_used=3172Kb free=116827Kb
 bounds [0x0000025ef29f0000, 0x0000025ef2d10000, 0x0000025ef9f20000]
CodeHeap 'profiled nmethods': size=120000Kb used=11369Kb max_used=11369Kb free=108630Kb
 bounds [0x0000025eeaf20000, 0x0000025eeba40000, 0x0000025ef2450000]
CodeHeap 'non-nmethods': size=5760Kb used=1360Kb max_used=1451Kb free=4400Kb
 bounds [0x0000025ef2450000, 0x0000025ef26c0000, 0x0000025ef29f0000]
CodeCache: size=245760Kb, used=15901Kb, max_used=15992Kb, free=229857Kb
 total_blobs=6132, nmethods=5473, adapters=565, full_count=0
Compilation: enabled, stopped_count=0, restarted_count=0

Compilation events (20 events):
Event: 6.310 Thread 0x0000025ee7ddc4d0 6023       3       sun.nio.fs.NativeBuffer$Deallocator::run (11 bytes)
Event: 6.311 Thread 0x0000025ee7ddc4d0 nmethod 6023 0x0000025eeba31110 code [0x0000025eeba312e0, 0x0000025eeba31600]
Event: 6.339 Thread 0x0000025ee7dda720 6024       4       java.util.ArrayDeque$DeqIterator::next (62 bytes)
Event: 6.340 Thread 0x0000025ee7dda720 nmethod 6024 0x0000025ef2d08610 code [0x0000025ef2d087a0, 0x0000025ef2d088f0]
Event: 6.340 Thread 0x0000025ee7dda720 6025       4       sun.nio.fs.WindowsFileAttributes::isSameFile (39 bytes)
Event: 6.341 Thread 0x0000025ee7dda720 nmethod 6025 0x0000025ef2d08a10 code [0x0000025ef2d08ba0, 0x0000025ef2d08c88]
Event: 6.341 Thread 0x0000025ee7dda720 6026   !   4       java.nio.file.FileTreeWalker::next (144 bytes)
Event: 6.343 Thread 0x0000025ee7ddc4d0 6027       3       org.eclipse.core.runtime.Path::hashCode (28 bytes)
Event: 6.343 Thread 0x0000025ee7ddc4d0 nmethod 6027 0x0000025eeba31790 code [0x0000025eeba31940, 0x0000025eeba31ae8]
Event: 7.082 Thread 0x0000025ee7ddc4d0 6030   !   3       org.eclipse.core.internal.jobs.JobManager::withWriteLock (70 bytes)
Event: 7.082 Thread 0x0000025ee7ddc4d0 nmethod 6030 0x0000025eeba31b90 code [0x0000025eeba31da0, 0x0000025eeba323b8]
Event: 7.316 Thread 0x0000025ee7ddc4d0 6031       3       java.lang.invoke.VarHandleGuards::guard_LII_Z (86 bytes)
Event: 7.318 Thread 0x0000025ee7ddc4d0 nmethod 6031 0x0000025eeba32690 code [0x0000025eeba329c0, 0x0000025eeba342d8]
Event: 7.318 Thread 0x0000025ee7ddc4d0 6032       3       java.lang.invoke.VarHandleInts$FieldInstanceReadWrite::compareAndSet (32 bytes)
Event: 7.319 Thread 0x0000025ee7ddc4d0 nmethod 6032 0x0000025eeba34b10 code [0x0000025eeba34d00, 0x0000025eeba35290]
Event: 7.333 Thread 0x0000025ee7ddc4d0 6035       3       java.util.concurrent.ScheduledThreadPoolExecutor$ScheduledFutureTask::compareTo (9 bytes)
Event: 7.333 Thread 0x0000025ee7ddc4d0 nmethod 6035 0x0000025eeba35490 code [0x0000025eeba35640, 0x0000025eeba358a0]
Event: 7.333 Thread 0x0000025ee7ddc4d0 6036       3       java.util.concurrent.ScheduledThreadPoolExecutor$ScheduledFutureTask::compareTo (101 bytes)
Event: 7.333 Thread 0x0000025ee7ddc4d0 nmethod 6036 0x0000025eeba35990 code [0x0000025eeba35bc0, 0x0000025eeba362d8]
Event: 7.333 Thread 0x0000025ee7ddc4d0 6037       3       java.lang.invoke.VarHandleGuards::guard_LI_V (123 bytes)

GC Heap History (20 events):
Event: 3.889 GC heap before
{Heap before GC invocations=12 (full 1):
 PSYoungGen      total 26112K, used 25790K [0x00000000d5580000, 0x00000000d7580000, 0x0000000100000000)
  eden space 23040K, 100% used [0x00000000d5580000,0x00000000d6c00000,0x00000000d6c00000)
  from space 3072K, 89% used [0x00000000d7280000,0x00000000d752f9f0,0x00000000d7580000)
  to   space 3584K, 0% used [0x00000000d6e80000,0x00000000d6e80000,0x00000000d7200000)
 ParOldGen       total 68608K, used 15220K [0x0000000080000000, 0x0000000084300000, 0x00000000d5580000)
  object space 68608K, 22% used [0x0000000080000000,0x0000000080edd0b0,0x0000000084300000)
 Metaspace       used 29721K, committed 30720K, reserved 1114112K
  class space    used 2943K, committed 3392K, reserved 1048576K
}
Event: 3.892 GC heap after
{Heap after GC invocations=12 (full 1):
 PSYoungGen      total 24576K, used 1939K [0x00000000d5580000, 0x00000000d7300000, 0x0000000100000000)
  eden space 22528K, 0% used [0x00000000d5580000,0x00000000d5580000,0x00000000d6b80000)
  from space 2048K, 94% used [0x00000000d6e80000,0x00000000d7064dc0,0x00000000d7080000)
  to   space 2560K, 0% used [0x00000000d7080000,0x00000000d7080000,0x00000000d7300000)
 ParOldGen       total 68608K, used 17792K [0x0000000080000000, 0x0000000084300000, 0x00000000d5580000)
  object space 68608K, 25% used [0x0000000080000000,0x00000000811603e0,0x0000000084300000)
 Metaspace       used 29721K, committed 30720K, reserved 1114112K
  class space    used 2943K, committed 3392K, reserved 1048576K
}
Event: 3.995 GC heap before
{Heap before GC invocations=13 (full 1):
 PSYoungGen      total 24576K, used 24467K [0x00000000d5580000, 0x00000000d7300000, 0x0000000100000000)
  eden space 22528K, 100% used [0x00000000d5580000,0x00000000d6b80000,0x00000000d6b80000)
  from space 2048K, 94% used [0x00000000d6e80000,0x00000000d7064dc0,0x00000000d7080000)
  to   space 2560K, 0% used [0x00000000d7080000,0x00000000d7080000,0x00000000d7300000)
 ParOldGen       total 68608K, used 17792K [0x0000000080000000, 0x0000000084300000, 0x00000000d5580000)
  object space 68608K, 25% used [0x0000000080000000,0x00000000811603e0,0x0000000084300000)
 Metaspace       used 32529K, committed 33472K, reserved 1114112K
  class space    used 3321K, committed 3712K, reserved 1048576K
}
Event: 3.997 GC heap after
{Heap after GC invocations=13 (full 1):
 PSYoungGen      total 24064K, used 1888K [0x00000000d5580000, 0x00000000d7280000, 0x0000000100000000)
  eden space 22016K, 0% used [0x00000000d5580000,0x00000000d5580000,0x00000000d6b00000)
  from space 2048K, 92% used [0x00000000d7080000,0x00000000d7258000,0x00000000d7280000)
  to   space 2048K, 0% used [0x00000000d6e80000,0x00000000d6e80000,0x00000000d7080000)
 ParOldGen       total 68608K, used 19431K [0x0000000080000000, 0x0000000084300000, 0x00000000d5580000)
  object space 68608K, 28% used [0x0000000080000000,0x00000000812f9ca8,0x0000000084300000)
 Metaspace       used 32529K, committed 33472K, reserved 1114112K
  class space    used 3321K, committed 3712K, reserved 1048576K
}
Event: 4.106 GC heap before
{Heap before GC invocations=14 (full 1):
 PSYoungGen      total 24064K, used 20321K [0x00000000d5580000, 0x00000000d7280000, 0x0000000100000000)
  eden space 22016K, 83% used [0x00000000d5580000,0x00000000d6780468,0x00000000d6b00000)
  from space 2048K, 92% used [0x00000000d7080000,0x00000000d7258000,0x00000000d7280000)
  to   space 2048K, 0% used [0x00000000d6e80000,0x00000000d6e80000,0x00000000d7080000)
 ParOldGen       total 68608K, used 19431K [0x0000000080000000, 0x0000000084300000, 0x00000000d5580000)
  object space 68608K, 28% used [0x0000000080000000,0x00000000812f9ca8,0x0000000084300000)
 Metaspace       used 34804K, committed 35840K, reserved 1114112K
  class space    used 3629K, committed 4096K, reserved 1048576K
}
Event: 4.108 GC heap after
{Heap after GC invocations=14 (full 1):
 PSYoungGen      total 23552K, used 1040K [0x00000000d5580000, 0x00000000d7100000, 0x0000000100000000)
  eden space 22016K, 0% used [0x00000000d5580000,0x00000000d5580000,0x00000000d6b00000)
  from space 1536K, 67% used [0x00000000d6e80000,0x00000000d6f84010,0x00000000d7000000)
  to   space 1024K, 0% used [0x00000000d7000000,0x00000000d7000000,0x00000000d7100000)
 ParOldGen       total 68608K, used 21109K [0x0000000080000000, 0x0000000084300000, 0x00000000d5580000)
  object space 68608K, 30% used [0x0000000080000000,0x000000008149d5b8,0x0000000084300000)
 Metaspace       used 34804K, committed 35840K, reserved 1114112K
  class space    used 3629K, committed 4096K, reserved 1048576K
}
Event: 4.108 GC heap before
{Heap before GC invocations=15 (full 2):
 PSYoungGen      total 23552K, used 1040K [0x00000000d5580000, 0x00000000d7100000, 0x0000000100000000)
  eden space 22016K, 0% used [0x00000000d5580000,0x00000000d5580000,0x00000000d6b00000)
  from space 1536K, 67% used [0x00000000d6e80000,0x00000000d6f84010,0x00000000d7000000)
  to   space 1024K, 0% used [0x00000000d7000000,0x00000000d7000000,0x00000000d7100000)
 ParOldGen       total 68608K, used 21109K [0x0000000080000000, 0x0000000084300000, 0x00000000d5580000)
  object space 68608K, 30% used [0x0000000080000000,0x000000008149d5b8,0x0000000084300000)
 Metaspace       used 34804K, committed 35840K, reserved 1114112K
  class space    used 3629K, committed 4096K, reserved 1048576K
}
Event: 4.135 GC heap after
{Heap after GC invocations=15 (full 2):
 PSYoungGen      total 23552K, used 0K [0x00000000d5580000, 0x00000000d7100000, 0x0000000100000000)
  eden space 22016K, 0% used [0x00000000d5580000,0x00000000d5580000,0x00000000d6b00000)
  from space 1536K, 0% used [0x00000000d6e80000,0x00000000d6e80000,0x00000000d7000000)
  to   space 1024K, 0% used [0x00000000d7000000,0x00000000d7000000,0x00000000d7100000)
 ParOldGen       total 68608K, used 19265K [0x0000000080000000, 0x0000000084300000, 0x00000000d5580000)
  object space 68608K, 28% used [0x0000000080000000,0x00000000812d0428,0x0000000084300000)
 Metaspace       used 34804K, committed 35840K, reserved 1114112K
  class space    used 3629K, committed 4096K, reserved 1048576K
}
Event: 4.355 GC heap before
{Heap before GC invocations=16 (full 2):
 PSYoungGen      total 23552K, used 22016K [0x00000000d5580000, 0x00000000d7100000, 0x0000000100000000)
  eden space 22016K, 100% used [0x00000000d5580000,0x00000000d6b00000,0x00000000d6b00000)
  from space 1536K, 0% used [0x00000000d6e80000,0x00000000d6e80000,0x00000000d7000000)
  to   space 1024K, 0% used [0x00000000d7000000,0x00000000d7000000,0x00000000d7100000)
 ParOldGen       total 68608K, used 19265K [0x0000000080000000, 0x0000000084300000, 0x00000000d5580000)
  object space 68608K, 28% used [0x0000000080000000,0x00000000812d0428,0x0000000084300000)
 Metaspace       used 36285K, committed 37376K, reserved 1114112K
  class space    used 3837K, committed 4288K, reserved 1048576K
}
Event: 4.356 GC heap after
{Heap after GC invocations=16 (full 2):
 PSYoungGen      total 23040K, used 832K [0x00000000d5580000, 0x00000000d7100000, 0x0000000100000000)
  eden space 22016K, 0% used [0x00000000d5580000,0x00000000d5580000,0x00000000d6b00000)
  from space 1024K, 81% used [0x00000000d7000000,0x00000000d70d0000,0x00000000d7100000)
  to   space 1024K, 0% used [0x00000000d6f00000,0x00000000d6f00000,0x00000000d7000000)
 ParOldGen       total 68608K, used 19273K [0x0000000080000000, 0x0000000084300000, 0x00000000d5580000)
  object space 68608K, 28% used [0x0000000080000000,0x00000000812d2428,0x0000000084300000)
 Metaspace       used 36285K, committed 37376K, reserved 1114112K
  class space    used 3837K, committed 4288K, reserved 1048576K
}
Event: 4.603 GC heap before
{Heap before GC invocations=17 (full 2):
 PSYoungGen      total 23040K, used 22848K [0x00000000d5580000, 0x00000000d7100000, 0x0000000100000000)
  eden space 22016K, 100% used [0x00000000d5580000,0x00000000d6b00000,0x00000000d6b00000)
  from space 1024K, 81% used [0x00000000d7000000,0x00000000d70d0000,0x00000000d7100000)
  to   space 1024K, 0% used [0x00000000d6f00000,0x00000000d6f00000,0x00000000d7000000)
 ParOldGen       total 68608K, used 19273K [0x0000000080000000, 0x0000000084300000, 0x00000000d5580000)
  object space 68608K, 28% used [0x0000000080000000,0x00000000812d2428,0x0000000084300000)
 Metaspace       used 38245K, committed 39360K, reserved 1114112K
  class space    used 4098K, committed 4544K, reserved 1048576K
}
Event: 4.604 GC heap after
{Heap after GC invocations=17 (full 2):
 PSYoungGen      total 23040K, used 768K [0x00000000d5580000, 0x00000000d7080000, 0x0000000100000000)
  eden space 22016K, 0% used [0x00000000d5580000,0x00000000d5580000,0x00000000d6b00000)
  from space 1024K, 75% used [0x00000000d6f00000,0x00000000d6fc0000,0x00000000d7000000)
  to   space 512K, 0% used [0x00000000d7000000,0x00000000d7000000,0x00000000d7080000)
 ParOldGen       total 68608K, used 19857K [0x0000000080000000, 0x0000000084300000, 0x00000000d5580000)
  object space 68608K, 28% used [0x0000000080000000,0x0000000081364428,0x0000000084300000)
 Metaspace       used 38245K, committed 39360K, reserved 1114112K
  class space    used 4098K, committed 4544K, reserved 1048576K
}
Event: 4.869 GC heap before
{Heap before GC invocations=18 (full 2):
 PSYoungGen      total 23040K, used 22784K [0x00000000d5580000, 0x00000000d7080000, 0x0000000100000000)
  eden space 22016K, 100% used [0x00000000d5580000,0x00000000d6b00000,0x00000000d6b00000)
  from space 1024K, 75% used [0x00000000d6f00000,0x00000000d6fc0000,0x00000000d7000000)
  to   space 512K, 0% used [0x00000000d7000000,0x00000000d7000000,0x00000000d7080000)
 ParOldGen       total 68608K, used 19857K [0x0000000080000000, 0x0000000084300000, 0x00000000d5580000)
  object space 68608K, 28% used [0x0000000080000000,0x0000000081364428,0x0000000084300000)
 Metaspace       used 40739K, committed 41792K, reserved 1114112K
  class space    used 4420K, committed 4864K, reserved 1048576K
}
Event: 4.870 GC heap after
{Heap after GC invocations=18 (full 2):
 PSYoungGen      total 22528K, used 512K [0x00000000d5580000, 0x00000000d7080000, 0x0000000100000000)
  eden space 22016K, 0% used [0x00000000d5580000,0x00000000d5580000,0x00000000d6b00000)
  from space 512K, 100% used [0x00000000d7000000,0x00000000d7080000,0x00000000d7080000)
  to   space 2048K, 0% used [0x00000000d6c80000,0x00000000d6c80000,0x00000000d6e80000)
 ParOldGen       total 68608K, used 21153K [0x0000000080000000, 0x0000000084300000, 0x00000000d5580000)
  object space 68608K, 30% used [0x0000000080000000,0x00000000814a8448,0x0000000084300000)
 Metaspace       used 40739K, committed 41792K, reserved 1114112K
  class space    used 4420K, committed 4864K, reserved 1048576K
}
Event: 5.273 GC heap before
{Heap before GC invocations=19 (full 2):
 PSYoungGen      total 22528K, used 22514K [0x00000000d5580000, 0x00000000d7080000, 0x0000000100000000)
  eden space 22016K, 99% used [0x00000000d5580000,0x00000000d6afc8c8,0x00000000d6b00000)
  from space 512K, 100% used [0x00000000d7000000,0x00000000d7080000,0x00000000d7080000)
  to   space 2048K, 0% used [0x00000000d6c80000,0x00000000d6c80000,0x00000000d6e80000)
 ParOldGen       total 68608K, used 21153K [0x0000000080000000, 0x0000000084300000, 0x00000000d5580000)
  object space 68608K, 30% used [0x0000000080000000,0x00000000814a8448,0x0000000084300000)
 Metaspace       used 43413K, committed 44544K, reserved 1114112K
  class space    used 4755K, committed 5248K, reserved 1048576K
}
Event: 5.275 GC heap after
{Heap after GC invocations=19 (full 2):
 PSYoungGen      total 24064K, used 1395K [0x00000000d5580000, 0x00000000d7080000, 0x0000000100000000)
  eden space 22016K, 0% used [0x00000000d5580000,0x00000000d5580000,0x00000000d6b00000)
  from space 2048K, 68% used [0x00000000d6c80000,0x00000000d6ddcd68,0x00000000d6e80000)
  to   space 2048K, 0% used [0x00000000d6e80000,0x00000000d6e80000,0x00000000d7080000)
 ParOldGen       total 68608K, used 21680K [0x0000000080000000, 0x0000000084300000, 0x00000000d5580000)
  object space 68608K, 31% used [0x0000000080000000,0x000000008152c148,0x0000000084300000)
 Metaspace       used 43413K, committed 44544K, reserved 1114112K
  class space    used 4755K, committed 5248K, reserved 1048576K
}
Event: 5.784 GC heap before
{Heap before GC invocations=20 (full 2):
 PSYoungGen      total 24064K, used 23411K [0x00000000d5580000, 0x00000000d7080000, 0x0000000100000000)
  eden space 22016K, 100% used [0x00000000d5580000,0x00000000d6b00000,0x00000000d6b00000)
  from space 2048K, 68% used [0x00000000d6c80000,0x00000000d6ddcd68,0x00000000d6e80000)
  to   space 2048K, 0% used [0x00000000d6e80000,0x00000000d6e80000,0x00000000d7080000)
 ParOldGen       total 68608K, used 21680K [0x0000000080000000, 0x0000000084300000, 0x00000000d5580000)
  object space 68608K, 31% used [0x0000000080000000,0x000000008152c148,0x0000000084300000)
 Metaspace       used 44667K, committed 45888K, reserved 1114112K
  class space    used 4893K, committed 5440K, reserved 1048576K
}
Event: 5.785 GC heap after
{Heap after GC invocations=20 (full 2):
 PSYoungGen      total 23040K, used 688K [0x00000000d5580000, 0x00000000d6f80000, 0x0000000100000000)
  eden space 22016K, 0% used [0x00000000d5580000,0x00000000d5580000,0x00000000d6b00000)
  from space 1024K, 67% used [0x00000000d6e80000,0x00000000d6f2c010,0x00000000d6f80000)
  to   space 1024K, 0% used [0x00000000d6d80000,0x00000000d6d80000,0x00000000d6e80000)
 ParOldGen       total 68608K, used 22781K [0x0000000080000000, 0x0000000084300000, 0x00000000d5580000)
  object space 68608K, 33% used [0x0000000080000000,0x000000008163f680,0x0000000084300000)
 Metaspace       used 44667K, committed 45888K, reserved 1114112K
  class space    used 4893K, committed 5440K, reserved 1048576K
}
Event: 6.418 GC heap before
{Heap before GC invocations=21 (full 2):
 PSYoungGen      total 23040K, used 22704K [0x00000000d5580000, 0x00000000d6f80000, 0x0000000100000000)
  eden space 22016K, 100% used [0x00000000d5580000,0x00000000d6b00000,0x00000000d6b00000)
  from space 1024K, 67% used [0x00000000d6e80000,0x00000000d6f2c010,0x00000000d6f80000)
  to   space 1024K, 0% used [0x00000000d6d80000,0x00000000d6d80000,0x00000000d6e80000)
 ParOldGen       total 68608K, used 22781K [0x0000000080000000, 0x0000000084300000, 0x00000000d5580000)
  object space 68608K, 33% used [0x0000000080000000,0x000000008163f680,0x0000000084300000)
 Metaspace       used 44671K, committed 45888K, reserved 1114112K
  class space    used 4893K, committed 5440K, reserved 1048576K
}
Event: 6.418 GC heap after
{Heap after GC invocations=21 (full 2):
 PSYoungGen      total 23040K, used 224K [0x00000000d5580000, 0x00000000d6f00000, 0x0000000100000000)
  eden space 22016K, 0% used [0x00000000d5580000,0x00000000d5580000,0x00000000d6b00000)
  from space 1024K, 21% used [0x00000000d6d80000,0x00000000d6db8000,0x00000000d6e80000)
  to   space 512K, 0% used [0x00000000d6e80000,0x00000000d6e80000,0x00000000d6f00000)
 ParOldGen       total 68608K, used 23307K [0x0000000080000000, 0x0000000084300000, 0x00000000d5580000)
  object space 68608K, 33% used [0x0000000080000000,0x00000000816c2e68,0x0000000084300000)
 Metaspace       used 44671K, committed 45888K, reserved 1114112K
  class space    used 4893K, committed 5440K, reserved 1048576K
}

Dll operation events (10 events):
Event: 0.011 Loaded shared library c:\Users\minnh\.vscode\extensions\redhat.java-1.53.0-win32-x64\jre\21.0.10-win32-x86_64\bin\java.dll
Event: 0.036 Loaded shared library c:\Users\minnh\.vscode\extensions\redhat.java-1.53.0-win32-x64\jre\21.0.10-win32-x86_64\bin\zip.dll
Event: 0.101 Loaded shared library C:\Users\minnh\.vscode\extensions\redhat.java-1.53.0-win32-x64\jre\21.0.10-win32-x86_64\bin\instrument.dll
Event: 0.106 Loaded shared library C:\Users\minnh\.vscode\extensions\redhat.java-1.53.0-win32-x64\jre\21.0.10-win32-x86_64\bin\net.dll
Event: 0.109 Loaded shared library C:\Users\minnh\.vscode\extensions\redhat.java-1.53.0-win32-x64\jre\21.0.10-win32-x86_64\bin\nio.dll
Event: 0.112 Loaded shared library C:\Users\minnh\.vscode\extensions\redhat.java-1.53.0-win32-x64\jre\21.0.10-win32-x86_64\bin\zip.dll
Event: 0.128 Loaded shared library C:\Users\minnh\.vscode\extensions\redhat.java-1.53.0-win32-x64\jre\21.0.10-win32-x86_64\bin\jimage.dll
Event: 0.208 Loaded shared library c:\Users\minnh\.vscode\extensions\redhat.java-1.53.0-win32-x64\jre\21.0.10-win32-x86_64\bin\verify.dll
Event: 1.522 Loaded shared library C:\Users\minnh\AppData\Roaming\Code\User\globalStorage\redhat.java\1.53.0\config_win\org.eclipse.equinox.launcher\org.eclipse.equinox.launcher.win32.win32.x86_64_1.3.0.v20260203-2149\eclipse_11919.dll
Event: 3.801 Loaded shared library C:\Users\minnh\AppData\Local\Temp\jna-103901068\jna7990346005638300345.dll

Deoptimization events (20 events):
Event: 5.728 Thread 0x0000025ec80f54d0 DEOPT PACKING pc=0x0000025ef2a839c0 sp=0x000000f3745fecd0
Event: 5.728 Thread 0x0000025ec80f54d0 DEOPT UNPACKING pc=0x0000025ef24a3aa2 sp=0x000000f3745febc8 mode 2
Event: 5.728 Thread 0x0000025ec80f54d0 Uncommon trap: trap_request=0xffffff45 fr.pc=0x0000025ef2ae0a10 relative=0x0000000000000450
Event: 5.728 Thread 0x0000025ec80f54d0 Uncommon trap: reason=unstable_if action=reinterpret pc=0x0000025ef2ae0a10 method=java.lang.AbstractStringBuilder.isLatin1()Z @ 10 c2
Event: 5.728 Thread 0x0000025ec80f54d0 DEOPT PACKING pc=0x0000025ef2ae0a10 sp=0x000000f3745fece0
Event: 5.728 Thread 0x0000025ec80f54d0 DEOPT UNPACKING pc=0x0000025ef24a3aa2 sp=0x000000f3745fec38 mode 2
Event: 5.728 Thread 0x0000025ec80f54d0 Uncommon trap: trap_request=0xffffff45 fr.pc=0x0000025ef2a57430 relative=0x00000000000001f0
Event: 5.728 Thread 0x0000025ec80f54d0 Uncommon trap: reason=unstable_if action=reinterpret pc=0x0000025ef2a57430 method=java.lang.String.startsWith(Ljava/lang/String;I)Z @ 50 c2
Event: 5.728 Thread 0x0000025ec80f54d0 DEOPT PACKING pc=0x0000025ef2a57430 sp=0x000000f3745feac0
Event: 5.728 Thread 0x0000025ec80f54d0 DEOPT UNPACKING pc=0x0000025ef24a3aa2 sp=0x000000f3745fea48 mode 2
Event: 5.737 Thread 0x0000025ec80f54d0 DEOPT PACKING pc=0x0000025eeb9edd8b sp=0x000000f3745febb0
Event: 5.737 Thread 0x0000025ec80f54d0 DEOPT UNPACKING pc=0x0000025ef24a4242 sp=0x000000f3745fe098 mode 0
Event: 6.106 Thread 0x0000025ec80f54d0 Uncommon trap: trap_request=0xffffff45 fr.pc=0x0000025ef2cb7720 relative=0x00000000000001c0
Event: 6.106 Thread 0x0000025ec80f54d0 Uncommon trap: reason=unstable_if action=reinterpret pc=0x0000025ef2cb7720 method=java.util.regex.Pattern$SliceU.match(Ljava/util/regex/Matcher;ILjava/lang/CharSequence;)Z @ 18 c2
Event: 6.106 Thread 0x0000025ec80f54d0 DEOPT PACKING pc=0x0000025ef2cb7720 sp=0x000000f3745fec80
Event: 6.106 Thread 0x0000025ec80f54d0 DEOPT UNPACKING pc=0x0000025ef24a3aa2 sp=0x000000f3745fec08 mode 2
Event: 6.106 Thread 0x0000025ec80f54d0 Uncommon trap: trap_request=0xffffff45 fr.pc=0x0000025ef2cfacb8 relative=0x00000000000000f8
Event: 6.106 Thread 0x0000025ec80f54d0 Uncommon trap: reason=unstable_if action=reinterpret pc=0x0000025ef2cfacb8 method=java.util.regex.Pattern$Begin.match(Ljava/util/regex/Matcher;ILjava/lang/CharSequence;)Z @ 33 c2
Event: 6.106 Thread 0x0000025ec80f54d0 DEOPT PACKING pc=0x0000025ef2cfacb8 sp=0x000000f3745fed40
Event: 6.106 Thread 0x0000025ec80f54d0 DEOPT UNPACKING pc=0x0000025ef24a3aa2 sp=0x000000f3745fecc8 mode 2

Classes loaded (20 events):
Event: 5.437 Loading class java/nio/file/FileTreeWalker$DirectoryNode
Event: 5.437 Loading class java/nio/file/FileTreeWalker$DirectoryNode done
Event: 5.437 Loading class java/nio/file/FileTreeWalker$Event
Event: 5.437 Loading class java/nio/file/FileTreeWalker$Event done
Event: 5.437 Loading class java/nio/file/FileTreeWalker$EventType
Event: 5.437 Loading class java/nio/file/FileTreeWalker$EventType done
Event: 5.437 Loading class java/nio/file/Files$3
Event: 5.437 Loading class java/nio/file/Files$3 done
Event: 5.437 Loading class sun/nio/fs/Globs
Event: 5.438 Loading class sun/nio/fs/Globs done
Event: 5.438 Loading class java/util/regex/Pattern$SliceU
Event: 5.438 Loading class java/util/regex/Pattern$SliceU done
Event: 5.438 Loading class sun/nio/fs/WindowsFileSystem$2
Event: 5.438 Loading class java/nio/file/PathMatcher
Event: 5.438 Loading class java/nio/file/PathMatcher done
Event: 5.438 Loading class sun/nio/fs/WindowsFileSystem$2 done
Event: 5.438 Loading class sun/nio/fs/WindowsException
Event: 5.439 Loading class sun/nio/fs/WindowsException done
Event: 5.439 Loading class java/nio/file/FileVisitResult
Event: 5.439 Loading class java/nio/file/FileVisitResult done

Classes unloaded (7 events):
Event: 3.282 Thread 0x0000025ee7cb4970 Unloading class 0x0000025e811a4400 'java/lang/invoke/LambdaForm$MH+0x0000025e811a4400'
Event: 3.282 Thread 0x0000025ee7cb4970 Unloading class 0x0000025e811a4000 'java/lang/invoke/LambdaForm$MH+0x0000025e811a4000'
Event: 3.282 Thread 0x0000025ee7cb4970 Unloading class 0x0000025e811a3c00 'java/lang/invoke/LambdaForm$MH+0x0000025e811a3c00'
Event: 3.282 Thread 0x0000025ee7cb4970 Unloading class 0x0000025e811a3800 'java/lang/invoke/LambdaForm$MH+0x0000025e811a3800'
Event: 3.282 Thread 0x0000025ee7cb4970 Unloading class 0x0000025e811a3400 'java/lang/invoke/LambdaForm$BMH+0x0000025e811a3400'
Event: 3.282 Thread 0x0000025ee7cb4970 Unloading class 0x0000025e811a3000 'java/lang/invoke/LambdaForm$DMH+0x0000025e811a3000'
Event: 3.282 Thread 0x0000025ee7cb4970 Unloading class 0x0000025e811a2000 'java/lang/invoke/LambdaForm$DMH+0x0000025e811a2000'

Classes redefined (0 events):
No events

Internal exceptions (20 events):
Event: 6.475 Thread 0x0000025ec80f54d0 Exception <a 'sun/nio/fs/WindowsException'{0x00000000d5851f50}> (0x00000000d5851f50) 
thrown [s\src\hotspot\share\prims\jni.cpp, line 520]
Event: 6.475 Thread 0x0000025ec80f54d0 Exception <a 'sun/nio/fs/WindowsException'{0x00000000d58524d8}> (0x00000000d58524d8) 
thrown [s\src\hotspot\share\prims\jni.cpp, line 520]
Event: 6.475 Thread 0x0000025ec80f54d0 Exception <a 'sun/nio/fs/WindowsException'{0x00000000d5852a60}> (0x00000000d5852a60) 
thrown [s\src\hotspot\share\prims\jni.cpp, line 520]
Event: 6.475 Thread 0x0000025ec80f54d0 Exception <a 'sun/nio/fs/WindowsException'{0x00000000d5853000}> (0x00000000d5853000) 
thrown [s\src\hotspot\share\prims\jni.cpp, line 520]
Event: 6.475 Thread 0x0000025ec80f54d0 Exception <a 'sun/nio/fs/WindowsException'{0x00000000d58568e0}> (0x00000000d58568e0) 
thrown [s\src\hotspot\share\prims\jni.cpp, line 520]
Event: 6.475 Thread 0x0000025ec80f54d0 Exception <a 'sun/nio/fs/WindowsException'{0x00000000d5856e58}> (0x00000000d5856e58) 
thrown [s\src\hotspot\share\prims\jni.cpp, line 520]
Event: 6.475 Thread 0x0000025ec80f54d0 Exception <a 'sun/nio/fs/WindowsException'{0x00000000d58573d0}> (0x00000000d58573d0) 
thrown [s\src\hotspot\share\prims\jni.cpp, line 520]
Event: 6.475 Thread 0x0000025ec80f54d0 Exception <a 'sun/nio/fs/WindowsException'{0x00000000d5857968}> (0x00000000d5857968) 
thrown [s\src\hotspot\share\prims\jni.cpp, line 520]
Event: 6.475 Thread 0x0000025ec80f54d0 Exception <a 'sun/nio/fs/WindowsException'{0x00000000d585b400}> (0x00000000d585b400) 
thrown [s\src\hotspot\share\prims\jni.cpp, line 520]
Event: 6.475 Thread 0x0000025ec80f54d0 Exception <a 'sun/nio/fs/WindowsException'{0x00000000d585b978}> (0x00000000d585b978) 
thrown [s\src\hotspot\share\prims\jni.cpp, line 520]
Event: 6.475 Thread 0x0000025ec80f54d0 Exception <a 'sun/nio/fs/WindowsException'{0x00000000d585bef0}> (0x00000000d585bef0) 
thrown [s\src\hotspot\share\prims\jni.cpp, line 520]
Event: 6.475 Thread 0x0000025ec80f54d0 Exception <a 'sun/nio/fs/WindowsException'{0x00000000d585c488}> (0x00000000d585c488) 
thrown [s\src\hotspot\share\prims\jni.cpp, line 520]
Event: 6.476 Thread 0x0000025ec80f54d0 Exception <a 'sun/nio/fs/WindowsException'{0x00000000d585ffb0}> (0x00000000d585ffb0) 
thrown [s\src\hotspot\share\prims\jni.cpp, line 520]
Event: 6.476 Thread 0x0000025ec80f54d0 Exception <a 'sun/nio/fs/WindowsException'{0x00000000d5860528}> (0x00000000d5860528) 
thrown [s\src\hotspot\share\prims\jni.cpp, line 520]
Event: 6.476 Thread 0x0000025ec80f54d0 Exception <a 'sun/nio/fs/WindowsException'{0x00000000d5860aa0}> (0x00000000d5860aa0) 
thrown [s\src\hotspot\share\prims\jni.cpp, line 520]
Event: 6.476 Thread 0x0000025ec80f54d0 Exception <a 'sun/nio/fs/WindowsException'{0x00000000d5861038}> (0x00000000d5861038) 
thrown [s\src\hotspot\share\prims\jni.cpp, line 520]
Event: 6.476 Thread 0x0000025ec80f54d0 Exception <a 'sun/nio/fs/WindowsException'{0x00000000d5864590}> (0x00000000d5864590) 
thrown [s\src\hotspot\share\prims\jni.cpp, line 520]
Event: 6.476 Thread 0x0000025ec80f54d0 Exception <a 'sun/nio/fs/WindowsException'{0x00000000d5864ab8}> (0x00000000d5864ab8) 
thrown [s\src\hotspot\share\prims\jni.cpp, line 520]
Event: 6.476 Thread 0x0000025ec80f54d0 Exception <a 'sun/nio/fs/WindowsException'{0x00000000d5864fe0}> (0x00000000d5864fe0) 
thrown [s\src\hotspot\share\prims\jni.cpp, line 520]
Event: 6.476 Thread 0x0000025ec80f54d0 Exception <a 'sun/nio/fs/WindowsException'{0x00000000d5865520}> (0x00000000d5865520) 
thrown [s\src\hotspot\share\prims\jni.cpp, line 520]

ZGC Phase Switch (0 events):
No events

VM Operations (20 events):
Event: 4.590 Executing non-safepoint VM operation: HandshakeAllThreads (Deoptimize) done
Event: 4.603 Executing safepoint VM operation: ParallelGCFailedAllocation (Allocation Failure)
Event: 4.604 Executing safepoint VM operation: ParallelGCFailedAllocation (Allocation Failure) done
Event: 4.675 Executing non-safepoint VM operation: HandshakeAllThreads (Deoptimize)
Event: 4.675 Executing non-safepoint VM operation: HandshakeAllThreads (Deoptimize) done
Event: 4.829 Executing non-safepoint VM operation: HandshakeAllThreads (Deoptimize)
Event: 4.829 Executing non-safepoint VM operation: HandshakeAllThreads (Deoptimize) done
Event: 4.869 Executing safepoint VM operation: ParallelGCFailedAllocation (Allocation Failure)
Event: 4.870 Executing safepoint VM operation: ParallelGCFailedAllocation (Allocation Failure) done
Event: 5.122 Executing safepoint VM operation: ICBufferFull
Event: 5.122 Executing safepoint VM operation: ICBufferFull done
Event: 5.269 Executing non-safepoint VM operation: HandshakeAllThreads (Deoptimize)
Event: 5.269 Executing non-safepoint VM operation: HandshakeAllThreads (Deoptimize) done
Event: 5.273 Executing safepoint VM operation: ParallelGCFailedAllocation (Allocation Failure)
Event: 5.275 Executing safepoint VM operation: ParallelGCFailedAllocation (Allocation Failure) done
Event: 5.784 Executing safepoint VM operation: ParallelGCFailedAllocation (Allocation Failure)
Event: 5.785 Executing safepoint VM operation: ParallelGCFailedAllocation (Allocation Failure) done
Event: 6.418 Executing safepoint VM operation: ParallelGCFailedAllocation (Allocation Failure)
Event: 6.418 Executing safepoint VM operation: ParallelGCFailedAllocation (Allocation Failure) done
Event: 7.423 Executing safepoint VM operation: Cleanup

Memory protections (0 events):
No events

Nmethod flushes (20 events):
Event: 4.121 Thread 0x0000025ee7cb4970 flushing  nmethod 0x0000025eeb53c590
Event: 4.121 Thread 0x0000025ee7cb4970 flushing  nmethod 0x0000025eeb53d790
Event: 4.121 Thread 0x0000025ee7cb4970 flushing  nmethod 0x0000025eeb53df90
Event: 4.121 Thread 0x0000025ee7cb4970 flushing  nmethod 0x0000025eeb53e710
Event: 4.121 Thread 0x0000025ee7cb4970 flushing  nmethod 0x0000025eeb53fc90
Event: 4.121 Thread 0x0000025ee7cb4970 flushing  nmethod 0x0000025eeb540190
Event: 4.121 Thread 0x0000025ee7cb4970 flushing  nmethod 0x0000025eeb540d10
Event: 4.121 Thread 0x0000025ee7cb4970 flushing  nmethod 0x0000025eeb541610
Event: 4.121 Thread 0x0000025ee7cb4970 flushing  nmethod 0x0000025eeb543610
Event: 4.121 Thread 0x0000025ee7cb4970 flushing  nmethod 0x0000025eeb544290
Event: 4.121 Thread 0x0000025ee7cb4970 flushing  nmethod 0x0000025eeb544d10
Event: 4.121 Thread 0x0000025ee7cb4970 flushing  nmethod 0x0000025eeb545010
Event: 4.121 Thread 0x0000025ee7cb4970 flushing  nmethod 0x0000025eeb562610
Event: 4.121 Thread 0x0000025ee7cb4970 flushing  nmethod 0x0000025eeb56d190
Event: 4.121 Thread 0x0000025ee7cb4970 flushing  nmethod 0x0000025eeb57e490
Event: 4.121 Thread 0x0000025ee7cb4970 flushing  nmethod 0x0000025eeb580490
Event: 4.121 Thread 0x0000025ee7cb4970 flushing  nmethod 0x0000025eeb588c10
Event: 4.121 Thread 0x0000025ee7cb4970 flushing  nmethod 0x0000025eeb5f9c10
Event: 4.121 Thread 0x0000025ee7cb4970 flushing  nmethod 0x0000025eeb64e410
Event: 4.121 Thread 0x0000025ee7cb4970 flushing  nmethod 0x0000025eeb65db10

Events (20 events):
Event: 3.889 Thread 0x0000025ec6bfb650 Thread added: 0x0000025ec6bfd720
Event: 3.911 Thread 0x0000025ee58eeb00 Thread added: 0x0000025ec6bfc370
Event: 3.911 Thread 0x0000025ee58eeb00 Thread added: 0x0000025ec6bfa930
Event: 3.911 Thread 0x0000025ee58eeb00 Thread added: 0x0000025ec6bfafc0
Event: 3.912 Thread 0x0000025ee58eeb00 Thread added: 0x0000025ec6cc0130
Event: 3.912 Thread 0x0000025ee58eeb00 Thread added: 0x0000025ec6cbfaa0
Event: 3.912 Thread 0x0000025ee58eeb00 Thread added: 0x0000025ec6cc0e50
Event: 3.912 Thread 0x0000025ee58eeb00 Thread added: 0x0000025ec6cbe6f0
Event: 3.912 Thread 0x0000025ee58eeb00 Thread added: 0x0000025ec6cc07c0
Event: 3.912 Thread 0x0000025ee58eeb00 Thread added: 0x0000025ec6cbf410
Event: 3.912 Thread 0x0000025ee58eeb00 Thread added: 0x0000025ec6cc14e0
Event: 3.912 Thread 0x0000025ee58eeb00 Thread added: 0x0000025ec6cbed80
Event: 3.912 Thread 0x0000025ee58eeb00 Thread added: 0x0000025ec6cbe060
Event: 3.912 Thread 0x0000025ee58eeb00 Thread added: 0x0000025ec80f47b0
Event: 3.929 Thread 0x0000025ee58eeb00 Thread added: 0x0000025ec80f2d70
Event: 4.044 Thread 0x0000025ee58eeb00 Thread added: 0x0000025ec80f19c0
Event: 4.044 Thread 0x0000025ee58eeb00 Thread added: 0x0000025ec80f2050
Event: 4.373 Thread 0x0000025ec6bfca00 Thread added: 0x0000025ec80f54d0
Event: 6.002 Thread 0x0000025ec8196a90 Thread exited: 0x0000025ec8196a90
Event: 6.014 Thread 0x0000025ec7a08030 Thread exited: 0x0000025ec7a08030


Dynamic libraries:
0x00007ff7dcad0000 - 0x00007ff7dcade000 	c:\Users\minnh\.vscode\extensions\redhat.java-1.53.0-win32-x64\jre\21.0.10-win32-x86_64\bin\java.exe
0x00007ffbe45e0000 - 0x00007ffbe4847000 	C:\WINDOWS\SYSTEM32\ntdll.dll
0x00007ffbe2d80000 - 0x00007ffbe2e49000 	C:\WINDOWS\System32\KERNEL32.DLL
0x00007ffbe15a0000 - 0x00007ffbe1991000 	C:\WINDOWS\System32\KERNELBASE.dll
0x00007ffbe13a0000 - 0x00007ffbe14eb000 	C:\WINDOWS\System32\ucrtbase.dll
0x00007ffbd1b30000 - 0x00007ffbd1b4e000 	c:\Users\minnh\.vscode\extensions\redhat.java-1.53.0-win32-x64\jre\21.0.10-win32-x86_64\bin\VCRUNTIME140.dll
0x00007ffbceda0000 - 0x00007ffbcedb8000 	c:\Users\minnh\.vscode\extensions\redhat.java-1.53.0-win32-x64\jre\21.0.10-win32-x86_64\bin\jli.dll
0x00007ffbe42d0000 - 0x00007ffbe4495000 	C:\WINDOWS\System32\USER32.dll
0x00007ffbe1030000 - 0x00007ffbe1057000 	C:\WINDOWS\System32\win32u.dll
0x00007ffbe00c0000 - 0x00007ffbe0353000 	C:\WINDOWS\WinSxS\amd64_microsoft.windows.common-controls_6595b64144ccf1df_6.0.26100.8037_none_3e092faae333b53b\COMCTL32.dll
0x00007ffbe4500000 - 0x00007ffbe452b000 	C:\WINDOWS\System32\GDI32.dll
0x00007ffbe3880000 - 0x00007ffbe3929000 	C:\WINDOWS\System32\msvcrt.dll
0x00007ffbe1060000 - 0x00007ffbe118b000 	C:\WINDOWS\System32\gdi32full.dll
0x00007ffbe14f0000 - 0x00007ffbe1593000 	C:\WINDOWS\System32\msvcp_win.dll
0x00007ffbe2810000 - 0x00007ffbe2841000 	C:\WINDOWS\System32\IMM32.DLL
0x00007ffbe05d0000 - 0x00007ffbe05dc000 	c:\Users\minnh\.vscode\extensions\redhat.java-1.53.0-win32-x64\jre\21.0.10-win32-x86_64\bin\vcruntime140_1.dll
0x00007ffba54e0000 - 0x00007ffba556d000 	c:\Users\minnh\.vscode\extensions\redhat.java-1.53.0-win32-x64\jre\21.0.10-win32-x86_64\bin\msvcp140.dll
0x00007ffb2eba0000 - 0x00007ffb2f941000 	c:\Users\minnh\.vscode\extensions\redhat.java-1.53.0-win32-x64\jre\21.0.10-win32-x86_64\bin\server\jvm.dll
0x00007ffbe3fe0000 - 0x00007ffbe409b000 	C:\WINDOWS\System32\ADVAPI32.dll
0x00007ffbe3ba0000 - 0x00007ffbe3c47000 	C:\WINDOWS\System32\sechost.dll
0x00007ffbe41b0000 - 0x00007ffbe42c8000 	C:\WINDOWS\System32\RPCRT4.dll
0x00007ffbe40a0000 - 0x00007ffbe4114000 	C:\WINDOWS\System32\WS2_32.dll
0x00007ffbe0d20000 - 0x00007ffbe0d7e000 	C:\WINDOWS\SYSTEM32\POWRPROF.dll
0x00007ffbd52f0000 - 0x00007ffbd52fb000 	C:\WINDOWS\SYSTEM32\VERSION.dll
0x00007ffbcbfc0000 - 0x00007ffbcbff5000 	C:\WINDOWS\SYSTEM32\WINMM.dll
0x00007ffbe0d00000 - 0x00007ffbe0d14000 	C:\WINDOWS\SYSTEM32\UMPDC.dll
0x00007ffbdf320000 - 0x00007ffbdf33b000 	C:\WINDOWS\SYSTEM32\kernel.appcore.dll
0x00007ffbcd960000 - 0x00007ffbcd96a000 	c:\Users\minnh\.vscode\extensions\redhat.java-1.53.0-win32-x64\jre\21.0.10-win32-x86_64\bin\jimage.dll
0x00007ffbe0670000 - 0x00007ffbe08b2000 	C:\WINDOWS\SYSTEM32\DBGHELP.DLL
0x00007ffbe29f0000 - 0x00007ffbe2d72000 	C:\WINDOWS\System32\combase.dll
0x00007ffbe3c50000 - 0x00007ffbe3d27000 	C:\WINDOWS\System32\OLEAUT32.dll
0x00007ffbe0560000 - 0x00007ffbe059b000 	C:\WINDOWS\SYSTEM32\dbgcore.DLL
0x00007ffbe0f80000 - 0x00007ffbe1025000 	C:\WINDOWS\System32\bcryptPrimitives.dll
0x00007ffbcd950000 - 0x00007ffbcd95f000 	c:\Users\minnh\.vscode\extensions\redhat.java-1.53.0-win32-x64\jre\21.0.10-win32-x86_64\bin\instrument.dll
0x00007ffbccdf0000 - 0x00007ffbcce10000 	c:\Users\minnh\.vscode\extensions\redhat.java-1.53.0-win32-x64\jre\21.0.10-win32-x86_64\bin\java.dll
0x00007ffbe3010000 - 0x00007ffbe376f000 	C:\WINDOWS\System32\SHELL32.dll
0x00007ffbe19a0000 - 0x00007ffbe1b0a000 	C:\WINDOWS\System32\wintypes.dll
0x00007ffbe1b10000 - 0x00007ffbe2374000 	C:\WINDOWS\System32\windows.storage.dll
0x00007ffbe2f10000 - 0x00007ffbe3007000 	C:\WINDOWS\System32\SHCORE.dll
0x00007ffbe4530000 - 0x00007ffbe4597000 	C:\WINDOWS\System32\shlwapi.dll
0x00007ffbe0de0000 - 0x00007ffbe0e09000 	C:\WINDOWS\SYSTEM32\profapi.dll
0x00007ffbc93a0000 - 0x00007ffbc93b8000 	c:\Users\minnh\.vscode\extensions\redhat.java-1.53.0-win32-x64\jre\21.0.10-win32-x86_64\bin\zip.dll
0x00007ffbccde0000 - 0x00007ffbccdf0000 	C:\Users\minnh\.vscode\extensions\redhat.java-1.53.0-win32-x64\jre\21.0.10-win32-x86_64\bin\net.dll
0x00007ffbd5a10000 - 0x00007ffbd5b37000 	C:\WINDOWS\SYSTEM32\WINHTTP.dll
0x00007ffbdf850000 - 0x00007ffbdf8bb000 	C:\WINDOWS\system32\mswsock.dll
0x00007ffbc8b20000 - 0x00007ffbc8b36000 	C:\Users\minnh\.vscode\extensions\redhat.java-1.53.0-win32-x64\jre\21.0.10-win32-x86_64\bin\nio.dll
0x00007ffbc8b10000 - 0x00007ffbc8b20000 	c:\Users\minnh\.vscode\extensions\redhat.java-1.53.0-win32-x64\jre\21.0.10-win32-x86_64\bin\verify.dll
0x00007ffbbbda0000 - 0x00007ffbbbde5000 	C:\Users\minnh\AppData\Roaming\Code\User\globalStorage\redhat.java\1.53.0\config_win\org.eclipse.equinox.launcher\org.eclipse.equinox.launcher.win32.win32.x86_64_1.3.0.v20260203-2149\eclipse_11919.dll
0x00007ffbe3e40000 - 0x00007ffbe3fd5000 	C:\WINDOWS\System32\ole32.dll
0x00007ffbe09e0000 - 0x00007ffbe09fb000 	C:\WINDOWS\SYSTEM32\CRYPTSP.dll
0x00007ffbdf8c0000 - 0x00007ffbdf8f9000 	C:\WINDOWS\system32\rsaenh.dll
0x00007ffbdf940000 - 0x00007ffbdf972000 	C:\WINDOWS\SYSTEM32\USERENV.dll
0x00007ffbe0db0000 - 0x00007ffbe0dda000 	C:\WINDOWS\SYSTEM32\bcrypt.dll
0x00007ffbdfba0000 - 0x00007ffbdfbac000 	C:\WINDOWS\SYSTEM32\CRYPTBASE.dll
0x00007ffbdedc0000 - 0x00007ffbdedf3000 	C:\WINDOWS\SYSTEM32\IPHLPAPI.DLL
0x00007ffbe44f0000 - 0x00007ffbe44fa000 	C:\WINDOWS\System32\NSI.dll
0x00007ffba53d0000 - 0x00007ffba5419000 	C:\Users\minnh\AppData\Local\Temp\jna-103901068\jna7990346005638300345.dll
0x00007ffbe41a0000 - 0x00007ffbe41a8000 	C:\WINDOWS\System32\PSAPI.DLL
0x00007ffbd7950000 - 0x00007ffbd796d000 	C:\WINDOWS\SYSTEM32\dhcpcsvc6.DLL
0x00007ffbd7920000 - 0x00007ffbd7943000 	C:\WINDOWS\SYSTEM32\dhcpcsvc.DLL

JVMTI agents:
c:\Users\minnh\.vscode\extensions\redhat.java-1.53.0-win32-x64\lombok\lombok-1.18.39-4050.jar path:c:\Users\minnh\.vscode\extensions\redhat.java-1.53.0-win32-x64\jre\21.0.10-win32-x86_64\bin\instrument.dll, loaded, initialized, instrumentlib options:none

dbghelp: loaded successfully - version: 4.0.5 - missing functions: none
symbol engine: initialized successfully - sym options: 0x614 - pdb path: .;c:\Users\minnh\.vscode\extensions\redhat.java-1.53.0-win32-x64\jre\21.0.10-win32-x86_64\bin;C:\WINDOWS\SYSTEM32;C:\WINDOWS\WinSxS\amd64_microsoft.windows.common-controls_6595b64144ccf1df_6.0.26100.8037_none_3e092faae333b53b;c:\Users\minnh\.vscode\extensions\redhat.java-1.53.0-win32-x64\jre\21.0.10-win32-x86_64\bin\server;C:\Users\minnh\AppData\Roaming\Code\User\globalStorage\redhat.java\1.53.0\config_win\org.eclipse.equinox.launcher\org.eclipse.equinox.launcher.win32.win32.x86_64_1.3.0.v20260203-2149;C:\Users\minnh\AppData\Local\Temp\jna-103901068

VM Arguments:
jvm_args: --add-modules=ALL-SYSTEM --add-opens=java.base/java.util=ALL-UNNAMED --add-opens=java.base/java.lang=ALL-UNNAMED --add-opens=java.base/sun.nio.fs=ALL-UNNAMED -Declipse.application=org.eclipse.jdt.ls.core.id1 -Dosgi.bundles.defaultStartLevel=4 -Declipse.product=org.eclipse.jdt.ls.core.product -Djava.import.generatesMetadataFilesAtProjectRoot=false -DDetectVMInstallationsJob.disabled=true -Dfile.encoding=utf8 -XX:+UseParallelGC -XX:GCTimeRatio=4 -XX:AdaptiveSizePolicyWeight=90 -Dsun.zip.disableMemoryMapping=true -Xmx2G -Xms100m -Xlog:disable -javaagent:c:\Users\minnh\.vscode\extensions\redhat.java-1.53.0-win32-x64\lombok\lombok-1.18.39-4050.jar -XX:+HeapDumpOnOutOfMemoryError -XX:HeapDumpPath=c:\Users\minnh\AppData\Roaming\Code\User\workspaceStorage\cc6f364a0940a606890e72b0b08a57ba\redhat.java -Daether.dependencyCollector.impl=bf 
java_command: c:\Users\minnh\.vscode\extensions\redhat.java-1.53.0-win32-x64\server\plugins\org.eclipse.equinox.launcher_1.7.100.v20251111-0406.jar -configuration c:\Users\minnh\AppData\Roaming\Code\User\globalStorage\redhat.java\1.53.0\config_win -data c:\Users\minnh\AppData\Roaming\Code\User\workspaceStorage\cc6f364a0940a606890e72b0b08a57ba\redhat.java\jdt_ws --pipe=\\.\pipe\lsp-7d791b8a2c95f8f847229c5e6e26a477-sock
java_class_path (initial): c:\Users\minnh\.vscode\extensions\redhat.java-1.53.0-win32-x64\server\plugins\org.eclipse.equinox.launcher_1.7.100.v20251111-0406.jar
Launcher Type: SUN_STANDARD

[Global flags]
    uintx AdaptiveSizePolicyWeight                 = 90                                        {product} {command line}
     intx CICompilerCount                          = 4                                         {product} {ergonomic}
    uintx GCTimeRatio                              = 4                                         {product} {command line}
     bool HeapDumpOnOutOfMemoryError               = true                                   {manageable} {command line}
    ccstr HeapDumpPath                             = c:\Users\minnh\AppData\Roaming\Code\User\workspaceStorage\cc6f364a0940a606890e72b0b08a57ba\redhat.java         {manageable} {command line}
   size_t InitialHeapSize                          = 104857600                                 {product} {command line}
   size_t MaxHeapSize                              = 2147483648                                {product} {command line}
   size_t MaxNewSize                               = 715653120                                 {product} {ergonomic}
   size_t MinHeapDeltaBytes                        = 524288                                    {product} {ergonomic}
   size_t MinHeapSize                              = 104857600                                 {product} {command line}
   size_t NewSize                                  = 34603008                                  {product} {ergonomic}
    uintx NonNMethodCodeHeapSize                   = 5839372                                {pd product} {ergonomic}
    uintx NonProfiledCodeHeapSize                  = 122909434                              {pd product} {ergonomic}
   size_t OldSize                                  = 70254592                                  {product} {ergonomic}
    uintx ProfiledCodeHeapSize                     = 122909434                              {pd product} {ergonomic}
    uintx ReservedCodeCacheSize                    = 251658240                              {pd product} {ergonomic}
     bool SegmentedCodeCache                       = true                                      {product} {ergonomic}
   size_t SoftMaxHeapSize                          = 2147483648                             {manageable} {ergonomic}
     bool UseCompressedOops                        = true                           {product lp64_product} {ergonomic}
     bool UseLargePagesIndividualAllocation        = false                                  {pd product} {ergonomic}
     bool UseParallelGC                            = true                                      {product} {command line}

Logging:
Log output configuration:
 #0: stdout all=off uptime,level,tags foldmultilines=false
 #1: stderr all=off uptime,level,tags foldmultilines=false

Release file:
JAVA_VERSION="21.0.10" 
MODULES="java.base java.compiler java.datatransfer java.xml java.prefs java.desktop java.instrument java.logging java.management java.security.sasl java.naming java.rmi java.management.rmi java.net.http java.scripting java.security.jgss java.transaction.xa java.sql java.sql.rowset java.xml.crypto java.se java.smartcardio jdk.accessibility jdk.internal.jvmstat jdk.attach jdk.charsets jdk.internal.opt jdk.zipfs jdk.compiler jdk.crypto.ec jdk.crypto.cryptoki jdk.crypto.mscapi jdk.dynalink jdk.internal.ed jdk.editpad jdk.hotspot.agent jdk.httpserver jdk.internal.le jdk.internal.vm.ci jdk.internal.vm.compiler jdk.internal.vm.compiler.management jdk.jartool jdk.javadoc jdk.jcmd jdk.management jdk.management.agent jdk.jconsole jdk.jdeps jdk.jdwp.agent jdk.jdi jdk.jfr jdk.jshell jdk.jsobject jdk.jstatd jdk.localedata jdk.management.jfr jdk.naming.dns jdk.naming.rmi jdk.net jdk.nio.mapmode jdk.random jdk.sctp jdk.security.auth jdk.security.jgss jdk.unsupported jdk.unsupported.desktop jdk.xml.dom" 

Environment Variables:
PATH=C:\Users\minnh\AppData\Local\Programs\Microsoft VS Code;C:\Program Files\Common Files\Oracle\Java\javapath;C:\Python313\Scripts\;C:\Python313\;C:\Windows\system32;C:\Windows;C:\Windows\System32\Wbem;C:\Windows\System32\WindowsPowerShell\v1.0\;C:\Windows\System32\OpenSSH\;C:\Program Files (x86)\NVIDIA Corporation\PhysX\Common;C:\Program Files\NVIDIA Corporation\NVIDIA NvDLISR;C:\WINDOWS\system32;C:\WINDOWS;C:\WINDOWS\System32\Wbem;C:\WINDOWS\System32\WindowsPowerShell\v1.0\;C:\WINDOWS\System32\OpenSSH\;C:\Program Files\Microsoft SQL Server\Client SDK\ODBC\170\Tools\Binn\;C:\Program Files\dotnet\;C:\Program Files\Git\cmd;C:\ProgramData\chocolatey\bin;C:\Program Files (x86)\Microsoft SQL Server\160\DTS\Binn\;C:\Program Files (x86)\Microsoft SQL Server\150\Tools\Binn\;C:\Program Files\Microsoft SQL Server\150\Tools\Binn\;C:\Program Files\Microsoft SQL Server\150\DTS\Binn\;C:\Program Files (x86)\Windows Kits\10\Windows Performance Toolkit\;C:\Program Files\nodejs\;C:\Users\minnh\.local\bin;C:\Users\minnh\AppData\Local\Microsoft\WindowsApps;C:\Users\minnh\AppData\Local\Programs\Microsoft VS Code\bin;C:\Users\minnh\.dotnet\tools;C:\Program Files\Azure Data Studio\bin;C:\Users\minnh\AppData\Roaming\npm
USERNAME=minnh
OS=Windows_NT
PROCESSOR_IDENTIFIER=Intel64 Family 6 Model 165 Stepping 2, GenuineIntel
TMP=C:\Users\minnh\AppData\Local\Temp
TEMP=C:\Users\minnh\AppData\Local\Temp




Periodic native trim disabled

---------------  S Y S T E M  ---------------

OS:
 Windows 11 , 64 bit Build 26100 (10.0.26100.7920)
OS uptime: 1 days 9:16 hours

CPU: total 12 (initial active 12) (6 cores per cpu, 2 threads per core) family 6 model 165 stepping 2 microcode 0xe0, cx8, cmov, fxsr, ht, mmx, 3dnowpref, sse, sse2, sse3, ssse3, sse4.1, sse4.2, popcnt, lzcnt, tsc, tscinvbit, avx, avx2, aes, erms, clmul, bmi1, bmi2, adx, fma, vzeroupper, clflush, clflushopt, rdtscp, f16c, pku
Processor Information for the first 12 processors :
  Max Mhz: 2592, Current Mhz: 2592, Mhz Limit: 2592

Memory: 4k page, system-wide physical 16170M (3055M free)
TotalPageFile size 18218M (AvailPageFile size 5M)
current process WorkingSet (physical memory assigned to process): 225M, peak: 235M
current process commit charge ("private bytes"): 348M, peak: 360M

vm_info: OpenJDK 64-Bit Server VM (21.0.10+7-LTS) for windows-amd64 JRE (21.0.10+7-LTS), built on 2026-01-20T00:00:00Z by "admin" with MS VC++ 17.12 (VS2022)

END.
