#
# There is insufficient memory for the Java Runtime Environment to continue.
# Native memory allocation (malloc) failed to allocate 1184976 bytes. Error detail: Chunk::new
# Possible reasons:
#   The system is out of physical RAM or swap space
#   This process is running with CompressedOops enabled, and the Java Heap may be blocking the growth of the native heap
# Possible solutions:
#   Reduce memory load on the system
#   Increase physical memory or swap space
#   Check if swap backing store is full
#   Decrease Java heap size (-Xmx/-Xms)
#   Decrease number of Java threads
#   Decrease Java thread stack sizes (-Xss)
#   Set larger code cache with -XX:ReservedCodeCacheSize=
#   JVM is running with Unscaled Compressed Oops mode in which the Java heap is
#     placed in the first 4GB address space. The Java Heap base address is the
#     maximum limit for the native heap growth. Please use -XX:HeapBaseMinAddress
#     to set the Java Heap base and to place the Java Heap above 4GB virtual address.
# This output file may be truncated or incomplete.
#
#  Out of Memory Error (arena.cpp:168), pid=6568, tid=2856
#
# JRE version: OpenJDK Runtime Environment Temurin-21.0.10+7 (21.0.10+7) (build 21.0.10+7-LTS)
# Java VM: OpenJDK 64-Bit Server VM Temurin-21.0.10+7 (21.0.10+7-LTS, mixed mode, sharing, tiered, compressed oops, compressed class ptrs, parallel gc, windows-amd64)
# No core dump will be written. Minidumps are not enabled by default on client versions of Windows
#

---------------  S U M M A R Y ------------

Command Line: --add-modules=ALL-SYSTEM --add-opens=java.base/java.util=ALL-UNNAMED --add-opens=java.base/java.lang=ALL-UNNAMED --add-opens=java.base/sun.nio.fs=ALL-UNNAMED -Declipse.application=org.eclipse.jdt.ls.core.id1 -Dosgi.bundles.defaultStartLevel=4 -Declipse.product=org.eclipse.jdt.ls.core.product -Djava.import.generatesMetadataFilesAtProjectRoot=false -DDetectVMInstallationsJob.disabled=true -Dfile.encoding=utf8 -XX:+UseParallelGC -XX:GCTimeRatio=4 -XX:AdaptiveSizePolicyWeight=90 -Dsun.zip.disableMemoryMapping=true -Xmx2G -Xms100m -Xlog:disable -javaagent:c:\Users\minnh\.vscode\extensions\redhat.java-1.53.0-win32-x64\lombok\lombok-1.18.39-4050.jar -XX:+HeapDumpOnOutOfMemoryError -XX:HeapDumpPath=c:\Users\minnh\AppData\Roaming\Code\User\workspaceStorage\cc6f364a0940a606890e72b0b08a57ba\redhat.java -Daether.dependencyCollector.impl=bf c:\Users\minnh\.vscode\extensions\redhat.java-1.53.0-win32-x64\server\plugins\org.eclipse.equinox.launcher_1.7.100.v20251111-0406.jar -configuration c:\Users\minnh\AppData\Roaming\Code\User\globalStorage\redhat.java\1.53.0\config_win -data c:\Users\minnh\AppData\Roaming\Code\User\workspaceStorage\cc6f364a0940a606890e72b0b08a57ba\redhat.java\jdt_ws --pipe=\\.\pipe\lsp-5b3759f82dc824a3866fe78744453f29-sock

Host: Intel(R) Core(TM) i7-10750H CPU @ 2.60GHz, 12 cores, 15G,  Windows 11 , 64 bit Build 26100 (10.0.26100.7920)
Time: Thu Mar 19 05:52:35 2026 SE Asia Standard Time elapsed time: 26.374679 seconds (0d 0h 0m 26s)

---------------  T H R E A D  ---------------

Current thread (0x000002d2799791a0):  JavaThread "C2 CompilerThread2" daemon [_thread_in_native, id=2856, stack(0x000000db8d100000,0x000000db8d200000) (1024K)]


Current CompileTask:
C2:26374 5316   !   4       org.eclipse.osgi.internal.loader.BundleLoader::findClass0 (490 bytes)

Stack: [0x000000db8d100000,0x000000db8d200000]
Native frames: (J=compiled Java code, j=interpreted, Vv=VM code, C=native code)
V  [jvm.dll+0x6d7a39]
V  [jvm.dll+0x8b4b26]
V  [jvm.dll+0x8b70de]
V  [jvm.dll+0x8b77c3]
V  [jvm.dll+0x284346]
V  [jvm.dll+0xc66ed]
V  [jvm.dll+0xc6c31]
V  [jvm.dll+0x3bec01]
V  [jvm.dll+0x1e3f69]
V  [jvm.dll+0x24c6b3]
V  [jvm.dll+0x24bb40]
V  [jvm.dll+0x1cb34e]
V  [jvm.dll+0x25b85d]
V  [jvm.dll+0x259dea]
V  [jvm.dll+0x3f857e]
V  [jvm.dll+0x85f59d]
V  [jvm.dll+0x6d626d]
C  [ucrtbase.dll+0x37b0]
C  [KERNEL32.DLL+0x2e8d7]
C  [ntdll.dll+0x8c48c]


---------------  P R O C E S S  ---------------

Threads class SMR info:
_java_thread_list=0x000002d279440500, length=45, elements={
0x000002d25a6802d0, 0x000002d25a6287f0, 0x000002d25a62b280, 0x000002d25a62d6e0,
0x000002d25a62e5c0, 0x000002d25a72c3d0, 0x000002d25a72ce30, 0x000002d25a72ffd0,
0x000002d25a736fe0, 0x000002d272600fc0, 0x000002d2726bb940, 0x000002d27823e2e0,
0x000002d27271e5e0, 0x000002d2736d3370, 0x000002d273a8c800, 0x000002d278541f60,
0x000002d273834280, 0x000002d278213680, 0x000002d2785d0840, 0x000002d2735946d0,
0x000002d273594d60, 0x000002d2735953f0, 0x000002d273594040, 0x000002d278aac730,
0x000002d278aae170, 0x000002d278aadae0, 0x000002d278aae800, 0x000002d278aac0a0,
0x000002d278aaee90, 0x000002d278aafbb0, 0x000002d278aaf520, 0x000002d278ab0240,
0x000002d278aad450, 0x000002d278aacdc0, 0x000002d278ab0f60, 0x000002d278ab15f0,
0x000002d278ab3030, 0x000002d278ab2310, 0x000002d278ab29a0, 0x000002d278ab36c0,
0x000002d278ab08d0, 0x000002d2799791a0, 0x000002d278ab1c80, 0x000002d27af13cb0,
0x000002d27af15060
}

Java Threads: ( => current thread )
  0x000002d25a6802d0 JavaThread "main"                              [_thread_blocked, id=25804, stack(0x000000db89a00000,0x000000db89b00000) (1024K)]
  0x000002d25a6287f0 JavaThread "Reference Handler"          daemon [_thread_blocked, id=14760, stack(0x000000db89e00000,0x000000db89f00000) (1024K)]
  0x000002d25a62b280 JavaThread "Finalizer"                  daemon [_thread_blocked, id=19808, stack(0x000000db89f00000,0x000000db8a000000) (1024K)]
  0x000002d25a62d6e0 JavaThread "Signal Dispatcher"          daemon [_thread_blocked, id=23920, stack(0x000000db8a000000,0x000000db8a100000) (1024K)]
  0x000002d25a62e5c0 JavaThread "Attach Listener"            daemon [_thread_blocked, id=9908, stack(0x000000db8a100000,0x000000db8a200000) (1024K)]
  0x000002d25a72c3d0 JavaThread "Service Thread"             daemon [_thread_blocked, id=13896, stack(0x000000db8a200000,0x000000db8a300000) (1024K)]
  0x000002d25a72ce30 JavaThread "Monitor Deflation Thread"   daemon [_thread_blocked, id=27572, stack(0x000000db8a300000,0x000000db8a400000) (1024K)]
  0x000002d25a72ffd0 JavaThread "C2 CompilerThread0"         daemon [_thread_in_native, id=19804, stack(0x000000db8a400000,0x000000db8a500000) (1024K)]
  0x000002d25a736fe0 JavaThread "C1 CompilerThread0"         daemon [_thread_in_native, id=4248, stack(0x000000db8a500000,0x000000db8a600000) (1024K)]
  0x000002d272600fc0 JavaThread "Common-Cleaner"             daemon [_thread_blocked, id=9516, stack(0x000000db8a700000,0x000000db8a800000) (1024K)]
  0x000002d2726bb940 JavaThread "Notification Thread"        daemon [_thread_blocked, id=26504, stack(0x000000db8a800000,0x000000db8a900000) (1024K)]
  0x000002d27823e2e0 JavaThread "Active Thread: Equinox Container: ea7e75f6-ca3c-40fc-bad6-ab788f715275"        [_thread_blocked, id=18164, stack(0x000000db8b000000,0x000000db8b100000) (1024K)]
  0x000002d27271e5e0 JavaThread "Refresh Thread: Equinox Container: ea7e75f6-ca3c-40fc-bad6-ab788f715275" daemon [_thread_blocked, id=10608, stack(0x000000db8a900000,0x000000db8aa00000) (1024K)]
  0x000002d2736d3370 JavaThread "Framework Event Dispatcher: Equinox Container: ea7e75f6-ca3c-40fc-bad6-ab788f715275" daemon [_thread_blocked, id=14104, stack(0x000000db8b100000,0x000000db8b200000) (1024K)]
  0x000002d273a8c800 JavaThread "Start Level: Equinox Container: ea7e75f6-ca3c-40fc-bad6-ab788f715275" daemon [_thread_blocked, id=13372, stack(0x000000db8b200000,0x000000db8b300000) (1024K)]
  0x000002d278541f60 JavaThread "Bundle File Closer"         daemon [_thread_blocked, id=11812, stack(0x000000db8b600000,0x000000db8b700000) (1024K)]
  0x000002d273834280 JavaThread "SCR Component Actor"        daemon [_thread_blocked, id=20252, stack(0x000000db8b300000,0x000000db8b400000) (1024K)]
  0x000002d278213680 JavaThread "C2 CompilerThread1"         daemon [_thread_in_native, id=4208, stack(0x000000db8b700000,0x000000db8b800000) (1024K)]
  0x000002d2785d0840 JavaThread "Worker-JM"                         [_thread_blocked, id=23340, stack(0x000000db8b900000,0x000000db8ba00000) (1024K)]
  0x000002d2735946d0 JavaThread "Worker-0: Updating Maven Dependencies"        [_thread_in_native, id=11604, stack(0x000000db8b800000,0x000000db8b900000) (1024K)]
  0x000002d273594d60 JavaThread "Worker-1: Initialize After Load"        [_thread_blocked, id=18028, stack(0x000000db8ba00000,0x000000db8bb00000) (1024K)]
  0x000002d2735953f0 JavaThread "Java indexing"              daemon [_thread_blocked, id=24728, stack(0x000000db8bb00000,0x000000db8bc00000) (1024K)]
  0x000002d273594040 JavaThread "JNA Cleaner"                daemon [_thread_blocked, id=1300, stack(0x000000db8bc00000,0x000000db8bd00000) (1024K)]
  0x000002d278aac730 JavaThread "Worker-2"                          [_thread_blocked, id=5724, stack(0x000000db8bf00000,0x000000db8c000000) (1024K)]
  0x000002d278aae170 JavaThread "Worker-3: Repository registry initialization"        [_thread_blocked, id=18132, stack(0x000000db8c000000,0x000000db8c100000) (1024K)]
  0x000002d278aadae0 JavaThread "Worker-4"                          [_thread_blocked, id=7708, stack(0x000000db8c100000,0x000000db8c200000) (1024K)]
  0x000002d278aae800 JavaThread "Worker-5"                          [_thread_blocked, id=10748, stack(0x000000db8c200000,0x000000db8c300000) (1024K)]
  0x000002d278aac0a0 JavaThread "Thread-1"                   daemon [_thread_in_native, id=13864, stack(0x000000db8c300000,0x000000db8c400000) (1024K)]
  0x000002d278aaee90 JavaThread "Thread-2"                   daemon [_thread_in_native, id=25912, stack(0x000000db8c400000,0x000000db8c500000) (1024K)]
  0x000002d278aafbb0 JavaThread "Thread-3"                   daemon [_thread_in_native, id=15600, stack(0x000000db8c500000,0x000000db8c600000) (1024K)]
  0x000002d278aaf520 JavaThread "Thread-4"                   daemon [_thread_in_native, id=26904, stack(0x000000db8c600000,0x000000db8c700000) (1024K)]
  0x000002d278ab0240 JavaThread "Thread-5"                   daemon [_thread_in_native, id=27644, stack(0x000000db8c700000,0x000000db8c800000) (1024K)]
  0x000002d278aad450 JavaThread "Thread-6"                   daemon [_thread_in_native, id=21444, stack(0x000000db8c800000,0x000000db8c900000) (1024K)]
  0x000002d278aacdc0 JavaThread "Thread-7"                   daemon [_thread_in_native, id=13868, stack(0x000000db8c900000,0x000000db8ca00000) (1024K)]
  0x000002d278ab0f60 JavaThread "Thread-8"                   daemon [_thread_in_native, id=22176, stack(0x000000db8ca00000,0x000000db8cb00000) (1024K)]
  0x000002d278ab15f0 JavaThread "Thread-9"                   daemon [_thread_in_native, id=16032, stack(0x000000db8cb00000,0x000000db8cc00000) (1024K)]
  0x000002d278ab3030 JavaThread "Thread-10"                  daemon [_thread_in_native, id=23452, stack(0x000000db8cc00000,0x000000db8cd00000) (1024K)]
  0x000002d278ab2310 JavaThread "Thread-11"                  daemon [_thread_in_native, id=11900, stack(0x000000db8cd00000,0x000000db8ce00000) (1024K)]
  0x000002d278ab29a0 JavaThread "Thread-12"                  daemon [_thread_in_native, id=19872, stack(0x000000db8ce00000,0x000000db8cf00000) (1024K)]
  0x000002d278ab36c0 JavaThread "Thread-13"                  daemon [_thread_in_native, id=396, stack(0x000000db8cf00000,0x000000db8d000000) (1024K)]
  0x000002d278ab08d0 JavaThread "pool-2-thread-1"                   [_thread_blocked, id=2824, stack(0x000000db8d000000,0x000000db8d100000) (1024K)]
=>0x000002d2799791a0 JavaThread "C2 CompilerThread2"         daemon [_thread_in_native, id=2856, stack(0x000000db8d100000,0x000000db8d200000) (1024K)]
  0x000002d278ab1c80 JavaThread "WorkspaceEventsHandler"            [_thread_blocked, id=16816, stack(0x000000db8d200000,0x000000db8d300000) (1024K)]
  0x000002d27af13cb0 JavaThread "pool-1-thread-1"                   [_thread_blocked, id=6548, stack(0x000000db8d300000,0x000000db8d400000) (1024K)]
  0x000002d27af15060 JavaThread "Keep-Alive-Timer"           daemon [_thread_blocked, id=23136, stack(0x000000db8d500000,0x000000db8d600000) (1024K)]
Total: 45

Other Threads:
  0x000002d25a614be0 VMThread "VM Thread"                           [id=4276, stack(0x000000db89d00000,0x000000db89e00000) (1024K)]
  0x000002d25a50ca00 WatcherThread "VM Periodic Task Thread"        [id=6624, stack(0x000000db89c00000,0x000000db89d00000) (1024K)]
  0x000002d25a69e5e0 WorkerThread "GC Thread#0"                     [id=14144, stack(0x000000db89b00000,0x000000db89c00000) (1024K)]
  0x000002d27357aee0 WorkerThread "GC Thread#1"                     [id=26280, stack(0x000000db8aa00000,0x000000db8ab00000) (1024K)]
  0x000002d2781d4960 WorkerThread "GC Thread#2"                     [id=22720, stack(0x000000db8ab00000,0x000000db8ac00000) (1024K)]
  0x000002d2737e49b0 WorkerThread "GC Thread#3"                     [id=14924, stack(0x000000db8ac00000,0x000000db8ad00000) (1024K)]
  0x000002d2737e4d60 WorkerThread "GC Thread#4"                     [id=23328, stack(0x000000db8ad00000,0x000000db8ae00000) (1024K)]
  0x000002d273648920 WorkerThread "GC Thread#5"                     [id=27160, stack(0x000000db8ae00000,0x000000db8af00000) (1024K)]
  0x000002d273648cd0 WorkerThread "GC Thread#6"                     [id=7464, stack(0x000000db8af00000,0x000000db8b000000) (1024K)]
  0x000002d278077070 WorkerThread "GC Thread#7"                     [id=2564, stack(0x000000db8a600000,0x000000db8a700000) (1024K)]
  0x000002d2734d14f0 WorkerThread "GC Thread#8"                     [id=14636, stack(0x000000db8b400000,0x000000db8b500000) (1024K)]
  0x000002d273a01640 WorkerThread "GC Thread#9"                     [id=10304, stack(0x000000db8b500000,0x000000db8b600000) (1024K)]
Total: 12

Threads with active compile tasks:
C2 CompilerThread0  26406 5404   !   4       org.eclipse.osgi.internal.loader.classpath.ClasspathManager::findLocalClass (210 bytes)
C2 CompilerThread1  26406 5342   !   4       org.eclipse.osgi.internal.loader.classpath.ClasspathManager::defineClass (636 bytes)
C2 CompilerThread2  26406 5316   !   4       org.eclipse.osgi.internal.loader.BundleLoader::findClass0 (490 bytes)
Total: 3

VM state: not at safepoint (normal execution)

VM Mutex/Monitor currently owned by a thread: None

Heap address: 0x0000000080000000, size: 2048 MB, Compressed Oops mode: 32-bit

CDS archive(s) mapped at: [0x000002d200000000-0x000002d200ba0000-0x000002d200ba0000), size 12189696, SharedBaseAddress: 0x000002d200000000, ArchiveRelocationMode: 1.
Compressed class space mapped at: 0x000002d201000000-0x000002d241000000, reserved size: 1073741824
Narrow klass base: 0x000002d200000000, Narrow klass shift: 0, Narrow klass range: 0x100000000

GC Precious Log:
 CardTable entry size: 512
 CPUs: 12 total, 12 available
 Memory: 16170M
 Large Page Support: Disabled
 NUMA Support: Disabled
 Compressed Oops: Enabled (32-bit)
 Alignments: Space 512K, Generation 512K, Heap 2M
 Heap Min Capacity: 100M
 Heap Initial Capacity: 100M
 Heap Max Capacity: 2G
 Pre-touch: Disabled
 Parallel Workers: 10

Heap:
 PSYoungGen      total 23040K, used 1705K [0x00000000d5580000, 0x00000000d7200000, 0x0000000100000000)
  eden space 22016K, 3% used [0x00000000d5580000,0x00000000d5632530,0x00000000d6b00000)
  from space 1024K, 96% used [0x00000000d7080000,0x00000000d7178038,0x00000000d7180000)
  to   space 512K, 0% used [0x00000000d7180000,0x00000000d7180000,0x00000000d7200000)
 ParOldGen       total 68608K, used 22281K [0x0000000080000000, 0x0000000084300000, 0x00000000d5580000)
  object space 68608K, 32% used [0x0000000080000000,0x00000000815c2420,0x0000000084300000)
 Metaspace       used 44226K, committed 45312K, reserved 1114112K
  class space    used 4827K, committed 5312K, reserved 1048576K

Card table byte_map: [0x000002d25a020000,0x000002d25a430000] _byte_map_base: 0x000002d259c20000

Marking Bits: (ParMarkBitMap*) 0x00007ffae9a63450
 Begin Bits: [0x000002d26cb30000, 0x000002d26eb30000)
 End Bits:   [0x000002d26eb30000, 0x000002d270b30000)

Polling page: 0x000002d258480000

Metaspace:

Usage:
  Non-class:     38.48 MB used.
      Class:      4.71 MB used.
       Both:     43.19 MB used.

Virtual space:
  Non-class space:       64.00 MB reserved,      39.06 MB ( 61%) committed,  1 nodes.
      Class space:        1.00 GB reserved,       5.19 MB ( <1%) committed,  1 nodes.
             Both:        1.06 GB reserved,      44.25 MB (  4%) committed. 

Chunk freelists:
   Non-Class:  8.70 MB
       Class:  10.77 MB
        Both:  19.47 MB

MaxMetaspaceSize: unlimited
CompressedClassSpaceSize: 1.00 GB
Initial GC threshold: 21.00 MB
Current GC threshold: 58.38 MB
CDS: on
 - commit_granule_bytes: 65536.
 - commit_granule_words: 8192.
 - virtual_space_node_default_size: 8388608.
 - enlarge_chunks_in_place: 1.
 - use_allocation_guard: 0.


Internal statistics:

num_allocs_failed_limit: 6.
num_arena_births: 762.
num_arena_deaths: 14.
num_vsnodes_births: 2.
num_vsnodes_deaths: 0.
num_space_committed: 708.
num_space_uncommitted: 0.
num_chunks_returned_to_freelist: 20.
num_chunks_taken_from_freelist: 2508.
num_chunk_merges: 4.
num_chunk_splits: 1548.
num_chunks_enlarged: 918.
num_inconsistent_stats: 0.

CodeHeap 'non-profiled nmethods': size=120000Kb used=2454Kb max_used=2454Kb free=117545Kb
 bounds [0x000002d265350000, 0x000002d2655c0000, 0x000002d26c880000]
CodeHeap 'profiled nmethods': size=120000Kb used=10013Kb max_used=10013Kb free=109987Kb
 bounds [0x000002d25d880000, 0x000002d25e250000, 0x000002d264db0000]
CodeHeap 'non-nmethods': size=5760Kb used=1395Kb max_used=1479Kb free=4364Kb
 bounds [0x000002d264db0000, 0x000002d265020000, 0x000002d265350000]
CodeCache: size=245760Kb, used=13862Kb, max_used=13946Kb, free=231896Kb
 total_blobs=5626, nmethods=4932, adapters=600, full_count=0
Compilation: enabled, stopped_count=0, restarted_count=0

Compilation events (20 events):
Event: 25.354 Thread 0x000002d25a736fe0 nmethod 5432 0x000002d25e221690 code [0x000002d25e221860, 0x000002d25e221cd0]
Event: 25.354 Thread 0x000002d25a736fe0 5439       3       com.google.common.collect.ImmutableList::iterator (5 bytes)
Event: 25.355 Thread 0x000002d25a736fe0 nmethod 5439 0x000002d25e221e10 code [0x000002d25e221fc0, 0x000002d25e222270]
Event: 25.355 Thread 0x000002d25a736fe0 5440       3       com.google.common.collect.ImmutableList::listIterator (6 bytes)
Event: 25.355 Thread 0x000002d25a736fe0 nmethod 5440 0x000002d25e222390 code [0x000002d25e222540, 0x000002d25e222718]
Event: 25.355 Thread 0x000002d25a736fe0 5441       3       com.google.common.collect.ImmutableList::iterator (5 bytes)
Event: 25.355 Thread 0x000002d25a736fe0 nmethod 5441 0x000002d25e222810 code [0x000002d25e2229c0, 0x000002d25e222b88]
Event: 25.355 Thread 0x000002d25a736fe0 5442       3       java.nio.ByteBuffer::clear (7 bytes)
Event: 25.355 Thread 0x000002d25a736fe0 nmethod 5442 0x000002d25e222c10 code [0x000002d25e222dc0, 0x000002d25e222f40]
Event: 25.356 Thread 0x000002d25a736fe0 5443       3       java.lang.Class::getDeclaringClass (31 bytes)
Event: 25.356 Thread 0x000002d25a736fe0 nmethod 5443 0x000002d25e223010 code [0x000002d25e2231e0, 0x000002d25e223428]
Event: 25.356 Thread 0x000002d25a736fe0 5444       3       java.lang.Boolean::equals (29 bytes)
Event: 25.356 Thread 0x000002d25a736fe0 nmethod 5444 0x000002d25e223510 code [0x000002d25e2236c0, 0x000002d25e223a90]
Event: 25.357 Thread 0x000002d25a736fe0 5446       3       com.google.inject.spi.Elements$RecordingBinder::<init> (151 bytes)
Event: 25.357 Thread 0x000002d25a736fe0 nmethod 5446 0x000002d25e223b90 code [0x000002d25e223d60, 0x000002d25e224240]
Event: 25.357 Thread 0x000002d25a736fe0 5448       3       com.google.gson.internal.LinkedTreeMap::rebalance (379 bytes)
Event: 25.358 Thread 0x000002d25a736fe0 nmethod 5448 0x000002d25e224410 code [0x000002d25e224680, 0x000002d25e225008]
Event: 25.358 Thread 0x000002d25a736fe0 5453 %     3       com.google.gson.stream.JsonReader::nextQuotedValue @ 23 (296 bytes)
Event: 25.359 Thread 0x000002d25a736fe0 nmethod 5453% 0x000002d25e225310 code [0x000002d25e225620, 0x000002d25e226680]
Event: 25.359 Thread 0x000002d25a736fe0 5456       3       com.google.gson.stream.JsonReader::doPeek (785 bytes)

GC Heap History (20 events):
Event: 23.304 GC heap before
{Heap before GC invocations=9 (full 1):
 PSYoungGen      total 28672K, used 4339K [0x00000000d5580000, 0x00000000d7a00000, 0x0000000100000000)
  eden space 24064K, 0% used [0x00000000d5580000,0x00000000d5580000,0x00000000d6d00000)
  from space 4608K, 94% used [0x00000000d7580000,0x00000000d79bcd60,0x00000000d7a00000)
  to   space 5632K, 0% used [0x00000000d6f00000,0x00000000d6f00000,0x00000000d7480000)
 ParOldGen       total 68608K, used 11497K [0x0000000080000000, 0x0000000084300000, 0x00000000d5580000)
  object space 68608K, 16% used [0x0000000080000000,0x0000000080b3a738,0x0000000084300000)
 Metaspace       used 20689K, committed 21504K, reserved 1114112K
  class space    used 2150K, committed 2496K, reserved 1048576K
}
Event: 23.343 GC heap after
{Heap after GC invocations=9 (full 1):
 PSYoungGen      total 28672K, used 0K [0x00000000d5580000, 0x00000000d7a00000, 0x0000000100000000)
  eden space 24064K, 0% used [0x00000000d5580000,0x00000000d5580000,0x00000000d6d00000)
  from space 4608K, 0% used [0x00000000d7580000,0x00000000d7580000,0x00000000d7a00000)
  to   space 5632K, 0% used [0x00000000d6f00000,0x00000000d6f00000,0x00000000d7480000)
 ParOldGen       total 68608K, used 13698K [0x0000000080000000, 0x0000000084300000, 0x00000000d5580000)
  object space 68608K, 19% used [0x0000000080000000,0x0000000080d60808,0x0000000084300000)
 Metaspace       used 20676K, committed 21504K, reserved 1114112K
  class space    used 2146K, committed 2496K, reserved 1048576K
}
Event: 23.535 GC heap before
{Heap before GC invocations=10 (full 1):
 PSYoungGen      total 28672K, used 24064K [0x00000000d5580000, 0x00000000d7a00000, 0x0000000100000000)
  eden space 24064K, 100% used [0x00000000d5580000,0x00000000d6d00000,0x00000000d6d00000)
  from space 4608K, 0% used [0x00000000d7580000,0x00000000d7580000,0x00000000d7a00000)
  to   space 5632K, 0% used [0x00000000d6f00000,0x00000000d6f00000,0x00000000d7480000)
 ParOldGen       total 68608K, used 13698K [0x0000000080000000, 0x0000000084300000, 0x00000000d5580000)
  object space 68608K, 19% used [0x0000000080000000,0x0000000080d60808,0x0000000084300000)
 Metaspace       used 24585K, committed 25344K, reserved 1114112K
  class space    used 2434K, committed 2752K, reserved 1048576K
}
Event: 23.536 GC heap after
{Heap after GC invocations=10 (full 1):
 PSYoungGen      total 24064K, used 384K [0x00000000d5580000, 0x00000000d7600000, 0x0000000100000000)
  eden space 23552K, 0% used [0x00000000d5580000,0x00000000d5580000,0x00000000d6c80000)
  from space 512K, 75% used [0x00000000d6f00000,0x00000000d6f60000,0x00000000d6f80000)
  to   space 2560K, 0% used [0x00000000d7380000,0x00000000d7380000,0x00000000d7600000)
 ParOldGen       total 68608K, used 13706K [0x0000000080000000, 0x0000000084300000, 0x00000000d5580000)
  object space 68608K, 19% used [0x0000000080000000,0x0000000080d62808,0x0000000084300000)
 Metaspace       used 24585K, committed 25344K, reserved 1114112K
  class space    used 2434K, committed 2752K, reserved 1048576K
}
Event: 23.769 GC heap before
{Heap before GC invocations=11 (full 1):
 PSYoungGen      total 24064K, used 23936K [0x00000000d5580000, 0x00000000d7600000, 0x0000000100000000)
  eden space 23552K, 100% used [0x00000000d5580000,0x00000000d6c80000,0x00000000d6c80000)
  from space 512K, 75% used [0x00000000d6f00000,0x00000000d6f60000,0x00000000d6f80000)
  to   space 2560K, 0% used [0x00000000d7380000,0x00000000d7380000,0x00000000d7600000)
 ParOldGen       total 68608K, used 13706K [0x0000000080000000, 0x0000000084300000, 0x00000000d5580000)
  object space 68608K, 19% used [0x0000000080000000,0x0000000080d62808,0x0000000084300000)
 Metaspace       used 25918K, committed 26816K, reserved 1114112K
  class space    used 2525K, committed 2944K, reserved 1048576K
}
Event: 23.771 GC heap after
{Heap after GC invocations=11 (full 1):
 PSYoungGen      total 25088K, used 1958K [0x00000000d5580000, 0x00000000d7580000, 0x0000000100000000)
  eden space 23040K, 0% used [0x00000000d5580000,0x00000000d5580000,0x00000000d6c00000)
  from space 2048K, 95% used [0x00000000d7380000,0x00000000d75699f0,0x00000000d7580000)
  to   space 2560K, 0% used [0x00000000d7080000,0x00000000d7080000,0x00000000d7300000)
 ParOldGen       total 68608K, used 14495K [0x0000000080000000, 0x0000000084300000, 0x00000000d5580000)
  object space 68608K, 21% used [0x0000000080000000,0x0000000080e27d18,0x0000000084300000)
 Metaspace       used 25918K, committed 26816K, reserved 1114112K
  class space    used 2525K, committed 2944K, reserved 1048576K
}
Event: 24.206 GC heap before
{Heap before GC invocations=12 (full 1):
 PSYoungGen      total 25088K, used 24998K [0x00000000d5580000, 0x00000000d7580000, 0x0000000100000000)
  eden space 23040K, 100% used [0x00000000d5580000,0x00000000d6c00000,0x00000000d6c00000)
  from space 2048K, 95% used [0x00000000d7380000,0x00000000d75699f0,0x00000000d7580000)
  to   space 2560K, 0% used [0x00000000d7080000,0x00000000d7080000,0x00000000d7300000)
 ParOldGen       total 68608K, used 14495K [0x0000000080000000, 0x0000000084300000, 0x00000000d5580000)
  object space 68608K, 21% used [0x0000000080000000,0x0000000080e27d18,0x0000000084300000)
 Metaspace       used 29626K, committed 30592K, reserved 1114112K
  class space    used 2936K, committed 3328K, reserved 1048576K
}
Event: 24.209 GC heap after
{Heap after GC invocations=12 (full 1):
 PSYoungGen      total 24576K, used 1903K [0x00000000d5580000, 0x00000000d7400000, 0x0000000100000000)
  eden space 22528K, 0% used [0x00000000d5580000,0x00000000d5580000,0x00000000d6b80000)
  from space 2048K, 92% used [0x00000000d7080000,0x00000000d725bcc0,0x00000000d7280000)
  to   space 1536K, 0% used [0x00000000d7280000,0x00000000d7280000,0x00000000d7400000)
 ParOldGen       total 68608K, used 16283K [0x0000000080000000, 0x0000000084300000, 0x00000000d5580000)
  object space 68608K, 23% used [0x0000000080000000,0x0000000080fe6cc0,0x0000000084300000)
 Metaspace       used 29626K, committed 30592K, reserved 1114112K
  class space    used 2936K, committed 3328K, reserved 1048576K
}
Event: 24.360 GC heap before
{Heap before GC invocations=13 (full 1):
 PSYoungGen      total 24576K, used 24431K [0x00000000d5580000, 0x00000000d7400000, 0x0000000100000000)
  eden space 22528K, 100% used [0x00000000d5580000,0x00000000d6b80000,0x00000000d6b80000)
  from space 2048K, 92% used [0x00000000d7080000,0x00000000d725bcc0,0x00000000d7280000)
  to   space 1536K, 0% used [0x00000000d7280000,0x00000000d7280000,0x00000000d7400000)
 ParOldGen       total 68608K, used 16283K [0x0000000080000000, 0x0000000084300000, 0x00000000d5580000)
  object space 68608K, 23% used [0x0000000080000000,0x0000000080fe6cc0,0x0000000084300000)
 Metaspace       used 33022K, committed 34112K, reserved 1114112K
  class space    used 3364K, committed 3840K, reserved 1048576K
}
Event: 24.362 GC heap after
{Heap after GC invocations=13 (full 1):
 PSYoungGen      total 23552K, used 1088K [0x00000000d5580000, 0x00000000d7400000, 0x0000000100000000)
  eden space 22016K, 0% used [0x00000000d5580000,0x00000000d5580000,0x00000000d6b00000)
  from space 1536K, 70% used [0x00000000d7280000,0x00000000d7390000,0x00000000d7400000)
  to   space 1536K, 0% used [0x00000000d7100000,0x00000000d7100000,0x00000000d7280000)
 ParOldGen       total 68608K, used 17951K [0x0000000080000000, 0x0000000084300000, 0x00000000d5580000)
  object space 68608K, 26% used [0x0000000080000000,0x0000000081187da8,0x0000000084300000)
 Metaspace       used 33022K, committed 34112K, reserved 1114112K
  class space    used 3364K, committed 3840K, reserved 1048576K
}
Event: 24.466 GC heap before
{Heap before GC invocations=14 (full 1):
 PSYoungGen      total 23552K, used 20581K [0x00000000d5580000, 0x00000000d7400000, 0x0000000100000000)
  eden space 22016K, 88% used [0x00000000d5580000,0x00000000d6889648,0x00000000d6b00000)
  from space 1536K, 70% used [0x00000000d7280000,0x00000000d7390000,0x00000000d7400000)
  to   space 1536K, 0% used [0x00000000d7100000,0x00000000d7100000,0x00000000d7280000)
 ParOldGen       total 68608K, used 17951K [0x0000000080000000, 0x0000000084300000, 0x00000000d5580000)
  object space 68608K, 26% used [0x0000000080000000,0x0000000081187da8,0x0000000084300000)
 Metaspace       used 34788K, committed 35840K, reserved 1114112K
  class space    used 3612K, committed 4096K, reserved 1048576K
}
Event: 24.468 GC heap after
{Heap after GC invocations=14 (full 1):
 PSYoungGen      total 23552K, used 1504K [0x00000000d5580000, 0x00000000d7300000, 0x0000000100000000)
  eden space 22016K, 0% used [0x00000000d5580000,0x00000000d5580000,0x00000000d6b00000)
  from space 1536K, 97% used [0x00000000d7100000,0x00000000d7278000,0x00000000d7280000)
  to   space 512K, 0% used [0x00000000d7280000,0x00000000d7280000,0x00000000d7300000)
 ParOldGen       total 68608K, used 18875K [0x0000000080000000, 0x0000000084300000, 0x00000000d5580000)
  object space 68608K, 27% used [0x0000000080000000,0x000000008126edc8,0x0000000084300000)
 Metaspace       used 34788K, committed 35840K, reserved 1114112K
  class space    used 3612K, committed 4096K, reserved 1048576K
}
Event: 24.468 GC heap before
{Heap before GC invocations=15 (full 2):
 PSYoungGen      total 23552K, used 1504K [0x00000000d5580000, 0x00000000d7300000, 0x0000000100000000)
  eden space 22016K, 0% used [0x00000000d5580000,0x00000000d5580000,0x00000000d6b00000)
  from space 1536K, 97% used [0x00000000d7100000,0x00000000d7278000,0x00000000d7280000)
  to   space 512K, 0% used [0x00000000d7280000,0x00000000d7280000,0x00000000d7300000)
 ParOldGen       total 68608K, used 18875K [0x0000000080000000, 0x0000000084300000, 0x00000000d5580000)
  object space 68608K, 27% used [0x0000000080000000,0x000000008126edc8,0x0000000084300000)
 Metaspace       used 34788K, committed 35840K, reserved 1114112K
  class space    used 3612K, committed 4096K, reserved 1048576K
}
Event: 24.503 GC heap after
{Heap after GC invocations=15 (full 2):
 PSYoungGen      total 23552K, used 0K [0x00000000d5580000, 0x00000000d7300000, 0x0000000100000000)
  eden space 22016K, 0% used [0x00000000d5580000,0x00000000d5580000,0x00000000d6b00000)
  from space 1536K, 0% used [0x00000000d7100000,0x00000000d7100000,0x00000000d7280000)
  to   space 512K, 0% used [0x00000000d7280000,0x00000000d7280000,0x00000000d7300000)
 ParOldGen       total 68608K, used 18979K [0x0000000080000000, 0x0000000084300000, 0x00000000d5580000)
  object space 68608K, 27% used [0x0000000080000000,0x0000000081288f30,0x0000000084300000)
 Metaspace       used 34788K, committed 35840K, reserved 1114112K
  class space    used 3612K, committed 4096K, reserved 1048576K
}
Event: 24.639 GC heap before
{Heap before GC invocations=16 (full 2):
 PSYoungGen      total 23552K, used 22016K [0x00000000d5580000, 0x00000000d7300000, 0x0000000100000000)
  eden space 22016K, 100% used [0x00000000d5580000,0x00000000d6b00000,0x00000000d6b00000)
  from space 1536K, 0% used [0x00000000d7100000,0x00000000d7100000,0x00000000d7280000)
  to   space 512K, 0% used [0x00000000d7280000,0x00000000d7280000,0x00000000d7300000)
 ParOldGen       total 68608K, used 18979K [0x0000000080000000, 0x0000000084300000, 0x00000000d5580000)
  object space 68608K, 27% used [0x0000000080000000,0x0000000081288f30,0x0000000084300000)
 Metaspace       used 37766K, committed 38848K, reserved 1114112K
  class space    used 3983K, committed 4480K, reserved 1048576K
}
Event: 24.641 GC heap after
{Heap after GC invocations=16 (full 2):
 PSYoungGen      total 22528K, used 512K [0x00000000d5580000, 0x00000000d7300000, 0x0000000100000000)
  eden space 22016K, 0% used [0x00000000d5580000,0x00000000d5580000,0x00000000d6b00000)
  from space 512K, 100% used [0x00000000d7280000,0x00000000d7300000,0x00000000d7300000)
  to   space 1536K, 0% used [0x00000000d7000000,0x00000000d7000000,0x00000000d7180000)
 ParOldGen       total 68608K, used 19449K [0x0000000080000000, 0x0000000084300000, 0x00000000d5580000)
  object space 68608K, 28% used [0x0000000080000000,0x00000000812fe570,0x0000000084300000)
 Metaspace       used 37766K, committed 38848K, reserved 1114112K
  class space    used 3983K, committed 4480K, reserved 1048576K
}
Event: 24.824 GC heap before
{Heap before GC invocations=17 (full 2):
 PSYoungGen      total 22528K, used 22528K [0x00000000d5580000, 0x00000000d7300000, 0x0000000100000000)
  eden space 22016K, 100% used [0x00000000d5580000,0x00000000d6b00000,0x00000000d6b00000)
  from space 512K, 100% used [0x00000000d7280000,0x00000000d7300000,0x00000000d7300000)
  to   space 1536K, 0% used [0x00000000d7000000,0x00000000d7000000,0x00000000d7180000)
 ParOldGen       total 68608K, used 19449K [0x0000000080000000, 0x0000000084300000, 0x00000000d5580000)
  object space 68608K, 28% used [0x0000000080000000,0x00000000812fe570,0x0000000084300000)
 Metaspace       used 40052K, committed 41152K, reserved 1114112K
  class space    used 4294K, committed 4800K, reserved 1048576K
}
Event: 24.826 GC heap after
{Heap after GC invocations=17 (full 2):
 PSYoungGen      total 23552K, used 1193K [0x00000000d5580000, 0x00000000d7300000, 0x0000000100000000)
  eden space 22016K, 0% used [0x00000000d5580000,0x00000000d5580000,0x00000000d6b00000)
  from space 1536K, 77% used [0x00000000d7000000,0x00000000d712a460,0x00000000d7180000)
  to   space 1536K, 0% used [0x00000000d7180000,0x00000000d7180000,0x00000000d7300000)
 ParOldGen       total 68608K, used 19881K [0x0000000080000000, 0x0000000084300000, 0x00000000d5580000)
  object space 68608K, 28% used [0x0000000080000000,0x000000008136a570,0x0000000084300000)
 Metaspace       used 40052K, committed 41152K, reserved 1114112K
  class space    used 4294K, committed 4800K, reserved 1048576K
}
Event: 25.067 GC heap before
{Heap before GC invocations=18 (full 2):
 PSYoungGen      total 23552K, used 23209K [0x00000000d5580000, 0x00000000d7300000, 0x0000000100000000)
  eden space 22016K, 100% used [0x00000000d5580000,0x00000000d6b00000,0x00000000d6b00000)
  from space 1536K, 77% used [0x00000000d7000000,0x00000000d712a460,0x00000000d7180000)
  to   space 1536K, 0% used [0x00000000d7180000,0x00000000d7180000,0x00000000d7300000)
 ParOldGen       total 68608K, used 19881K [0x0000000080000000, 0x0000000084300000, 0x00000000d5580000)
  object space 68608K, 28% used [0x0000000080000000,0x000000008136a570,0x0000000084300000)
 Metaspace       used 41825K, committed 42880K, reserved 1114112K
  class space    used 4503K, committed 4992K, reserved 1048576K
}
Event: 25.068 GC heap after
{Heap after GC invocations=18 (full 2):
 PSYoungGen      total 23040K, used 795K [0x00000000d5580000, 0x00000000d7280000, 0x0000000100000000)
  eden space 22016K, 0% used [0x00000000d5580000,0x00000000d5580000,0x00000000d6b00000)
  from space 1024K, 77% used [0x00000000d7180000,0x00000000d7246d68,0x00000000d7280000)
  to   space 1024K, 0% used [0x00000000d7080000,0x00000000d7080000,0x00000000d7180000)
 ParOldGen       total 68608K, used 20820K [0x0000000080000000, 0x0000000084300000, 0x00000000d5580000)
  object space 68608K, 30% used [0x0000000080000000,0x00000000814550c8,0x0000000084300000)
 Metaspace       used 41825K, committed 42880K, reserved 1114112K
  class space    used 4503K, committed 4992K, reserved 1048576K
}

Dll operation events (12 events):
Event: 0.015 Loaded shared library c:\Users\minnh\.vscode\extensions\redhat.java-1.53.0-win32-x64\jre\21.0.10-win32-x86_64\bin\java.dll
Event: 0.052 Loaded shared library c:\Users\minnh\.vscode\extensions\redhat.java-1.53.0-win32-x64\jre\21.0.10-win32-x86_64\bin\zip.dll
Event: 0.152 Loaded shared library C:\Users\minnh\.vscode\extensions\redhat.java-1.53.0-win32-x64\jre\21.0.10-win32-x86_64\bin\instrument.dll
Event: 0.159 Loaded shared library C:\Users\minnh\.vscode\extensions\redhat.java-1.53.0-win32-x64\jre\21.0.10-win32-x86_64\bin\net.dll
Event: 0.161 Loaded shared library C:\Users\minnh\.vscode\extensions\redhat.java-1.53.0-win32-x64\jre\21.0.10-win32-x86_64\bin\nio.dll
Event: 0.166 Loaded shared library C:\Users\minnh\.vscode\extensions\redhat.java-1.53.0-win32-x64\jre\21.0.10-win32-x86_64\bin\zip.dll
Event: 0.206 Loaded shared library C:\Users\minnh\.vscode\extensions\redhat.java-1.53.0-win32-x64\jre\21.0.10-win32-x86_64\bin\jimage.dll
Event: 0.389 Loaded shared library c:\Users\minnh\.vscode\extensions\redhat.java-1.53.0-win32-x64\jre\21.0.10-win32-x86_64\bin\verify.dll
Event: 6.032 Loaded shared library C:\Users\minnh\AppData\Roaming\Code\User\globalStorage\redhat.java\1.53.0\config_win\org.eclipse.equinox.launcher\org.eclipse.equinox.launcher.win32.win32.x86_64_1.3.0.v20260203-2149\eclipse_11919.dll
Event: 24.102 Loaded shared library C:\Users\minnh\AppData\Local\Temp\jna-103901068\jna7104118064381922967.dll
Event: 24.221 Loaded shared library C:\Users\minnh\.vscode\extensions\redhat.java-1.53.0-win32-x64\jre\21.0.10-win32-x86_64\bin\sunmscapi.dll
Event: 24.661 Loaded shared library C:\Users\minnh\.vscode\extensions\redhat.java-1.53.0-win32-x64\jre\21.0.10-win32-x86_64\bin\extnet.dll

Deoptimization events (20 events):
Event: 25.278 Thread 0x000002d278aac730 DEOPT PACKING pc=0x000002d25df8cad3 sp=0x000000db8bfff1f0
Event: 25.278 Thread 0x000002d278aac730 DEOPT UNPACKING pc=0x000002d264e04242 sp=0x000000db8bffe6a0 mode 0
Event: 25.278 Thread 0x000002d278aac730 DEOPT PACKING pc=0x000002d25df8cad3 sp=0x000000db8bfff1f0
Event: 25.278 Thread 0x000002d278aac730 DEOPT UNPACKING pc=0x000002d264e04242 sp=0x000000db8bffe6a0 mode 0
Event: 25.279 Thread 0x000002d278aac730 DEOPT PACKING pc=0x000002d25df8cad3 sp=0x000000db8bfff1f0
Event: 25.279 Thread 0x000002d278aac730 DEOPT UNPACKING pc=0x000002d264e04242 sp=0x000000db8bffe6a0 mode 0
Event: 25.280 Thread 0x000002d278aac730 DEOPT PACKING pc=0x000002d25df8cad3 sp=0x000000db8bfff1f0
Event: 25.280 Thread 0x000002d278aac730 DEOPT UNPACKING pc=0x000002d264e04242 sp=0x000000db8bffe6a0 mode 0
Event: 25.289 Thread 0x000002d278aac730 DEOPT PACKING pc=0x000002d25e1fa0be sp=0x000000db8bffe230
Event: 25.289 Thread 0x000002d278aac730 DEOPT UNPACKING pc=0x000002d264e04242 sp=0x000000db8bffd720 mode 0
Event: 25.302 Thread 0x000002d2735946d0 DEOPT PACKING pc=0x000002d25d892ccc sp=0x000000db8b8fd590
Event: 25.302 Thread 0x000002d2735946d0 DEOPT UNPACKING pc=0x000002d264e04242 sp=0x000000db8b8fc9f8 mode 0
Event: 25.327 Thread 0x000002d278aac730 Uncommon trap: trap_request=0xffffff45 fr.pc=0x000002d2653f0d58 relative=0x00000000000002d8
Event: 25.327 Thread 0x000002d278aac730 Uncommon trap: reason=unstable_if action=reinterpret pc=0x000002d2653f0d58 method=sun.nio.cs.StreamDecoder.lockedRead([CII)I @ 165 c2
Event: 25.327 Thread 0x000002d278aac730 DEOPT PACKING pc=0x000002d2653f0d58 sp=0x000000db8bfff1b0
Event: 25.327 Thread 0x000002d278aac730 DEOPT UNPACKING pc=0x000002d264e03aa2 sp=0x000000db8bfff150 mode 2
Event: 25.360 Thread 0x000002d278aac730 DEOPT PACKING pc=0x000002d25dae334b sp=0x000000db8bffedf0
Event: 25.360 Thread 0x000002d278aac730 DEOPT UNPACKING pc=0x000002d264e04242 sp=0x000000db8bffe2f8 mode 0
Event: 25.361 Thread 0x000002d278aac730 DEOPT PACKING pc=0x000002d25dae334b sp=0x000000db8bffedf0
Event: 25.361 Thread 0x000002d278aac730 DEOPT UNPACKING pc=0x000002d264e04242 sp=0x000000db8bffe2f8 mode 0

Classes loaded (20 events):
Event: 25.201 Loading class sun/net/www/http/KeepAliveStreamCleaner$2
Event: 25.201 Loading class sun/net/www/http/KeepAliveStreamCleaner$2 done
Event: 25.201 Loading class sun/net/www/protocol/http/HttpURLConnection$HttpInputStream
Event: 25.201 Loading class sun/net/www/protocol/http/HttpURLConnection$HttpInputStream done
Event: 25.213 Loading class sun/reflect/generics/scope/ConstructorScope
Event: 25.213 Loading class sun/reflect/generics/scope/ConstructorScope done
Event: 25.213 Loading class sun/reflect/generics/tree/VoidDescriptor
Event: 25.213 Loading class sun/reflect/generics/tree/VoidDescriptor done
Event: 25.326 Loading class sun/net/www/http/KeepAliveCache$1
Event: 25.326 Loading class sun/net/www/http/KeepAliveCache$1 done
Event: 25.326 Loading class sun/net/www/http/KeepAliveCache$ClientVector
Event: 25.326 Loading class sun/net/www/http/KeepAliveCache$ClientVector done
Event: 25.327 Loading class sun/net/www/http/KeepAliveEntry
Event: 25.327 Loading class sun/net/www/http/KeepAliveEntry done
Event: 25.332 Loading class java/io/UncheckedIOException
Event: 25.332 Loading class java/io/UncheckedIOException done
Event: 25.350 Loading class java/util/concurrent/CompletionService
Event: 25.350 Loading class java/util/concurrent/CompletionService done
Event: 25.354 Loading class java/nio/channels/ServerSocketChannel
Event: 25.354 Loading class java/nio/channels/ServerSocketChannel done

Classes unloaded (7 events):
Event: 23.309 Thread 0x000002d25a614be0 Unloading class 0x000002d2011a8800 'java/lang/invoke/LambdaForm$MH+0x000002d2011a8800'
Event: 23.309 Thread 0x000002d25a614be0 Unloading class 0x000002d2011a8400 'java/lang/invoke/LambdaForm$MH+0x000002d2011a8400'
Event: 23.309 Thread 0x000002d25a614be0 Unloading class 0x000002d2011a8000 'java/lang/invoke/LambdaForm$MH+0x000002d2011a8000'
Event: 23.309 Thread 0x000002d25a614be0 Unloading class 0x000002d2011a7c00 'java/lang/invoke/LambdaForm$MH+0x000002d2011a7c00'
Event: 23.309 Thread 0x000002d25a614be0 Unloading class 0x000002d2011a7800 'java/lang/invoke/LambdaForm$BMH+0x000002d2011a7800'
Event: 23.309 Thread 0x000002d25a614be0 Unloading class 0x000002d2011a7400 'java/lang/invoke/LambdaForm$DMH+0x000002d2011a7400'
Event: 23.309 Thread 0x000002d25a614be0 Unloading class 0x000002d2011a6400 'java/lang/invoke/LambdaForm$DMH+0x000002d2011a6400'

Classes redefined (0 events):
No events

Internal exceptions (20 events):
Event: 24.187 Thread 0x000002d2735946d0 Exception <a 'java/lang/NoSuchMethodError'{0x00000000d67d8d78}: 'int java.lang.invoke.DirectMethodHandle$Holder.invokeStaticInit(java.lang.Object, long, long)'> (0x00000000d67d8d78) 
thrown [s\src\hotspot\share\interpreter\linkResolver.cpp, line 773]
Event: 24.187 Thread 0x000002d2735946d0 Exception <a 'java/lang/NoSuchMethodError'{0x00000000d67f27a8}: 'int java.lang.invoke.DirectMethodHandle$Holder.invokeStaticInit(java.lang.Object, float, float)'> (0x00000000d67f27a8) 
thrown [s\src\hotspot\share\interpreter\linkResolver.cpp, line 773]
Event: 24.188 Thread 0x000002d2735946d0 Exception <a 'java/lang/NoSuchMethodError'{0x00000000d67f9388}: 'int java.lang.invoke.DirectMethodHandle$Holder.invokeStaticInit(java.lang.Object, double, double)'> (0x00000000d67f9388) 
thrown [s\src\hotspot\share\interpreter\linkResolver.cpp, line 773]
Event: 24.188 Thread 0x000002d2735946d0 Exception <a 'java/lang/NoSuchMethodError'{0x00000000d6813900}: 'int java.lang.invoke.DirectMethodHandle$Holder.invokeStatic(java.lang.Object, long)'> (0x00000000d6813900) 
thrown [s\src\hotspot\share\interpreter\linkResolver.cpp, line 773]
Event: 24.191 Thread 0x000002d2735946d0 Exception <a 'java/lang/NoSuchMethodError'{0x00000000d6899600}: 'int java.lang.invoke.Invokers$Holder.linkToTargetMethod(java.lang.Object, java.lang.Object)'> (0x00000000d6899600) 
thrown [s\src\hotspot\share\interpreter\linkResolver.cpp, line 773]
Event: 24.199 Thread 0x000002d278aae170 Exception <a 'java/lang/NoSuchMethodError'{0x00000000d69cf320}: 'int java.lang.invoke.DirectMethodHandle$Holder.invokeSpecial(java.lang.Object, java.lang.Object, java.lang.Object, java.lang.Object)'> (0x00000000d69cf320) 
thrown [s\src\hotspot\share\interpreter\linkResolver.cpp, line 773]
Event: 24.200 Thread 0x000002d278aae170 Exception <a 'java/lang/NoSuchMethodError'{0x00000000d6a7e740}: 'java.lang.Object java.lang.invoke.DirectMethodHandle$Holder.invokeStatic(java.lang.Object, int, java.lang.Object, java.lang.Object)'> (0x00000000d6a7e740) 
thrown [s\src\hotspot\share\interpreter\linkResolver.cpp, line 773]
Event: 24.201 Thread 0x000002d278aae170 Exception <a 'java/lang/NoSuchMethodError'{0x00000000d6a81f20}: 'java.lang.Object java.lang.invoke.DelegatingMethodHandle$Holder.delegate(java.lang.Object, int, java.lang.Object, java.lang.Object)'> (0x00000000d6a81f20) 
thrown [s\src\hotspot\share\interpreter\linkResolver.cpp, line 773]
Event: 24.203 Thread 0x000002d278aae170 Exception <a 'java/lang/NoSuchMethodError'{0x00000000d6b2acf8}: 'int java.lang.invoke.Invokers$Holder.linkToTargetMethod(java.lang.Object, java.lang.Object, java.lang.Object)'> (0x00000000d6b2acf8) 
thrown [s\src\hotspot\share\interpreter\linkResolver.cpp, line 773]
Event: 24.229 Thread 0x000002d2735946d0 Exception <a 'java/lang/NoSuchMethodError'{0x00000000d58dcbb8}: 'java.lang.Object java.lang.invoke.DirectMethodHandle$Holder.invokeSpecialIFC(java.lang.Object, java.lang.Object, java.lang.Object, java.lang.Object)'> (0x00000000d58dcbb8) 
thrown [s\src\hotspot\share\interpreter\linkResolver.cpp, line 773]
Event: 24.275 Thread 0x000002d278aac730 Exception <a 'sun/nio/fs/WindowsException'{0x00000000d5fbbf28}> (0x00000000d5fbbf28) 
thrown [s\src\hotspot\share\prims\jni.cpp, line 520]
Event: 24.282 Thread 0x000002d25a6802d0 Exception <a 'java/lang/NoSuchMethodError'{0x00000000d60c9848}: 'java.lang.Object java.lang.invoke.DirectMethodHandle$Holder.invokeStatic(java.lang.Object, long, java.lang.Object)'> (0x00000000d60c9848) 
thrown [s\src\hotspot\share\interpreter\linkResolver.cpp, line 773]
Event: 24.283 Thread 0x000002d25a6802d0 Exception <a 'java/lang/NoSuchMethodError'{0x00000000d60df710}: 'java.lang.Object java.lang.invoke.DirectMethodHandle$Holder.invokeStaticInit(java.lang.Object, long, java.lang.Object)'> (0x00000000d60df710) 
thrown [s\src\hotspot\share\interpreter\linkResolver.cpp, line 773]
Event: 24.283 Thread 0x000002d25a6802d0 Exception <a 'java/lang/NoSuchMethodError'{0x00000000d60e4dd0}: 'java.lang.Object java.lang.invoke.DirectMethodHandle$Holder.newInvokeSpecial(java.lang.Object, long)'> (0x00000000d60e4dd0) 
thrown [s\src\hotspot\share\interpreter\linkResolver.cpp, line 773]
Event: 24.566 Thread 0x000002d2735946d0 Exception <a 'java/lang/NoClassDefFoundError'{0x00000000d619a4d0}: javax/enterprise/inject/Typed> (0x00000000d619a4d0) 
thrown [s\src\hotspot\share\classfile\systemDictionary.cpp, line 301]
Event: 24.574 Thread 0x000002d25a6802d0 Exception <a 'java/lang/NoSuchMethodError'{0x00000000d625c6e8}: 'void java.lang.invoke.DirectMethodHandle$Holder.invokeSpecial(java.lang.Object, java.lang.Object, java.lang.Object, java.lang.Object, java.lang.Object, java.lang.Object)'> (0x00000000d625c6e8) 
thrown [s\src\hotspot\share\interpreter\linkResolver.cpp, line 773]
Event: 24.575 Thread 0x000002d25a6802d0 Exception <a 'java/lang/IncompatibleClassChangeError'{0x00000000d627aa78}: Found class java.lang.Object, but interface was expected> (0x00000000d627aa78) 
thrown [s\src\hotspot\share\interpreter\linkResolver.cpp, line 840]
Event: 24.575 Thread 0x000002d25a6802d0 Exception <a 'java/lang/IncompatibleClassChangeError'{0x00000000d627c7c0}: Found class java.lang.Object, but interface was expected> (0x00000000d627c7c0) 
thrown [s\src\hotspot\share\interpreter\linkResolver.cpp, line 840]
Event: 24.988 Thread 0x000002d278aac730 Implicit null exception at 0x000002d2654b44f1 to 0x000002d2654b45ac
Event: 25.347 Thread 0x000002d278aac730 Exception <a 'java/lang/NoSuchMethodError'{0x00000000d6836800}: 'void java.lang.invoke.DirectMethodHandle$Holder.invokeStaticInit(java.lang.Object, java.lang.Object, java.lang.Object, java.lang.Object)'> (0x00000000d6836800) 
thrown [s\src\hotspot\share\interpreter\linkResolver.cpp, line 773]

ZGC Phase Switch (0 events):
No events

VM Operations (20 events):
Event: 24.558 Executing non-safepoint VM operation: HandshakeAllThreads (Deoptimize) done
Event: 24.564 Executing non-safepoint VM operation: HandshakeAllThreads (Deoptimize)
Event: 24.564 Executing non-safepoint VM operation: HandshakeAllThreads (Deoptimize) done
Event: 24.639 Executing safepoint VM operation: ParallelGCFailedAllocation (Allocation Failure)
Event: 24.641 Executing safepoint VM operation: ParallelGCFailedAllocation (Allocation Failure) done
Event: 24.732 Executing non-safepoint VM operation: HandshakeAllThreads (Deoptimize)
Event: 24.732 Executing non-safepoint VM operation: HandshakeAllThreads (Deoptimize) done
Event: 24.824 Executing safepoint VM operation: ParallelGCFailedAllocation (Allocation Failure)
Event: 24.826 Executing safepoint VM operation: ParallelGCFailedAllocation (Allocation Failure) done
Event: 25.050 Executing non-safepoint VM operation: HandshakeAllThreads (Deoptimize)
Event: 25.050 Executing non-safepoint VM operation: HandshakeAllThreads (Deoptimize) done
Event: 25.066 Executing safepoint VM operation: ParallelGCFailedAllocation (Allocation Failure)
Event: 25.068 Executing safepoint VM operation: ParallelGCFailedAllocation (Allocation Failure) done
Event: 25.200 Executing non-safepoint VM operation: HandshakeAllThreads (Deoptimize)
Event: 25.201 Executing non-safepoint VM operation: HandshakeAllThreads (Deoptimize) done
Event: 25.285 Executing non-safepoint VM operation: HandshakeAllThreads (Deoptimize)
Event: 25.285 Executing non-safepoint VM operation: HandshakeAllThreads (Deoptimize) done
Event: 25.327 Executing non-safepoint VM operation: HandshakeAllThreads (Deoptimize)
Event: 25.327 Executing non-safepoint VM operation: HandshakeAllThreads (Deoptimize) done
Event: 26.337 Executing safepoint VM operation: Cleanup

Memory protections (0 events):
No events

Nmethod flushes (20 events):
Event: 24.486 Thread 0x000002d25a614be0 flushing  nmethod 0x000002d25de8d910
Event: 24.486 Thread 0x000002d25a614be0 flushing  nmethod 0x000002d25de8e210
Event: 24.486 Thread 0x000002d25a614be0 flushing  nmethod 0x000002d25de8f410
Event: 24.486 Thread 0x000002d25a614be0 flushing  nmethod 0x000002d25de8fc10
Event: 24.486 Thread 0x000002d25a614be0 flushing  nmethod 0x000002d25de91910
Event: 24.486 Thread 0x000002d25a614be0 flushing  nmethod 0x000002d25de91d90
Event: 24.486 Thread 0x000002d25a614be0 flushing  nmethod 0x000002d25de92290
Event: 24.486 Thread 0x000002d25a614be0 flushing  nmethod 0x000002d25de94690
Event: 24.486 Thread 0x000002d25a614be0 flushing  nmethod 0x000002d25de95a10
Event: 24.486 Thread 0x000002d25a614be0 flushing  nmethod 0x000002d25de95f10
Event: 24.486 Thread 0x000002d25a614be0 flushing  nmethod 0x000002d25de97410
Event: 24.486 Thread 0x000002d25a614be0 flushing  nmethod 0x000002d25de97710
Event: 24.486 Thread 0x000002d25a614be0 flushing  nmethod 0x000002d25deb3890
Event: 24.486 Thread 0x000002d25a614be0 flushing  nmethod 0x000002d25dedfd90
Event: 24.486 Thread 0x000002d25a614be0 flushing  nmethod 0x000002d25dee0f90
Event: 24.486 Thread 0x000002d25a614be0 flushing  nmethod 0x000002d25df26010
Event: 24.486 Thread 0x000002d25a614be0 flushing  nmethod 0x000002d25df55590
Event: 24.486 Thread 0x000002d25a614be0 flushing  nmethod 0x000002d25dfaef10
Event: 24.486 Thread 0x000002d25a614be0 flushing  nmethod 0x000002d25dfaf790
Event: 24.486 Thread 0x000002d25a614be0 flushing  nmethod 0x000002d25dfc0410

Events (20 events):
Event: 24.292 Thread 0x000002d25a6802d0 Thread added: 0x000002d278aac0a0
Event: 24.292 Thread 0x000002d25a6802d0 Thread added: 0x000002d278aaee90
Event: 24.292 Thread 0x000002d25a6802d0 Thread added: 0x000002d278aafbb0
Event: 24.292 Thread 0x000002d25a6802d0 Thread added: 0x000002d278aaf520
Event: 24.292 Thread 0x000002d25a6802d0 Thread added: 0x000002d278ab0240
Event: 24.292 Thread 0x000002d25a6802d0 Thread added: 0x000002d278aad450
Event: 24.292 Thread 0x000002d25a6802d0 Thread added: 0x000002d278aacdc0
Event: 24.293 Thread 0x000002d25a6802d0 Thread added: 0x000002d278ab0f60
Event: 24.293 Thread 0x000002d25a6802d0 Thread added: 0x000002d278ab15f0
Event: 24.293 Thread 0x000002d25a6802d0 Thread added: 0x000002d278ab3030
Event: 24.293 Thread 0x000002d25a6802d0 Thread added: 0x000002d278ab2310
Event: 24.293 Thread 0x000002d25a6802d0 Thread added: 0x000002d278ab29a0
Event: 24.293 Thread 0x000002d25a6802d0 Thread added: 0x000002d278ab36c0
Event: 24.318 Thread 0x000002d25a6802d0 Thread added: 0x000002d278ab08d0
Event: 24.362 Thread 0x000002d25a736fe0 Thread added: 0x000002d2799791a0
Event: 24.599 Thread 0x000002d25a6802d0 Thread added: 0x000002d278ab1c80
Event: 24.599 Thread 0x000002d25a6802d0 Thread added: 0x000002d27af13cb0
Event: 25.142 Thread 0x000002d278aac730 Thread added: 0x000002d27af14340
Event: 25.143 Thread 0x000002d27af14340 Thread exited: 0x000002d27af14340
Event: 25.326 Thread 0x000002d278aac730 Thread added: 0x000002d27af15060


Dynamic libraries:
0x00007ff7dcad0000 - 0x00007ff7dcade000 	c:\Users\minnh\.vscode\extensions\redhat.java-1.53.0-win32-x64\jre\21.0.10-win32-x86_64\bin\java.exe
0x00007ffbe45e0000 - 0x00007ffbe4847000 	C:\WINDOWS\SYSTEM32\ntdll.dll
0x00007ffbe2d80000 - 0x00007ffbe2e49000 	C:\WINDOWS\System32\KERNEL32.DLL
0x00007ffbe15a0000 - 0x00007ffbe1991000 	C:\WINDOWS\System32\KERNELBASE.dll
0x00007ffbe13a0000 - 0x00007ffbe14eb000 	C:\WINDOWS\System32\ucrtbase.dll
0x00007ffbcf0f0000 - 0x00007ffbcf10e000 	c:\Users\minnh\.vscode\extensions\redhat.java-1.53.0-win32-x64\jre\21.0.10-win32-x86_64\bin\VCRUNTIME140.dll
0x00007ffbc86b0000 - 0x00007ffbc86c8000 	c:\Users\minnh\.vscode\extensions\redhat.java-1.53.0-win32-x64\jre\21.0.10-win32-x86_64\bin\jli.dll
0x00007ffbe00c0000 - 0x00007ffbe0353000 	C:\WINDOWS\WinSxS\amd64_microsoft.windows.common-controls_6595b64144ccf1df_6.0.26100.8037_none_3e092faae333b53b\COMCTL32.dll
0x00007ffbe42d0000 - 0x00007ffbe4495000 	C:\WINDOWS\System32\USER32.dll
0x00007ffbe1030000 - 0x00007ffbe1057000 	C:\WINDOWS\System32\win32u.dll
0x00007ffbe3880000 - 0x00007ffbe3929000 	C:\WINDOWS\System32\msvcrt.dll
0x00007ffbe4500000 - 0x00007ffbe452b000 	C:\WINDOWS\System32\GDI32.dll
0x00007ffbe1060000 - 0x00007ffbe118b000 	C:\WINDOWS\System32\gdi32full.dll
0x00007ffbe14f0000 - 0x00007ffbe1593000 	C:\WINDOWS\System32\msvcp_win.dll
0x00007ffbe2810000 - 0x00007ffbe2841000 	C:\WINDOWS\System32\IMM32.DLL
0x00007ffbd1b60000 - 0x00007ffbd1b6c000 	c:\Users\minnh\.vscode\extensions\redhat.java-1.53.0-win32-x64\jre\21.0.10-win32-x86_64\bin\vcruntime140_1.dll
0x00007ffb72a10000 - 0x00007ffb72a9d000 	c:\Users\minnh\.vscode\extensions\redhat.java-1.53.0-win32-x64\jre\21.0.10-win32-x86_64\bin\msvcp140.dll
0x00007ffae8da0000 - 0x00007ffae9b41000 	c:\Users\minnh\.vscode\extensions\redhat.java-1.53.0-win32-x64\jre\21.0.10-win32-x86_64\bin\server\jvm.dll
0x00007ffbe3fe0000 - 0x00007ffbe409b000 	C:\WINDOWS\System32\ADVAPI32.dll
0x00007ffbe3ba0000 - 0x00007ffbe3c47000 	C:\WINDOWS\System32\sechost.dll
0x00007ffbe41b0000 - 0x00007ffbe42c8000 	C:\WINDOWS\System32\RPCRT4.dll
0x00007ffbe40a0000 - 0x00007ffbe4114000 	C:\WINDOWS\System32\WS2_32.dll
0x00007ffbe0d20000 - 0x00007ffbe0d7e000 	C:\WINDOWS\SYSTEM32\POWRPROF.dll
0x00007ffbcbfc0000 - 0x00007ffbcbff5000 	C:\WINDOWS\SYSTEM32\WINMM.dll
0x00007ffbd52f0000 - 0x00007ffbd52fb000 	C:\WINDOWS\SYSTEM32\VERSION.dll
0x00007ffbe0d00000 - 0x00007ffbe0d14000 	C:\WINDOWS\SYSTEM32\UMPDC.dll
0x00007ffbdf320000 - 0x00007ffbdf33b000 	C:\WINDOWS\SYSTEM32\kernel.appcore.dll
0x00007ffbd0fb0000 - 0x00007ffbd0fba000 	c:\Users\minnh\.vscode\extensions\redhat.java-1.53.0-win32-x64\jre\21.0.10-win32-x86_64\bin\jimage.dll
0x00007ffbe0670000 - 0x00007ffbe08b2000 	C:\WINDOWS\SYSTEM32\DBGHELP.DLL
0x00007ffbe29f0000 - 0x00007ffbe2d72000 	C:\WINDOWS\System32\combase.dll
0x00007ffbe3c50000 - 0x00007ffbe3d27000 	C:\WINDOWS\System32\OLEAUT32.dll
0x00007ffbe0560000 - 0x00007ffbe059b000 	C:\WINDOWS\SYSTEM32\dbgcore.DLL
0x00007ffbe0f80000 - 0x00007ffbe1025000 	C:\WINDOWS\System32\bcryptPrimitives.dll
0x00007ffbc5450000 - 0x00007ffbc545f000 	c:\Users\minnh\.vscode\extensions\redhat.java-1.53.0-win32-x64\jre\21.0.10-win32-x86_64\bin\instrument.dll
0x00007ffbcf3d0000 - 0x00007ffbcf3f0000 	c:\Users\minnh\.vscode\extensions\redhat.java-1.53.0-win32-x64\jre\21.0.10-win32-x86_64\bin\java.dll
0x00007ffbe3010000 - 0x00007ffbe376f000 	C:\WINDOWS\System32\SHELL32.dll
0x00007ffbe19a0000 - 0x00007ffbe1b0a000 	C:\WINDOWS\System32\wintypes.dll
0x00007ffbe1b10000 - 0x00007ffbe2374000 	C:\WINDOWS\System32\windows.storage.dll
0x00007ffbe2f10000 - 0x00007ffbe3007000 	C:\WINDOWS\System32\SHCORE.dll
0x00007ffbe4530000 - 0x00007ffbe4597000 	C:\WINDOWS\System32\shlwapi.dll
0x00007ffbe0de0000 - 0x00007ffbe0e09000 	C:\WINDOWS\SYSTEM32\profapi.dll
0x00007ffbc89a0000 - 0x00007ffbc89b8000 	c:\Users\minnh\.vscode\extensions\redhat.java-1.53.0-win32-x64\jre\21.0.10-win32-x86_64\bin\zip.dll
0x00007ffbd0bb0000 - 0x00007ffbd0bc0000 	C:\Users\minnh\.vscode\extensions\redhat.java-1.53.0-win32-x64\jre\21.0.10-win32-x86_64\bin\net.dll
0x00007ffbd5a10000 - 0x00007ffbd5b37000 	C:\WINDOWS\SYSTEM32\WINHTTP.dll
0x00007ffbdf850000 - 0x00007ffbdf8bb000 	C:\WINDOWS\system32\mswsock.dll
0x00007ffbc89c0000 - 0x00007ffbc89d6000 	C:\Users\minnh\.vscode\extensions\redhat.java-1.53.0-win32-x64\jre\21.0.10-win32-x86_64\bin\nio.dll
0x00007ffbc5440000 - 0x00007ffbc5450000 	c:\Users\minnh\.vscode\extensions\redhat.java-1.53.0-win32-x64\jre\21.0.10-win32-x86_64\bin\verify.dll
0x00007ffb70060000 - 0x00007ffb700a5000 	C:\Users\minnh\AppData\Roaming\Code\User\globalStorage\redhat.java\1.53.0\config_win\org.eclipse.equinox.launcher\org.eclipse.equinox.launcher.win32.win32.x86_64_1.3.0.v20260203-2149\eclipse_11919.dll
0x00007ffbe3e40000 - 0x00007ffbe3fd5000 	C:\WINDOWS\System32\ole32.dll
0x00007ffbe09e0000 - 0x00007ffbe09fb000 	C:\WINDOWS\SYSTEM32\CRYPTSP.dll
0x00007ffbdf8c0000 - 0x00007ffbdf8f9000 	C:\WINDOWS\system32\rsaenh.dll
0x00007ffbdf940000 - 0x00007ffbdf972000 	C:\WINDOWS\SYSTEM32\USERENV.dll
0x00007ffbe0db0000 - 0x00007ffbe0dda000 	C:\WINDOWS\SYSTEM32\bcrypt.dll
0x00007ffbdfba0000 - 0x00007ffbdfbac000 	C:\WINDOWS\SYSTEM32\CRYPTBASE.dll
0x00007ffbdedc0000 - 0x00007ffbdedf3000 	C:\WINDOWS\SYSTEM32\IPHLPAPI.DLL
0x00007ffbe44f0000 - 0x00007ffbe44fa000 	C:\WINDOWS\System32\NSI.dll
0x00007ffbb9340000 - 0x00007ffbb9389000 	C:\Users\minnh\AppData\Local\Temp\jna-103901068\jna7104118064381922967.dll
0x00007ffbe41a0000 - 0x00007ffbe41a8000 	C:\WINDOWS\System32\PSAPI.DLL
0x00007ffbd7950000 - 0x00007ffbd796d000 	C:\WINDOWS\SYSTEM32\dhcpcsvc6.DLL
0x00007ffbd7920000 - 0x00007ffbd7943000 	C:\WINDOWS\SYSTEM32\dhcpcsvc.DLL
0x00007ffbc03d0000 - 0x00007ffbc03de000 	C:\Users\minnh\.vscode\extensions\redhat.java-1.53.0-win32-x64\jre\21.0.10-win32-x86_64\bin\sunmscapi.dll
0x00007ffbe1220000 - 0x00007ffbe1397000 	C:\WINDOWS\System32\CRYPT32.dll
0x00007ffbdff80000 - 0x00007ffbdffb0000 	C:\WINDOWS\SYSTEM32\ncrypt.dll
0x00007ffbdfe70000 - 0x00007ffbdfeaf000 	C:\WINDOWS\SYSTEM32\NTASN1.dll
0x00007ffbdee60000 - 0x00007ffbdef8a000 	C:\WINDOWS\SYSTEM32\DNSAPI.dll
0x00007ffbd5780000 - 0x00007ffbd578b000 	C:\Windows\System32\rasadhlp.dll
0x00007ffbd8180000 - 0x00007ffbd8206000 	C:\WINDOWS\System32\fwpuclnt.dll
0x00007ffbbde00000 - 0x00007ffbbde09000 	C:\Users\minnh\.vscode\extensions\redhat.java-1.53.0-win32-x64\jre\21.0.10-win32-x86_64\bin\extnet.dll

JVMTI agents:
c:\Users\minnh\.vscode\extensions\redhat.java-1.53.0-win32-x64\lombok\lombok-1.18.39-4050.jar path:c:\Users\minnh\.vscode\extensions\redhat.java-1.53.0-win32-x64\jre\21.0.10-win32-x86_64\bin\instrument.dll, loaded, initialized, instrumentlib options:none

dbghelp: loaded successfully - version: 4.0.5 - missing functions: none
symbol engine: initialized successfully - sym options: 0x614 - pdb path: .;c:\Users\minnh\.vscode\extensions\redhat.java-1.53.0-win32-x64\jre\21.0.10-win32-x86_64\bin;C:\WINDOWS\SYSTEM32;C:\WINDOWS\WinSxS\amd64_microsoft.windows.common-controls_6595b64144ccf1df_6.0.26100.8037_none_3e092faae333b53b;c:\Users\minnh\.vscode\extensions\redhat.java-1.53.0-win32-x64\jre\21.0.10-win32-x86_64\bin\server;C:\Users\minnh\AppData\Roaming\Code\User\globalStorage\redhat.java\1.53.0\config_win\org.eclipse.equinox.launcher\org.eclipse.equinox.launcher.win32.win32.x86_64_1.3.0.v20260203-2149;C:\Users\minnh\AppData\Local\Temp\jna-103901068

VM Arguments:
jvm_args: --add-modules=ALL-SYSTEM --add-opens=java.base/java.util=ALL-UNNAMED --add-opens=java.base/java.lang=ALL-UNNAMED --add-opens=java.base/sun.nio.fs=ALL-UNNAMED -Declipse.application=org.eclipse.jdt.ls.core.id1 -Dosgi.bundles.defaultStartLevel=4 -Declipse.product=org.eclipse.jdt.ls.core.product -Djava.import.generatesMetadataFilesAtProjectRoot=false -DDetectVMInstallationsJob.disabled=true -Dfile.encoding=utf8 -XX:+UseParallelGC -XX:GCTimeRatio=4 -XX:AdaptiveSizePolicyWeight=90 -Dsun.zip.disableMemoryMapping=true -Xmx2G -Xms100m -Xlog:disable -javaagent:c:\Users\minnh\.vscode\extensions\redhat.java-1.53.0-win32-x64\lombok\lombok-1.18.39-4050.jar -XX:+HeapDumpOnOutOfMemoryError -XX:HeapDumpPath=c:\Users\minnh\AppData\Roaming\Code\User\workspaceStorage\cc6f364a0940a606890e72b0b08a57ba\redhat.java -Daether.dependencyCollector.impl=bf 
java_command: c:\Users\minnh\.vscode\extensions\redhat.java-1.53.0-win32-x64\server\plugins\org.eclipse.equinox.launcher_1.7.100.v20251111-0406.jar -configuration c:\Users\minnh\AppData\Roaming\Code\User\globalStorage\redhat.java\1.53.0\config_win -data c:\Users\minnh\AppData\Roaming\Code\User\workspaceStorage\cc6f364a0940a606890e72b0b08a57ba\redhat.java\jdt_ws --pipe=\\.\pipe\lsp-5b3759f82dc824a3866fe78744453f29-sock
java_class_path (initial): c:\Users\minnh\.vscode\extensions\redhat.java-1.53.0-win32-x64\server\plugins\org.eclipse.equinox.launcher_1.7.100.v20251111-0406.jar
Launcher Type: SUN_STANDARD

[Global flags]
    uintx AdaptiveSizePolicyWeight                 = 90                                        {product} {command line}
     intx CICompilerCount                          = 4                                         {product} {ergonomic}
    uintx GCTimeRatio                              = 4                                         {product} {command line}
     bool HeapDumpOnOutOfMemoryError               = true                                   {manageable} {command line}
    ccstr HeapDumpPath                             = c:\Users\minnh\AppData\Roaming\Code\User\workspaceStorage\cc6f364a0940a606890e72b0b08a57ba\redhat.java         {manageable} {command line}
   size_t InitialHeapSize                          = 104857600                                 {product} {command line}
   size_t MaxHeapSize                              = 2147483648                                {product} {command line}
   size_t MaxNewSize                               = 715653120                                 {product} {ergonomic}
   size_t MinHeapDeltaBytes                        = 524288                                    {product} {ergonomic}
   size_t MinHeapSize                              = 104857600                                 {product} {command line}
   size_t NewSize                                  = 34603008                                  {product} {ergonomic}
    uintx NonNMethodCodeHeapSize                   = 5839372                                {pd product} {ergonomic}
    uintx NonProfiledCodeHeapSize                  = 122909434                              {pd product} {ergonomic}
   size_t OldSize                                  = 70254592                                  {product} {ergonomic}
    uintx ProfiledCodeHeapSize                     = 122909434                              {pd product} {ergonomic}
    uintx ReservedCodeCacheSize                    = 251658240                              {pd product} {ergonomic}
     bool SegmentedCodeCache                       = true                                      {product} {ergonomic}
   size_t SoftMaxHeapSize                          = 2147483648                             {manageable} {ergonomic}
     bool UseCompressedOops                        = true                           {product lp64_product} {ergonomic}
     bool UseLargePagesIndividualAllocation        = false                                  {pd product} {ergonomic}
     bool UseParallelGC                            = true                                      {product} {command line}

Logging:
Log output configuration:
 #0: stdout all=off uptime,level,tags foldmultilines=false
 #1: stderr all=off uptime,level,tags foldmultilines=false

Release file:
JAVA_VERSION="21.0.10" 
MODULES="java.base java.compiler java.datatransfer java.xml java.prefs java.desktop java.instrument java.logging java.management java.security.sasl java.naming java.rmi java.management.rmi java.net.http java.scripting java.security.jgss java.transaction.xa java.sql java.sql.rowset java.xml.crypto java.se java.smartcardio jdk.accessibility jdk.internal.jvmstat jdk.attach jdk.charsets jdk.internal.opt jdk.zipfs jdk.compiler jdk.crypto.ec jdk.crypto.cryptoki jdk.crypto.mscapi jdk.dynalink jdk.internal.ed jdk.editpad jdk.hotspot.agent jdk.httpserver jdk.internal.le jdk.internal.vm.ci jdk.internal.vm.compiler jdk.internal.vm.compiler.management jdk.jartool jdk.javadoc jdk.jcmd jdk.management jdk.management.agent jdk.jconsole jdk.jdeps jdk.jdwp.agent jdk.jdi jdk.jfr jdk.jshell jdk.jsobject jdk.jstatd jdk.localedata jdk.management.jfr jdk.naming.dns jdk.naming.rmi jdk.net jdk.nio.mapmode jdk.random jdk.sctp jdk.security.auth jdk.security.jgss jdk.unsupported jdk.unsupported.desktop jdk.xml.dom" 

Environment Variables:
PATH=C:\Users\minnh\AppData\Local\Programs\Microsoft VS Code;C:\Program Files\Common Files\Oracle\Java\javapath;C:\Python313\Scripts\;C:\Python313\;C:\Windows\system32;C:\Windows;C:\Windows\System32\Wbem;C:\Windows\System32\WindowsPowerShell\v1.0\;C:\Windows\System32\OpenSSH\;C:\Program Files (x86)\NVIDIA Corporation\PhysX\Common;C:\Program Files\NVIDIA Corporation\NVIDIA NvDLISR;C:\WINDOWS\system32;C:\WINDOWS;C:\WINDOWS\System32\Wbem;C:\WINDOWS\System32\WindowsPowerShell\v1.0\;C:\WINDOWS\System32\OpenSSH\;C:\Program Files\Microsoft SQL Server\Client SDK\ODBC\170\Tools\Binn\;C:\Program Files\dotnet\;C:\Program Files\Git\cmd;C:\ProgramData\chocolatey\bin;C:\Program Files (x86)\Microsoft SQL Server\160\DTS\Binn\;C:\Program Files (x86)\Microsoft SQL Server\150\Tools\Binn\;C:\Program Files\Microsoft SQL Server\150\Tools\Binn\;C:\Program Files\Microsoft SQL Server\150\DTS\Binn\;C:\Program Files (x86)\Windows Kits\10\Windows Performance Toolkit\;C:\Program Files\nodejs\;C:\Users\minnh\.local\bin;C:\Users\minnh\AppData\Local\Microsoft\WindowsApps;C:\Users\minnh\AppData\Local\Programs\Microsoft VS Code\bin;C:\Users\minnh\.dotnet\tools;C:\Program Files\Azure Data Studio\bin;C:\Users\minnh\AppData\Roaming\npm
USERNAME=minnh
OS=Windows_NT
PROCESSOR_IDENTIFIER=Intel64 Family 6 Model 165 Stepping 2, GenuineIntel
TMP=C:\Users\minnh\AppData\Local\Temp
TEMP=C:\Users\minnh\AppData\Local\Temp




Periodic native trim disabled

---------------  S Y S T E M  ---------------

OS:
 Windows 11 , 64 bit Build 26100 (10.0.26100.7920)
OS uptime: 1 days 9:12 hours

CPU: total 12 (initial active 12) (6 cores per cpu, 2 threads per core) family 6 model 165 stepping 2 microcode 0xe0, cx8, cmov, fxsr, ht, mmx, 3dnowpref, sse, sse2, sse3, ssse3, sse4.1, sse4.2, popcnt, lzcnt, tsc, tscinvbit, avx, avx2, aes, erms, clmul, bmi1, bmi2, adx, fma, vzeroupper, clflush, clflushopt, rdtscp, f16c, pku
Processor Information for the first 12 processors :
  Max Mhz: 2592, Current Mhz: 2592, Mhz Limit: 2592

Memory: 4k page, system-wide physical 16170M (3038M free)
TotalPageFile size 18218M (AvailPageFile size 5M)
current process WorkingSet (physical memory assigned to process): 223M, peak: 229M
current process commit charge ("private bytes"): 344M, peak: 351M

vm_info: OpenJDK 64-Bit Server VM (21.0.10+7-LTS) for windows-amd64 JRE (21.0.10+7-LTS), built on 2026-01-20T00:00:00Z by "admin" with MS VC++ 17.12 (VS2022)

END.
