#
# There is insufficient memory for the Java Runtime Environment to continue.
# Native memory allocation (malloc) failed to allocate 134576 bytes. Error detail: Chunk::new
# Possible reasons:
#   The system is out of physical RAM or swap space
#   This process is running with CompressedOops enabled, and the Java Heap may be blocking the growth of the native heap
# Possible solutions:
#   Reduce memory load on the system
#   Increase physical memory or swap space
#   Check if swap backing store is full
#   Decrease Java heap size (-Xmx/-Xms)
#   Decrease number of Java threads
#   Decrease Java thread stack sizes (-Xss)
#   Set larger code cache with -XX:ReservedCodeCacheSize=
#   JVM is running with Unscaled Compressed Oops mode in which the Java heap is
#     placed in the first 4GB address space. The Java Heap base address is the
#     maximum limit for the native heap growth. Please use -XX:HeapBaseMinAddress
#     to set the Java Heap base and to place the Java Heap above 4GB virtual address.
# This output file may be truncated or incomplete.
#
#  Out of Memory Error (arena.cpp:168), pid=20608, tid=22796
#
# JRE version: OpenJDK Runtime Environment Temurin-21.0.10+7 (21.0.10+7) (build 21.0.10+7-LTS)
# Java VM: OpenJDK 64-Bit Server VM Temurin-21.0.10+7 (21.0.10+7-LTS, mixed mode, sharing, tiered, compressed oops, compressed class ptrs, parallel gc, windows-amd64)
# No core dump will be written. Minidumps are not enabled by default on client versions of Windows
#

---------------  S U M M A R Y ------------

Command Line: --add-modules=ALL-SYSTEM --add-opens=java.base/java.util=ALL-UNNAMED --add-opens=java.base/java.lang=ALL-UNNAMED --add-opens=java.base/sun.nio.fs=ALL-UNNAMED -Declipse.application=org.eclipse.jdt.ls.core.id1 -Dosgi.bundles.defaultStartLevel=4 -Declipse.product=org.eclipse.jdt.ls.core.product -Djava.import.generatesMetadataFilesAtProjectRoot=false -DDetectVMInstallationsJob.disabled=true -Dfile.encoding=utf8 -XX:+UseParallelGC -XX:GCTimeRatio=4 -XX:AdaptiveSizePolicyWeight=90 -Dsun.zip.disableMemoryMapping=true -Xmx2G -Xms100m -Xlog:disable -javaagent:c:\Users\minnh\.vscode\extensions\redhat.java-1.53.0-win32-x64\lombok\lombok-1.18.39-4050.jar -XX:+HeapDumpOnOutOfMemoryError -XX:HeapDumpPath=c:\Users\minnh\AppData\Roaming\Code\User\workspaceStorage\cc6f364a0940a606890e72b0b08a57ba\redhat.java -Daether.dependencyCollector.impl=bf c:\Users\minnh\.vscode\extensions\redhat.java-1.53.0-win32-x64\server\plugins\org.eclipse.equinox.launcher_1.7.100.v20251111-0406.jar -configuration c:\Users\minnh\AppData\Roaming\Code\User\globalStorage\redhat.java\1.53.0\config_win -data c:\Users\minnh\AppData\Roaming\Code\User\workspaceStorage\cc6f364a0940a606890e72b0b08a57ba\redhat.java\jdt_ws --pipe=\\.\pipe\lsp-b8836fbb5a5f73f671fab9efabb00d00-sock

Host: Intel(R) Core(TM) i7-10750H CPU @ 2.60GHz, 12 cores, 15G,  Windows 11 , 64 bit Build 26100 (10.0.26100.7920)
Time: Thu Mar 19 06:10:56 2026 SE Asia Standard Time elapsed time: 9.428607 seconds (0d 0h 0m 9s)

---------------  T H R E A D  ---------------

Current thread (0x000002cf8bd9e0a0):  JavaThread "C2 CompilerThread0" daemon [_thread_in_native, id=22796, stack(0x000000eec7100000,0x000000eec7200000) (1024K)]


Current CompileTask:
C2:9428 6107       4       sun.nio.fs.WindowsPathParser::parse (504 bytes)

Stack: [0x000000eec7100000,0x000000eec7200000]
Native frames: (J=compiled Java code, j=interpreted, Vv=VM code, C=native code)
V  [jvm.dll+0x6d7a39]
V  [jvm.dll+0x8b4b26]
V  [jvm.dll+0x8b70de]
V  [jvm.dll+0x8b77c3]
V  [jvm.dll+0x284346]
V  [jvm.dll+0xc66ed]
V  [jvm.dll+0xc6c31]
V  [jvm.dll+0x2fb29e]
V  [jvm.dll+0x5fe884]
V  [jvm.dll+0x255b17]
V  [jvm.dll+0x24df54]
V  [jvm.dll+0x24ba42]
V  [jvm.dll+0x1cb34e]
V  [jvm.dll+0x25b85d]
V  [jvm.dll+0x259dea]
V  [jvm.dll+0x3f857e]
V  [jvm.dll+0x85f59d]
V  [jvm.dll+0x6d626d]
C  [ucrtbase.dll+0x37b0]
C  [KERNEL32.DLL+0x2e8d7]
C  [ntdll.dll+0x8c48c]


---------------  P R O C E S S  ---------------

Threads class SMR info:
_java_thread_list=0x000002cfed7bc130, length=42, elements={
0x000002cf8bce03f0, 0x000002cf8bd8b3d0, 0x000002cf8bc89230, 0x000002cf8bd8c3d0,
0x000002cf8bd8d440, 0x000002cf8bd92130, 0x000002cf8bd9a8f0, 0x000002cf8bd9e0a0,
0x000002cfe4ac42c0, 0x000002cfe4c9e6b0, 0x000002cfe4c9bf50, 0x000002cfe4c9cc70,
0x000002cfe4c9d300, 0x000002cfe4c9c5e0, 0x000002cfe4c9e020, 0x000002cfe4c9d990,
0x000002cfe4c9ed40, 0x000002cfe4c9f3d0, 0x000002cfeb1da1b0, 0x000002cfeb1d80e0,
0x000002cfeb1d8770, 0x000002cfeb1da840, 0x000002cfeb1daed0, 0x000002cfeb1db560,
0x000002cfeb1d9490, 0x000002cfeb1dbbf0, 0x000002cfeb1d9b20, 0x000002cfeb1dc280,
0x000002cfeb1d8e00, 0x000002cfeb1ddcc0, 0x000002cfeb1df700, 0x000002cfeb1dc910,
0x000002cfeb1de350, 0x000002cfeb1de9e0, 0x000002cfeb1df070, 0x000002cfeb1dd630,
0x000002cfeb1dcfa0, 0x000002cfec7763c0, 0x000002cfec777e00, 0x000002cfec778490,
0x000002cfec776a50, 0x000002cfeb9c2e30
}

Java Threads: ( => current thread )
  0x000002cf8bce03f0 JavaThread "main"                              [_thread_blocked, id=20364, stack(0x000000eec6700000,0x000000eec6800000) (1024K)]
  0x000002cf8bd8b3d0 JavaThread "Reference Handler"          daemon [_thread_blocked, id=5708, stack(0x000000eec6b00000,0x000000eec6c00000) (1024K)]
  0x000002cf8bc89230 JavaThread "Finalizer"                  daemon [_thread_blocked, id=20048, stack(0x000000eec6c00000,0x000000eec6d00000) (1024K)]
  0x000002cf8bd8c3d0 JavaThread "Signal Dispatcher"          daemon [_thread_blocked, id=23064, stack(0x000000eec6d00000,0x000000eec6e00000) (1024K)]
  0x000002cf8bd8d440 JavaThread "Attach Listener"            daemon [_thread_blocked, id=26512, stack(0x000000eec6e00000,0x000000eec6f00000) (1024K)]
  0x000002cf8bd92130 JavaThread "Service Thread"             daemon [_thread_blocked, id=12144, stack(0x000000eec6f00000,0x000000eec7000000) (1024K)]
  0x000002cf8bd9a8f0 JavaThread "Monitor Deflation Thread"   daemon [_thread_blocked, id=14912, stack(0x000000eec7000000,0x000000eec7100000) (1024K)]
=>0x000002cf8bd9e0a0 JavaThread "C2 CompilerThread0"         daemon [_thread_in_native, id=22796, stack(0x000000eec7100000,0x000000eec7200000) (1024K)]
  0x000002cfe4ac42c0 JavaThread "C1 CompilerThread0"         daemon [_thread_in_native, id=12808, stack(0x000000eec7200000,0x000000eec7300000) (1024K)]
  0x000002cfe4c9e6b0 JavaThread "Common-Cleaner"             daemon [_thread_blocked, id=24484, stack(0x000000eec7300000,0x000000eec7400000) (1024K)]
  0x000002cfe4c9bf50 JavaThread "Notification Thread"        daemon [_thread_blocked, id=27560, stack(0x000000eec7500000,0x000000eec7600000) (1024K)]
  0x000002cfe4c9cc70 JavaThread "Active Thread: Equinox Container: 4b7d28ff-a5ec-44c5-8fd2-4e7f9858e1a7"        [_thread_blocked, id=14236, stack(0x000000eec7d00000,0x000000eec7e00000) (1024K)]
  0x000002cfe4c9d300 JavaThread "Refresh Thread: Equinox Container: 4b7d28ff-a5ec-44c5-8fd2-4e7f9858e1a7" daemon [_thread_blocked, id=24332, stack(0x000000eec7f00000,0x000000eec8000000) (1024K)]
  0x000002cfe4c9c5e0 JavaThread "Framework Event Dispatcher: Equinox Container: 4b7d28ff-a5ec-44c5-8fd2-4e7f9858e1a7" daemon [_thread_blocked, id=20728, stack(0x000000eec8000000,0x000000eec8100000) (1024K)]
  0x000002cfe4c9e020 JavaThread "Start Level: Equinox Container: 4b7d28ff-a5ec-44c5-8fd2-4e7f9858e1a7" daemon [_thread_blocked, id=11424, stack(0x000000eec8100000,0x000000eec8200000) (1024K)]
  0x000002cfe4c9d990 JavaThread "Bundle File Closer"         daemon [_thread_blocked, id=20500, stack(0x000000eec8400000,0x000000eec8500000) (1024K)]
  0x000002cfe4c9ed40 JavaThread "SCR Component Actor"        daemon [_thread_blocked, id=27200, stack(0x000000eec7600000,0x000000eec7700000) (1024K)]
  0x000002cfe4c9f3d0 JavaThread "Worker-JM"                         [_thread_blocked, id=27032, stack(0x000000eec8600000,0x000000eec8700000) (1024K)]
  0x000002cfeb1da1b0 JavaThread "Worker-0"                          [_thread_blocked, id=9308, stack(0x000000eec8700000,0x000000eec8800000) (1024K)]
  0x000002cfeb1d80e0 JavaThread "Worker-1"                          [_thread_blocked, id=26684, stack(0x000000eec8800000,0x000000eec8900000) (1024K)]
  0x000002cfeb1d8770 JavaThread "Java indexing"              daemon [_thread_blocked, id=14232, stack(0x000000eec8900000,0x000000eec8a00000) (1024K)]
  0x000002cfeb1da840 JavaThread "JNA Cleaner"                daemon [_thread_blocked, id=24432, stack(0x000000eec8a00000,0x000000eec8b00000) (1024K)]
  0x000002cfeb1daed0 JavaThread "Worker-2: Initialize Workspace"        [_thread_in_native, id=10724, stack(0x000000eec8d00000,0x000000eec8e00000) (1024K)]
  0x000002cfeb1db560 JavaThread "Worker-3"                          [_thread_blocked, id=6584, stack(0x000000eec8e00000,0x000000eec8f00000) (1024K)]
  0x000002cfeb1d9490 JavaThread "Thread-1"                   daemon [_thread_in_native, id=21000, stack(0x000000eec8f00000,0x000000eec9000000) (1024K)]
  0x000002cfeb1dbbf0 JavaThread "Thread-2"                   daemon [_thread_in_native, id=7316, stack(0x000000eec9000000,0x000000eec9100000) (1024K)]
  0x000002cfeb1d9b20 JavaThread "Thread-3"                   daemon [_thread_in_native, id=19152, stack(0x000000eec9100000,0x000000eec9200000) (1024K)]
  0x000002cfeb1dc280 JavaThread "Thread-4"                   daemon [_thread_in_native, id=26720, stack(0x000000eec9200000,0x000000eec9300000) (1024K)]
  0x000002cfeb1d8e00 JavaThread "Thread-5"                   daemon [_thread_in_native, id=25644, stack(0x000000eec9300000,0x000000eec9400000) (1024K)]
  0x000002cfeb1ddcc0 JavaThread "Thread-6"                   daemon [_thread_in_native, id=12748, stack(0x000000eec9400000,0x000000eec9500000) (1024K)]
  0x000002cfeb1df700 JavaThread "Thread-7"                   daemon [_thread_in_native, id=3592, stack(0x000000eec9500000,0x000000eec9600000) (1024K)]
  0x000002cfeb1dc910 JavaThread "Thread-8"                   daemon [_thread_in_native, id=19956, stack(0x000000eec9600000,0x000000eec9700000) (1024K)]
  0x000002cfeb1de350 JavaThread "Thread-9"                   daemon [_thread_in_native, id=23908, stack(0x000000eec9700000,0x000000eec9800000) (1024K)]
  0x000002cfeb1de9e0 JavaThread "Thread-10"                  daemon [_thread_in_native, id=1084, stack(0x000000eec9800000,0x000000eec9900000) (1024K)]
  0x000002cfeb1df070 JavaThread "Thread-11"                  daemon [_thread_in_native, id=14380, stack(0x000000eec9900000,0x000000eec9a00000) (1024K)]
  0x000002cfeb1dd630 JavaThread "Thread-12"                  daemon [_thread_in_native, id=4304, stack(0x000000eec9a00000,0x000000eec9b00000) (1024K)]
  0x000002cfeb1dcfa0 JavaThread "Thread-13"                  daemon [_thread_in_native, id=1456, stack(0x000000eec9b00000,0x000000eec9c00000) (1024K)]
  0x000002cfec7763c0 JavaThread "pool-2-thread-1"                   [_thread_blocked, id=2076, stack(0x000000eec9c00000,0x000000eec9d00000) (1024K)]
  0x000002cfec777e00 JavaThread "WorkspaceEventsHandler"            [_thread_blocked, id=24616, stack(0x000000eec9d00000,0x000000eec9e00000) (1024K)]
  0x000002cfec778490 JavaThread "pool-1-thread-1"                   [_thread_blocked, id=20360, stack(0x000000eec9e00000,0x000000eec9f00000) (1024K)]
  0x000002cfec776a50 JavaThread "Worker-4"                          [_thread_blocked, id=18624, stack(0x000000eec9f00000,0x000000eeca000000) (1024K)]
  0x000002cfeb9c2e30 JavaThread "C2 CompilerThread1"         daemon [_thread_in_native, id=18984, stack(0x000000eec7400000,0x000000eec7500000) (1024K)]
Total: 42

Other Threads:
  0x000002cf8bc740c0 VMThread "VM Thread"                           [id=17596, stack(0x000000eec6a00000,0x000000eec6b00000) (1024K)]
  0x000002cf8bb6ca00 WatcherThread "VM Periodic Task Thread"        [id=25440, stack(0x000000eec6900000,0x000000eec6a00000) (1024K)]
  0x000002cf8bcfea60 WorkerThread "GC Thread#0"                     [id=20532, stack(0x000000eec6800000,0x000000eec6900000) (1024K)]
  0x000002cfea616c80 WorkerThread "GC Thread#1"                     [id=21340, stack(0x000000eec7700000,0x000000eec7800000) (1024K)]
  0x000002cfea4730c0 WorkerThread "GC Thread#2"                     [id=22256, stack(0x000000eec7800000,0x000000eec7900000) (1024K)]
  0x000002cfea473470 WorkerThread "GC Thread#3"                     [id=7484, stack(0x000000eec7900000,0x000000eec7a00000) (1024K)]
  0x000002cfea473c30 WorkerThread "GC Thread#4"                     [id=13644, stack(0x000000eec7a00000,0x000000eec7b00000) (1024K)]
  0x000002cfea893ad0 WorkerThread "GC Thread#5"                     [id=836, stack(0x000000eec7b00000,0x000000eec7c00000) (1024K)]
  0x000002cfea893e80 WorkerThread "GC Thread#6"                     [id=20660, stack(0x000000eec7c00000,0x000000eec7d00000) (1024K)]
  0x000002cfea9d0130 WorkerThread "GC Thread#7"                     [id=6008, stack(0x000000eec7e00000,0x000000eec7f00000) (1024K)]
  0x000002cfeaf0da80 WorkerThread "GC Thread#8"                     [id=1340, stack(0x000000eec8200000,0x000000eec8300000) (1024K)]
  0x000002cfeb038010 WorkerThread "GC Thread#9"                     [id=3244, stack(0x000000eec8300000,0x000000eec8400000) (1024K)]
Total: 12

Threads with active compile tasks:
C2 CompilerThread0  9448 6107       4       sun.nio.fs.WindowsPathParser::parse (504 bytes)
C2 CompilerThread1  9448 6118       4       java.lang.StringBuilder::append (9 bytes)
Total: 2

VM state: not at safepoint (normal execution)

VM Mutex/Monitor currently owned by a thread: None

Heap address: 0x0000000080000000, size: 2048 MB, Compressed Oops mode: 32-bit

CDS archive(s) mapped at: [0x000002cfa3000000-0x000002cfa3ba0000-0x000002cfa3ba0000), size 12189696, SharedBaseAddress: 0x000002cfa3000000, ArchiveRelocationMode: 1.
Compressed class space mapped at: 0x000002cfa4000000-0x000002cfe4000000, reserved size: 1073741824
Narrow klass base: 0x000002cfa3000000, Narrow klass shift: 0, Narrow klass range: 0x100000000

GC Precious Log:
 CardTable entry size: 512
 CPUs: 12 total, 12 available
 Memory: 16170M
 Large Page Support: Disabled
 NUMA Support: Disabled
 Compressed Oops: Enabled (32-bit)
 Alignments: Space 512K, Generation 512K, Heap 2M
 Heap Min Capacity: 100M
 Heap Initial Capacity: 100M
 Heap Max Capacity: 2G
 Pre-touch: Disabled
 Parallel Workers: 10

Heap:
 PSYoungGen      total 22528K, used 5242K [0x00000000d5580000, 0x00000000d7080000, 0x0000000100000000)
  eden space 22016K, 22% used [0x00000000d5580000,0x00000000d5a56a60,0x00000000d6b00000)
  from space 512K, 56% used [0x00000000d7000000,0x00000000d7048000,0x00000000d7080000)
  to   space 512K, 0% used [0x00000000d6f80000,0x00000000d6f80000,0x00000000d7000000)
 ParOldGen       total 68608K, used 23498K [0x0000000080000000, 0x0000000084300000, 0x00000000d5580000)
  object space 68608K, 34% used [0x0000000080000000,0x00000000816f28f0,0x0000000084300000)
 Metaspace       used 44706K, committed 45888K, reserved 1114112K
  class space    used 4894K, committed 5440K, reserved 1048576K

Card table byte_map: [0x000002cf8b680000,0x000002cf8ba90000] _byte_map_base: 0x000002cf8b280000

Marking Bits: (ParMarkBitMap*) 0x00007ffb2f863450
 Begin Bits: [0x000002cf9e190000, 0x000002cfa0190000)
 End Bits:   [0x000002cfa0190000, 0x000002cfa2190000)

Polling page: 0x000002cf89880000

Metaspace:

Usage:
  Non-class:     38.88 MB used.
      Class:      4.78 MB used.
       Both:     43.66 MB used.

Virtual space:
  Non-class space:       64.00 MB reserved,      39.50 MB ( 62%) committed,  1 nodes.
      Class space:        1.00 GB reserved,       5.31 MB ( <1%) committed,  1 nodes.
             Both:        1.06 GB reserved,      44.81 MB (  4%) committed. 

Chunk freelists:
   Non-Class:  8.53 MB
       Class:  10.61 MB
        Both:  19.14 MB

MaxMetaspaceSize: unlimited
CompressedClassSpaceSize: 1.00 GB
Initial GC threshold: 21.00 MB
Current GC threshold: 58.38 MB
CDS: on
 - commit_granule_bytes: 65536.
 - commit_granule_words: 8192.
 - virtual_space_node_default_size: 8388608.
 - enlarge_chunks_in_place: 1.
 - use_allocation_guard: 0.


Internal statistics:

num_allocs_failed_limit: 6.
num_arena_births: 796.
num_arena_deaths: 14.
num_vsnodes_births: 2.
num_vsnodes_deaths: 0.
num_space_committed: 717.
num_space_uncommitted: 0.
num_chunks_returned_to_freelist: 20.
num_chunks_taken_from_freelist: 2726.
num_chunk_merges: 10.
num_chunk_splits: 1738.
num_chunks_enlarged: 1051.
num_inconsistent_stats: 0.

CodeHeap 'non-profiled nmethods': size=120000Kb used=3195Kb max_used=3195Kb free=116804Kb
 bounds [0x000002cf969b0000, 0x000002cf96cd0000, 0x000002cf9dee0000]
CodeHeap 'profiled nmethods': size=120000Kb used=11484Kb max_used=11484Kb free=108515Kb
 bounds [0x000002cf8eee0000, 0x000002cf8fa20000, 0x000002cf96410000]
CodeHeap 'non-nmethods': size=5760Kb used=1360Kb max_used=1456Kb free=4399Kb
 bounds [0x000002cf96410000, 0x000002cf96680000, 0x000002cf969b0000]
CodeCache: size=245760Kb, used=16039Kb, max_used=16135Kb, free=229718Kb
 total_blobs=6224, nmethods=5565, adapters=565, full_count=0
Compilation: enabled, stopped_count=0, restarted_count=0

Compilation events (20 events):
Event: 6.985 Thread 0x000002cfe4ac42c0 nmethod 6097 0x000002cf8fa05b90 code [0x000002cf8fa05d40, 0x000002cf8fa05f10]
Event: 6.991 Thread 0x000002cfe4ac42c0 6100       3       java.util.ArrayDeque::removeFirst (19 bytes)
Event: 6.991 Thread 0x000002cfe4ac42c0 nmethod 6100 0x000002cf8fa05f90 code [0x000002cf8fa06160, 0x000002cf8fa063a8]
Event: 6.991 Thread 0x000002cfe4ac42c0 6099       3       java.util.ArrayDeque::pop (5 bytes)
Event: 6.991 Thread 0x000002cfe4ac42c0 nmethod 6099 0x000002cf8fa06490 code [0x000002cf8fa06660, 0x000002cf8fa06908]
Event: 6.992 Thread 0x000002cfe4ac42c0 6101       1       java.nio.file.FileTreeWalker$DirectoryNode::stream (5 bytes)
Event: 6.992 Thread 0x000002cfe4ac42c0 nmethod 6101 0x000002cf96cbb590 code [0x000002cf96cbb720, 0x000002cf96cbb7e8]
Event: 7.107 Thread 0x000002cf8bd9e0a0 nmethod 6098 0x000002cf96cbb890 code [0x000002cf96cbbfc0, 0x000002cf96cc0c50]
Event: 7.108 Thread 0x000002cf8bd9e0a0 6103       4       java.util.ArrayDeque::peek (5 bytes)
Event: 7.108 Thread 0x000002cf8bd9e0a0 nmethod 6103 0x000002cf96cc4a90 code [0x000002cf96cc4c20, 0x000002cf96cc4cf0]
Event: 7.108 Thread 0x000002cf8bd9e0a0 6104       4       sun.nio.fs.WindowsDirectoryStream$WindowsDirectoryIterator::next (5 bytes)
Event: 7.109 Thread 0x000002cf8bd9e0a0 nmethod 6104 0x000002cf96cc4e10 code [0x000002cf96cc4fa0, 0x000002cf96cc5198]
Event: 7.109 Thread 0x000002cf8bd9e0a0 6102   !   4       java.nio.file.FileTreeWalker::visit (204 bytes)
Event: 7.141 Thread 0x000002cfe4ac42c0 6105   !   3       org.eclipse.core.internal.jobs.JobManager::withWriteLock (70 bytes)
Event: 7.141 Thread 0x000002cfe4ac42c0 nmethod 6105 0x000002cf8fa06a90 code [0x000002cf8fa06ca0, 0x000002cf8fa072b8]
Event: 7.188 Thread 0x000002cf8bd9e0a0 nmethod 6102 0x000002cf96cc5290 code [0x000002cf96cc5900, 0x000002cf96cc99f0]
Event: 7.413 Thread 0x000002cf8bd9e0a0 6107       4       sun.nio.fs.WindowsPathParser::parse (504 bytes)
Event: 7.452 Thread 0x000002cfe4ac42c0 6109       3       jdk.internal.misc.Unsafe::putReferenceOpaque (9 bytes)
Event: 7.452 Thread 0x000002cfe4ac42c0 nmethod 6109 0x000002cf8fa07590 code [0x000002cf8fa07720, 0x000002cf8fa07850]
Event: 7.452 Thread 0x000002cfe4ac42c0 6110       3       java.lang.invoke.VarHandleGuards::guard_LII_Z (86 bytes)

GC Heap History (20 events):
Event: 4.244 GC heap before
{Heap before GC invocations=13 (full 1):
 PSYoungGen      total 25088K, used 24608K [0x00000000d5580000, 0x00000000d7480000, 0x0000000100000000)
  eden space 22528K, 99% used [0x00000000d5580000,0x00000000d6b57e88,0x00000000d6b80000)
  from space 2560K, 87% used [0x00000000d6e80000,0x00000000d70b01d0,0x00000000d7100000)
  to   space 3072K, 0% used [0x00000000d7180000,0x00000000d7180000,0x00000000d7480000)
 ParOldGen       total 68608K, used 19101K [0x0000000080000000, 0x0000000084300000, 0x00000000d5580000)
  object space 68608K, 27% used [0x0000000080000000,0x00000000812a74f0,0x0000000084300000)
 Metaspace       used 34841K, committed 35840K, reserved 1114112K
  class space    used 3625K, committed 4096K, reserved 1048576K
}
Event: 4.246 GC heap after
{Heap after GC invocations=13 (full 1):
 PSYoungGen      total 23552K, used 1024K [0x00000000d5580000, 0x00000000d7280000, 0x0000000100000000)
  eden space 22528K, 0% used [0x00000000d5580000,0x00000000d5580000,0x00000000d6b80000)
  from space 1024K, 100% used [0x00000000d7180000,0x00000000d7280000,0x00000000d7280000)
  to   space 2048K, 0% used [0x00000000d6e80000,0x00000000d6e80000,0x00000000d7080000)
 ParOldGen       total 68608K, used 21144K [0x0000000080000000, 0x0000000084300000, 0x00000000d5580000)
  object space 68608K, 30% used [0x0000000080000000,0x00000000814a6398,0x0000000084300000)
 Metaspace       used 34841K, committed 35840K, reserved 1114112K
  class space    used 3625K, committed 4096K, reserved 1048576K
}
Event: 4.246 GC heap before
{Heap before GC invocations=14 (full 2):
 PSYoungGen      total 23552K, used 1024K [0x00000000d5580000, 0x00000000d7280000, 0x0000000100000000)
  eden space 22528K, 0% used [0x00000000d5580000,0x00000000d5580000,0x00000000d6b80000)
  from space 1024K, 100% used [0x00000000d7180000,0x00000000d7280000,0x00000000d7280000)
  to   space 2048K, 0% used [0x00000000d6e80000,0x00000000d6e80000,0x00000000d7080000)
 ParOldGen       total 68608K, used 21144K [0x0000000080000000, 0x0000000084300000, 0x00000000d5580000)
  object space 68608K, 30% used [0x0000000080000000,0x00000000814a6398,0x0000000084300000)
 Metaspace       used 34841K, committed 35840K, reserved 1114112K
  class space    used 3625K, committed 4096K, reserved 1048576K
}
Event: 4.268 GC heap after
{Heap after GC invocations=14 (full 2):
 PSYoungGen      total 23552K, used 0K [0x00000000d5580000, 0x00000000d7280000, 0x0000000100000000)
  eden space 22528K, 0% used [0x00000000d5580000,0x00000000d5580000,0x00000000d6b80000)
  from space 1024K, 0% used [0x00000000d7180000,0x00000000d7180000,0x00000000d7280000)
  to   space 2048K, 0% used [0x00000000d6e80000,0x00000000d6e80000,0x00000000d7080000)
 ParOldGen       total 68608K, used 19189K [0x0000000080000000, 0x0000000084300000, 0x00000000d5580000)
  object space 68608K, 27% used [0x0000000080000000,0x00000000812bd6f8,0x0000000084300000)
 Metaspace       used 34841K, committed 35840K, reserved 1114112K
  class space    used 3625K, committed 4096K, reserved 1048576K
}
Event: 4.522 GC heap before
{Heap before GC invocations=15 (full 2):
 PSYoungGen      total 23552K, used 22528K [0x00000000d5580000, 0x00000000d7280000, 0x0000000100000000)
  eden space 22528K, 100% used [0x00000000d5580000,0x00000000d6b80000,0x00000000d6b80000)
  from space 1024K, 0% used [0x00000000d7180000,0x00000000d7180000,0x00000000d7280000)
  to   space 2048K, 0% used [0x00000000d6e80000,0x00000000d6e80000,0x00000000d7080000)
 ParOldGen       total 68608K, used 19189K [0x0000000080000000, 0x0000000084300000, 0x00000000d5580000)
  object space 68608K, 27% used [0x0000000080000000,0x00000000812bd6f8,0x0000000084300000)
 Metaspace       used 36310K, committed 37440K, reserved 1114112K
  class space    used 3834K, committed 4352K, reserved 1048576K
}
Event: 4.523 GC heap after
{Heap after GC invocations=15 (full 2):
 PSYoungGen      total 24064K, used 864K [0x00000000d5580000, 0x00000000d7200000, 0x0000000100000000)
  eden space 22016K, 0% used [0x00000000d5580000,0x00000000d5580000,0x00000000d6b00000)
  from space 2048K, 42% used [0x00000000d6e80000,0x00000000d6f58000,0x00000000d7080000)
  to   space 1024K, 0% used [0x00000000d7100000,0x00000000d7100000,0x00000000d7200000)
 ParOldGen       total 68608K, used 19197K [0x0000000080000000, 0x0000000084300000, 0x00000000d5580000)
  object space 68608K, 27% used [0x0000000080000000,0x00000000812bf6f8,0x0000000084300000)
 Metaspace       used 36310K, committed 37440K, reserved 1114112K
  class space    used 3834K, committed 4352K, reserved 1048576K
}
Event: 4.744 GC heap before
{Heap before GC invocations=16 (full 2):
 PSYoungGen      total 24064K, used 22880K [0x00000000d5580000, 0x00000000d7200000, 0x0000000100000000)
  eden space 22016K, 100% used [0x00000000d5580000,0x00000000d6b00000,0x00000000d6b00000)
  from space 2048K, 42% used [0x00000000d6e80000,0x00000000d6f58000,0x00000000d7080000)
  to   space 1024K, 0% used [0x00000000d7100000,0x00000000d7100000,0x00000000d7200000)
 ParOldGen       total 68608K, used 19197K [0x0000000080000000, 0x0000000084300000, 0x00000000d5580000)
  object space 68608K, 27% used [0x0000000080000000,0x00000000812bf6f8,0x0000000084300000)
 Metaspace       used 38305K, committed 39424K, reserved 1114112K
  class space    used 4104K, committed 4608K, reserved 1048576K
}
Event: 4.745 GC heap after
{Heap after GC invocations=16 (full 2):
 PSYoungGen      total 23040K, used 800K [0x00000000d5580000, 0x00000000d7200000, 0x0000000100000000)
  eden space 22016K, 0% used [0x00000000d5580000,0x00000000d5580000,0x00000000d6b00000)
  from space 1024K, 78% used [0x00000000d7100000,0x00000000d71c8000,0x00000000d7200000)
  to   space 1024K, 0% used [0x00000000d7000000,0x00000000d7000000,0x00000000d7100000)
 ParOldGen       total 68608K, used 19925K [0x0000000080000000, 0x0000000084300000, 0x00000000d5580000)
  object space 68608K, 29% used [0x0000000080000000,0x00000000813756f8,0x0000000084300000)
 Metaspace       used 38305K, committed 39424K, reserved 1114112K
  class space    used 4104K, committed 4608K, reserved 1048576K
}
Event: 5.034 GC heap before
{Heap before GC invocations=17 (full 2):
 PSYoungGen      total 23040K, used 22816K [0x00000000d5580000, 0x00000000d7200000, 0x0000000100000000)
  eden space 22016K, 100% used [0x00000000d5580000,0x00000000d6b00000,0x00000000d6b00000)
  from space 1024K, 78% used [0x00000000d7100000,0x00000000d71c8000,0x00000000d7200000)
  to   space 1024K, 0% used [0x00000000d7000000,0x00000000d7000000,0x00000000d7100000)
 ParOldGen       total 68608K, used 19925K [0x0000000080000000, 0x0000000084300000, 0x00000000d5580000)
  object space 68608K, 29% used [0x0000000080000000,0x00000000813756f8,0x0000000084300000)
 Metaspace       used 40822K, committed 41920K, reserved 1114112K
  class space    used 4427K, committed 4928K, reserved 1048576K
}
Event: 5.035 GC heap after
{Heap after GC invocations=17 (full 2):
 PSYoungGen      total 23040K, used 1024K [0x00000000d5580000, 0x00000000d7180000, 0x0000000100000000)
  eden space 22016K, 0% used [0x00000000d5580000,0x00000000d5580000,0x00000000d6b00000)
  from space 1024K, 100% used [0x00000000d7000000,0x00000000d7100000,0x00000000d7100000)
  to   space 512K, 0% used [0x00000000d7100000,0x00000000d7100000,0x00000000d7180000)
 ParOldGen       total 68608K, used 20724K [0x0000000080000000, 0x0000000084300000, 0x00000000d5580000)
  object space 68608K, 30% used [0x0000000080000000,0x000000008143d3f8,0x0000000084300000)
 Metaspace       used 40822K, committed 41920K, reserved 1114112K
  class space    used 4427K, committed 4928K, reserved 1048576K
}
Event: 5.324 GC heap before
{Heap before GC invocations=18 (full 2):
 PSYoungGen      total 23040K, used 23028K [0x00000000d5580000, 0x00000000d7180000, 0x0000000100000000)
  eden space 22016K, 99% used [0x00000000d5580000,0x00000000d6afd2f0,0x00000000d6b00000)
  from space 1024K, 100% used [0x00000000d7000000,0x00000000d7100000,0x00000000d7100000)
  to   space 512K, 0% used [0x00000000d7100000,0x00000000d7100000,0x00000000d7180000)
 ParOldGen       total 68608K, used 20724K [0x0000000080000000, 0x0000000084300000, 0x00000000d5580000)
  object space 68608K, 30% used [0x0000000080000000,0x000000008143d3f8,0x0000000084300000)
 Metaspace       used 43481K, committed 44544K, reserved 1114112K
  class space    used 4761K, committed 5248K, reserved 1048576K
}
Event: 5.326 GC heap after
{Heap after GC invocations=18 (full 2):
 PSYoungGen      total 22528K, used 507K [0x00000000d5580000, 0x00000000d7180000, 0x0000000100000000)
  eden space 22016K, 0% used [0x00000000d5580000,0x00000000d5580000,0x00000000d6b00000)
  from space 512K, 99% used [0x00000000d7100000,0x00000000d717ee98,0x00000000d7180000)
  to   space 2560K, 0% used [0x00000000d6c80000,0x00000000d6c80000,0x00000000d6f00000)
 ParOldGen       total 68608K, used 22380K [0x0000000080000000, 0x0000000084300000, 0x00000000d5580000)
  object space 68608K, 32% used [0x0000000080000000,0x00000000815db240,0x0000000084300000)
 Metaspace       used 43481K, committed 44544K, reserved 1114112K
  class space    used 4761K, committed 5248K, reserved 1048576K
}
Event: 5.728 GC heap before
{Heap before GC invocations=19 (full 2):
 PSYoungGen      total 22528K, used 22523K [0x00000000d5580000, 0x00000000d7180000, 0x0000000100000000)
  eden space 22016K, 100% used [0x00000000d5580000,0x00000000d6b00000,0x00000000d6b00000)
  from space 512K, 99% used [0x00000000d7100000,0x00000000d717ee98,0x00000000d7180000)
  to   space 2560K, 0% used [0x00000000d6c80000,0x00000000d6c80000,0x00000000d6f00000)
 ParOldGen       total 68608K, used 22380K [0x0000000080000000, 0x0000000084300000, 0x00000000d5580000)
  object space 68608K, 32% used [0x0000000080000000,0x00000000815db240,0x0000000084300000)
 Metaspace       used 44686K, committed 45888K, reserved 1114112K
  class space    used 4892K, committed 5440K, reserved 1048576K
}
Event: 5.729 GC heap after
{Heap after GC invocations=19 (full 2):
 PSYoungGen      total 24576K, used 704K [0x00000000d5580000, 0x00000000d7180000, 0x0000000100000000)
  eden space 22016K, 0% used [0x00000000d5580000,0x00000000d5580000,0x00000000d6b00000)
  from space 2560K, 27% used [0x00000000d6c80000,0x00000000d6d30000,0x00000000d6f00000)
  to   space 1536K, 0% used [0x00000000d7000000,0x00000000d7000000,0x00000000d7180000)
 ParOldGen       total 68608K, used 22852K [0x0000000080000000, 0x0000000084300000, 0x00000000d5580000)
  object space 68608K, 33% used [0x0000000080000000,0x00000000816510e8,0x0000000084300000)
 Metaspace       used 44686K, committed 45888K, reserved 1114112K
  class space    used 4892K, committed 5440K, reserved 1048576K
}
Event: 6.454 GC heap before
{Heap before GC invocations=20 (full 2):
 PSYoungGen      total 24576K, used 22720K [0x00000000d5580000, 0x00000000d7180000, 0x0000000100000000)
  eden space 22016K, 100% used [0x00000000d5580000,0x00000000d6b00000,0x00000000d6b00000)
  from space 2560K, 27% used [0x00000000d6c80000,0x00000000d6d30000,0x00000000d6f00000)
  to   space 1536K, 0% used [0x00000000d7000000,0x00000000d7000000,0x00000000d7180000)
 ParOldGen       total 68608K, used 22852K [0x0000000080000000, 0x0000000084300000, 0x00000000d5580000)
  object space 68608K, 33% used [0x0000000080000000,0x00000000816510e8,0x0000000084300000)
 Metaspace       used 44690K, committed 45888K, reserved 1114112K
  class space    used 4892K, committed 5440K, reserved 1048576K
}
Event: 6.455 GC heap after
{Heap after GC invocations=20 (full 2):
 PSYoungGen      total 22528K, used 192K [0x00000000d5580000, 0x00000000d7080000, 0x0000000100000000)
  eden space 22016K, 0% used [0x00000000d5580000,0x00000000d5580000,0x00000000d6b00000)
  from space 512K, 37% used [0x00000000d7000000,0x00000000d7030000,0x00000000d7080000)
  to   space 512K, 0% used [0x00000000d6f80000,0x00000000d6f80000,0x00000000d7000000)
 ParOldGen       total 68608K, used 23370K [0x0000000080000000, 0x0000000084300000, 0x00000000d5580000)
  object space 68608K, 34% used [0x0000000080000000,0x00000000816d28f0,0x0000000084300000)
 Metaspace       used 44690K, committed 45888K, reserved 1114112K
  class space    used 4892K, committed 5440K, reserved 1048576K
}
Event: 6.920 GC heap before
{Heap before GC invocations=21 (full 2):
 PSYoungGen      total 22528K, used 22208K [0x00000000d5580000, 0x00000000d7080000, 0x0000000100000000)
  eden space 22016K, 100% used [0x00000000d5580000,0x00000000d6b00000,0x00000000d6b00000)
  from space 512K, 37% used [0x00000000d7000000,0x00000000d7030000,0x00000000d7080000)
  to   space 512K, 0% used [0x00000000d6f80000,0x00000000d6f80000,0x00000000d7000000)
 ParOldGen       total 68608K, used 23370K [0x0000000080000000, 0x0000000084300000, 0x00000000d5580000)
  object space 68608K, 34% used [0x0000000080000000,0x00000000816d28f0,0x0000000084300000)
 Metaspace       used 44692K, committed 45888K, reserved 1114112K
  class space    used 4892K, committed 5440K, reserved 1048576K
}
Event: 6.921 GC heap after
{Heap after GC invocations=21 (full 2):
 PSYoungGen      total 22528K, used 224K [0x00000000d5580000, 0x00000000d7080000, 0x0000000100000000)
  eden space 22016K, 0% used [0x00000000d5580000,0x00000000d5580000,0x00000000d6b00000)
  from space 512K, 43% used [0x00000000d6f80000,0x00000000d6fb8000,0x00000000d7000000)
  to   space 512K, 0% used [0x00000000d7000000,0x00000000d7000000,0x00000000d7080000)
 ParOldGen       total 68608K, used 23434K [0x0000000080000000, 0x0000000084300000, 0x00000000d5580000)
  object space 68608K, 34% used [0x0000000080000000,0x00000000816e28f0,0x0000000084300000)
 Metaspace       used 44692K, committed 45888K, reserved 1114112K
  class space    used 4892K, committed 5440K, reserved 1048576K
}
Event: 7.400 GC heap before
{Heap before GC invocations=22 (full 2):
 PSYoungGen      total 22528K, used 22240K [0x00000000d5580000, 0x00000000d7080000, 0x0000000100000000)
  eden space 22016K, 100% used [0x00000000d5580000,0x00000000d6b00000,0x00000000d6b00000)
  from space 512K, 43% used [0x00000000d6f80000,0x00000000d6fb8000,0x00000000d7000000)
  to   space 512K, 0% used [0x00000000d7000000,0x00000000d7000000,0x00000000d7080000)
 ParOldGen       total 68608K, used 23434K [0x0000000080000000, 0x0000000084300000, 0x00000000d5580000)
  object space 68608K, 34% used [0x0000000080000000,0x00000000816e28f0,0x0000000084300000)
 Metaspace       used 44695K, committed 45888K, reserved 1114112K
  class space    used 4892K, committed 5440K, reserved 1048576K
}
Event: 7.400 GC heap after
{Heap after GC invocations=22 (full 2):
 PSYoungGen      total 22528K, used 288K [0x00000000d5580000, 0x00000000d7080000, 0x0000000100000000)
  eden space 22016K, 0% used [0x00000000d5580000,0x00000000d5580000,0x00000000d6b00000)
  from space 512K, 56% used [0x00000000d7000000,0x00000000d7048000,0x00000000d7080000)
  to   space 512K, 0% used [0x00000000d6f80000,0x00000000d6f80000,0x00000000d7000000)
 ParOldGen       total 68608K, used 23498K [0x0000000080000000, 0x0000000084300000, 0x00000000d5580000)
  object space 68608K, 34% used [0x0000000080000000,0x00000000816f28f0,0x0000000084300000)
 Metaspace       used 44695K, committed 45888K, reserved 1114112K
  class space    used 4892K, committed 5440K, reserved 1048576K
}

Dll operation events (10 events):
Event: 0.010 Loaded shared library c:\Users\minnh\.vscode\extensions\redhat.java-1.53.0-win32-x64\jre\21.0.10-win32-x86_64\bin\java.dll
Event: 0.037 Loaded shared library c:\Users\minnh\.vscode\extensions\redhat.java-1.53.0-win32-x64\jre\21.0.10-win32-x86_64\bin\zip.dll
Event: 0.093 Loaded shared library C:\Users\minnh\.vscode\extensions\redhat.java-1.53.0-win32-x64\jre\21.0.10-win32-x86_64\bin\instrument.dll
Event: 0.099 Loaded shared library C:\Users\minnh\.vscode\extensions\redhat.java-1.53.0-win32-x64\jre\21.0.10-win32-x86_64\bin\net.dll
Event: 0.102 Loaded shared library C:\Users\minnh\.vscode\extensions\redhat.java-1.53.0-win32-x64\jre\21.0.10-win32-x86_64\bin\nio.dll
Event: 0.106 Loaded shared library C:\Users\minnh\.vscode\extensions\redhat.java-1.53.0-win32-x64\jre\21.0.10-win32-x86_64\bin\zip.dll
Event: 0.122 Loaded shared library C:\Users\minnh\.vscode\extensions\redhat.java-1.53.0-win32-x64\jre\21.0.10-win32-x86_64\bin\jimage.dll
Event: 0.210 Loaded shared library c:\Users\minnh\.vscode\extensions\redhat.java-1.53.0-win32-x64\jre\21.0.10-win32-x86_64\bin\verify.dll
Event: 1.476 Loaded shared library C:\Users\minnh\AppData\Roaming\Code\User\globalStorage\redhat.java\1.53.0\config_win\org.eclipse.equinox.launcher\org.eclipse.equinox.launcher.win32.win32.x86_64_1.3.0.v20260203-2149\eclipse_11919.dll
Event: 3.915 Loaded shared library C:\Users\minnh\AppData\Local\Temp\jna-103901068\jna15102852560037489271.dll

Deoptimization events (20 events):
Event: 5.673 Thread 0x000002cfeb1daed0 Uncommon trap: trap_request=0xffffff45 fr.pc=0x000002cf96a143b0 relative=0x00000000000001f0
Event: 5.673 Thread 0x000002cfeb1daed0 Uncommon trap: reason=unstable_if action=reinterpret pc=0x000002cf96a143b0 method=java.lang.String.startsWith(Ljava/lang/String;I)Z @ 50 c2
Event: 5.673 Thread 0x000002cfeb1daed0 DEOPT PACKING pc=0x000002cf96a143b0 sp=0x000000eec8dfeac0
Event: 5.673 Thread 0x000002cfeb1daed0 DEOPT UNPACKING pc=0x000002cf96463aa2 sp=0x000000eec8dfea48 mode 2
Event: 6.339 Thread 0x000002cfeb1daed0 Uncommon trap: trap_request=0xffffff45 fr.pc=0x000002cf96c7b120 relative=0x00000000000001c0
Event: 6.339 Thread 0x000002cfeb1daed0 Uncommon trap: reason=unstable_if action=reinterpret pc=0x000002cf96c7b120 method=java.util.regex.Pattern$SliceU.match(Ljava/util/regex/Matcher;ILjava/lang/CharSequence;)Z @ 18 c2
Event: 6.339 Thread 0x000002cfeb1daed0 DEOPT PACKING pc=0x000002cf96c7b120 sp=0x000000eec8dfec80
Event: 6.339 Thread 0x000002cfeb1daed0 DEOPT UNPACKING pc=0x000002cf96463aa2 sp=0x000000eec8dfec08 mode 2
Event: 6.339 Thread 0x000002cfeb1daed0 Uncommon trap: trap_request=0xffffff45 fr.pc=0x000002cf96c9a538 relative=0x00000000000000f8
Event: 6.339 Thread 0x000002cfeb1daed0 Uncommon trap: reason=unstable_if action=reinterpret pc=0x000002cf96c9a538 method=java.util.regex.Pattern$Begin.match(Ljava/util/regex/Matcher;ILjava/lang/CharSequence;)Z @ 33 c2
Event: 6.339 Thread 0x000002cfeb1daed0 DEOPT PACKING pc=0x000002cf96c9a538 sp=0x000000eec8dfed40
Event: 6.339 Thread 0x000002cfeb1daed0 DEOPT UNPACKING pc=0x000002cf96463aa2 sp=0x000000eec8dfecc8 mode 2
Event: 6.979 Thread 0x000002cfeb1daed0 Uncommon trap: trap_request=0xfffffff4 fr.pc=0x000002cf96caf168 relative=0x00000000000039a8
Event: 6.979 Thread 0x000002cfeb1daed0 Uncommon trap: reason=null_check action=make_not_entrant pc=0x000002cf96caf168 method=java.nio.file.FileTreeWalker.next()Ljava/nio/file/FileTreeWalker$Event; @ 7 c2
Event: 6.979 Thread 0x000002cfeb1daed0 DEOPT PACKING pc=0x000002cf96caf168 sp=0x000000eec8dfeeb0
Event: 6.979 Thread 0x000002cfeb1daed0 DEOPT UNPACKING pc=0x000002cf96463aa2 sp=0x000000eec8dfeee0 mode 2
Event: 6.980 Thread 0x000002cfeb1daed0 Uncommon trap: trap_request=0xffffff3d fr.pc=0x000002cf96c904c4 relative=0x0000000000001724
Event: 6.980 Thread 0x000002cfeb1daed0 Uncommon trap: reason=unstable_fused_if action=reinterpret pc=0x000002cf96c904c4 method=sun.nio.fs.WindowsPathParser.isLetter(C)Z @ 15 c2
Event: 6.980 Thread 0x000002cfeb1daed0 DEOPT PACKING pc=0x000002cf96c904c4 sp=0x000000eec8dfed70
Event: 6.980 Thread 0x000002cfeb1daed0 DEOPT UNPACKING pc=0x000002cf96463aa2 sp=0x000000eec8dfecd8 mode 2

Classes loaded (20 events):
Event: 5.452 Loading class java/nio/file/FileTreeWalker$DirectoryNode
Event: 5.452 Loading class java/nio/file/FileTreeWalker$DirectoryNode done
Event: 5.452 Loading class java/nio/file/FileTreeWalker$Event
Event: 5.452 Loading class java/nio/file/FileTreeWalker$Event done
Event: 5.452 Loading class java/nio/file/FileTreeWalker$EventType
Event: 5.452 Loading class java/nio/file/FileTreeWalker$EventType done
Event: 5.453 Loading class java/nio/file/Files$3
Event: 5.453 Loading class java/nio/file/Files$3 done
Event: 5.453 Loading class sun/nio/fs/Globs
Event: 5.453 Loading class sun/nio/fs/Globs done
Event: 5.453 Loading class java/util/regex/Pattern$SliceU
Event: 5.453 Loading class java/util/regex/Pattern$SliceU done
Event: 5.453 Loading class sun/nio/fs/WindowsFileSystem$2
Event: 5.453 Loading class java/nio/file/PathMatcher
Event: 5.453 Loading class java/nio/file/PathMatcher done
Event: 5.453 Loading class sun/nio/fs/WindowsFileSystem$2 done
Event: 5.454 Loading class sun/nio/fs/WindowsException
Event: 5.454 Loading class sun/nio/fs/WindowsException done
Event: 5.454 Loading class java/nio/file/FileVisitResult
Event: 5.454 Loading class java/nio/file/FileVisitResult done

Classes unloaded (7 events):
Event: 3.399 Thread 0x000002cf8bc740c0 Unloading class 0x000002cfa41ac800 'java/lang/invoke/LambdaForm$MH+0x000002cfa41ac800'
Event: 3.399 Thread 0x000002cf8bc740c0 Unloading class 0x000002cfa41ac400 'java/lang/invoke/LambdaForm$MH+0x000002cfa41ac400'
Event: 3.399 Thread 0x000002cf8bc740c0 Unloading class 0x000002cfa41ac000 'java/lang/invoke/LambdaForm$MH+0x000002cfa41ac000'
Event: 3.399 Thread 0x000002cf8bc740c0 Unloading class 0x000002cfa41abc00 'java/lang/invoke/LambdaForm$MH+0x000002cfa41abc00'
Event: 3.399 Thread 0x000002cf8bc740c0 Unloading class 0x000002cfa41ab800 'java/lang/invoke/LambdaForm$BMH+0x000002cfa41ab800'
Event: 3.399 Thread 0x000002cf8bc740c0 Unloading class 0x000002cfa41ab400 'java/lang/invoke/LambdaForm$DMH+0x000002cfa41ab400'
Event: 3.399 Thread 0x000002cf8bc740c0 Unloading class 0x000002cfa41aa400 'java/lang/invoke/LambdaForm$DMH+0x000002cfa41aa400'

Classes redefined (0 events):
No events

Internal exceptions (20 events):
Event: 7.466 Thread 0x000002cfeb1daed0 Exception <a 'sun/nio/fs/WindowsException'{0x00000000d58a37a8}> (0x00000000d58a37a8) 
thrown [s\src\hotspot\share\prims\jni.cpp, line 520]
Event: 7.466 Thread 0x000002cfeb1daed0 Exception <a 'sun/nio/fs/WindowsException'{0x00000000d58a6920}> (0x00000000d58a6920) 
thrown [s\src\hotspot\share\prims\jni.cpp, line 520]
Event: 7.466 Thread 0x000002cfeb1daed0 Exception <a 'sun/nio/fs/WindowsException'{0x00000000d58a9c10}> (0x00000000d58a9c10) 
thrown [s\src\hotspot\share\prims\jni.cpp, line 520]
Event: 7.466 Thread 0x000002cfeb1daed0 Exception <a 'sun/nio/fs/WindowsException'{0x00000000d58acd08}> (0x00000000d58acd08) 
thrown [s\src\hotspot\share\prims\jni.cpp, line 520]
Event: 7.467 Thread 0x000002cfeb1daed0 Exception <a 'sun/nio/fs/WindowsException'{0x00000000d58affb8}> (0x00000000d58affb8) 
thrown [s\src\hotspot\share\prims\jni.cpp, line 520]
Event: 7.467 Thread 0x000002cfeb1daed0 Exception <a 'sun/nio/fs/WindowsException'{0x00000000d58b30b8}> (0x00000000d58b30b8) 
thrown [s\src\hotspot\share\prims\jni.cpp, line 520]
Event: 7.467 Thread 0x000002cfeb1daed0 Exception <a 'sun/nio/fs/WindowsException'{0x00000000d58b60e8}> (0x00000000d58b60e8) 
thrown [s\src\hotspot\share\prims\jni.cpp, line 520]
Event: 7.467 Thread 0x000002cfeb1daed0 Exception <a 'sun/nio/fs/WindowsException'{0x00000000d58b8e60}> (0x00000000d58b8e60) 
thrown [s\src\hotspot\share\prims\jni.cpp, line 520]
Event: 7.468 Thread 0x000002cfeb1daed0 Exception <a 'sun/nio/fs/WindowsException'{0x00000000d58bbfe0}> (0x00000000d58bbfe0) 
thrown [s\src\hotspot\share\prims\jni.cpp, line 520]
Event: 7.468 Thread 0x000002cfeb1daed0 Exception <a 'sun/nio/fs/WindowsException'{0x00000000d58bf2d8}> (0x00000000d58bf2d8) 
thrown [s\src\hotspot\share\prims\jni.cpp, line 520]
Event: 7.468 Thread 0x000002cfeb1daed0 Exception <a 'sun/nio/fs/WindowsException'{0x00000000d58c23d8}> (0x00000000d58c23d8) 
thrown [s\src\hotspot\share\prims\jni.cpp, line 520]
Event: 7.468 Thread 0x000002cfeb1daed0 Exception <a 'sun/nio/fs/WindowsException'{0x00000000d58c5690}> (0x00000000d58c5690) 
thrown [s\src\hotspot\share\prims\jni.cpp, line 520]
Event: 7.469 Thread 0x000002cfeb1daed0 Exception <a 'sun/nio/fs/WindowsException'{0x00000000d58c8798}> (0x00000000d58c8798) 
thrown [s\src\hotspot\share\prims\jni.cpp, line 520]
Event: 7.469 Thread 0x000002cfeb1daed0 Exception <a 'sun/nio/fs/WindowsException'{0x00000000d58cb898}> (0x00000000d58cb898) 
thrown [s\src\hotspot\share\prims\jni.cpp, line 520]
Event: 7.469 Thread 0x000002cfeb1daed0 Exception <a 'sun/nio/fs/WindowsException'{0x00000000d58cea70}> (0x00000000d58cea70) 
thrown [s\src\hotspot\share\prims\jni.cpp, line 520]
Event: 7.469 Thread 0x000002cfeb1daed0 Exception <a 'sun/nio/fs/WindowsException'{0x00000000d58d1dc8}> (0x00000000d58d1dc8) 
thrown [s\src\hotspot\share\prims\jni.cpp, line 520]
Event: 7.470 Thread 0x000002cfeb1daed0 Exception <a 'sun/nio/fs/WindowsException'{0x00000000d58d4f08}> (0x00000000d58d4f08) 
thrown [s\src\hotspot\share\prims\jni.cpp, line 520]
Event: 7.470 Thread 0x000002cfeb1daed0 Exception <a 'sun/nio/fs/WindowsException'{0x00000000d58d8200}> (0x00000000d58d8200) 
thrown [s\src\hotspot\share\prims\jni.cpp, line 520]
Event: 7.470 Thread 0x000002cfeb1daed0 Exception <a 'sun/nio/fs/WindowsException'{0x00000000d58db348}> (0x00000000d58db348) 
thrown [s\src\hotspot\share\prims\jni.cpp, line 520]
Event: 7.470 Thread 0x000002cfeb1daed0 Exception <a 'sun/nio/fs/WindowsException'{0x00000000d58de1a8}> (0x00000000d58de1a8) 
thrown [s\src\hotspot\share\prims\jni.cpp, line 520]

ZGC Phase Switch (0 events):
No events

VM Operations (20 events):
Event: 4.824 Executing non-safepoint VM operation: HandshakeAllThreads (Deoptimize)
Event: 4.824 Executing non-safepoint VM operation: HandshakeAllThreads (Deoptimize) done
Event: 4.980 Executing non-safepoint VM operation: HandshakeAllThreads (Deoptimize)
Event: 4.980 Executing non-safepoint VM operation: HandshakeAllThreads (Deoptimize) done
Event: 5.034 Executing safepoint VM operation: ParallelGCFailedAllocation (Allocation Failure)
Event: 5.035 Executing safepoint VM operation: ParallelGCFailedAllocation (Allocation Failure) done
Event: 5.241 Executing safepoint VM operation: ICBufferFull
Event: 5.242 Executing safepoint VM operation: ICBufferFull done
Event: 5.315 Executing non-safepoint VM operation: HandshakeAllThreads (Deoptimize)
Event: 5.315 Executing non-safepoint VM operation: HandshakeAllThreads (Deoptimize) done
Event: 5.324 Executing safepoint VM operation: ParallelGCFailedAllocation (Allocation Failure)
Event: 5.326 Executing safepoint VM operation: ParallelGCFailedAllocation (Allocation Failure) done
Event: 5.727 Executing safepoint VM operation: ParallelGCFailedAllocation (Allocation Failure)
Event: 5.729 Executing safepoint VM operation: ParallelGCFailedAllocation (Allocation Failure) done
Event: 6.454 Executing safepoint VM operation: ParallelGCFailedAllocation (Allocation Failure)
Event: 6.455 Executing safepoint VM operation: ParallelGCFailedAllocation (Allocation Failure) done
Event: 6.920 Executing safepoint VM operation: ParallelGCFailedAllocation (Allocation Failure)
Event: 6.921 Executing safepoint VM operation: ParallelGCFailedAllocation (Allocation Failure) done
Event: 7.400 Executing safepoint VM operation: ParallelGCFailedAllocation (Allocation Failure)
Event: 7.400 Executing safepoint VM operation: ParallelGCFailedAllocation (Allocation Failure) done

Memory protections (0 events):
No events

Nmethod flushes (20 events):
Event: 4.257 Thread 0x000002cf8bc740c0 flushing  nmethod 0x000002cf8f4e9290
Event: 4.257 Thread 0x000002cf8bc740c0 flushing  nmethod 0x000002cf8f4e9a10
Event: 4.257 Thread 0x000002cf8bc740c0 flushing  nmethod 0x000002cf8f4eaf90
Event: 4.257 Thread 0x000002cf8bc740c0 flushing  nmethod 0x000002cf8f4eb390
Event: 4.257 Thread 0x000002cf8bc740c0 flushing  nmethod 0x000002cf8f4ebf10
Event: 4.257 Thread 0x000002cf8bc740c0 flushing  nmethod 0x000002cf8f4ec810
Event: 4.257 Thread 0x000002cf8bc740c0 flushing  nmethod 0x000002cf8f4ee410
Event: 4.257 Thread 0x000002cf8bc740c0 flushing  nmethod 0x000002cf8f4ef090
Event: 4.257 Thread 0x000002cf8bc740c0 flushing  nmethod 0x000002cf8f4ef590
Event: 4.257 Thread 0x000002cf8bc740c0 flushing  nmethod 0x000002cf8f4f0410
Event: 4.257 Thread 0x000002cf8bc740c0 flushing  nmethod 0x000002cf8f4f0710
Event: 4.257 Thread 0x000002cf8bc740c0 flushing  nmethod 0x000002cf8f4fa210
Event: 4.257 Thread 0x000002cf8bc740c0 flushing  nmethod 0x000002cf8f50c790
Event: 4.257 Thread 0x000002cf8bc740c0 flushing  nmethod 0x000002cf8f515610
Event: 4.257 Thread 0x000002cf8bc740c0 flushing  nmethod 0x000002cf8f526b10
Event: 4.257 Thread 0x000002cf8bc740c0 flushing  nmethod 0x000002cf8f528b10
Event: 4.257 Thread 0x000002cf8bc740c0 flushing  nmethod 0x000002cf8f52e390
Event: 4.257 Thread 0x000002cf8bc740c0 flushing  nmethod 0x000002cf8f578e10
Event: 4.257 Thread 0x000002cf8bc740c0 flushing  nmethod 0x000002cf8f5b4390
Event: 4.257 Thread 0x000002cf8bc740c0 flushing  nmethod 0x000002cf8f629510

Events (20 events):
Event: 4.014 Thread 0x000002cf8bce03f0 Thread added: 0x000002cfeb1dbbf0
Event: 4.014 Thread 0x000002cf8bce03f0 Thread added: 0x000002cfeb1d9b20
Event: 4.014 Thread 0x000002cf8bce03f0 Thread added: 0x000002cfeb1dc280
Event: 4.014 Thread 0x000002cf8bce03f0 Thread added: 0x000002cfeb1d8e00
Event: 4.014 Thread 0x000002cf8bce03f0 Thread added: 0x000002cfeb1ddcc0
Event: 4.014 Thread 0x000002cf8bce03f0 Thread added: 0x000002cfeb1df700
Event: 4.015 Thread 0x000002cf8bce03f0 Thread added: 0x000002cfeb1dc910
Event: 4.015 Thread 0x000002cf8bce03f0 Thread added: 0x000002cfeb1de350
Event: 4.015 Thread 0x000002cf8bce03f0 Thread added: 0x000002cfeb1de9e0
Event: 4.015 Thread 0x000002cf8bce03f0 Thread added: 0x000002cfeb1df070
Event: 4.015 Thread 0x000002cf8bce03f0 Thread added: 0x000002cfeb1dd630
Event: 4.015 Thread 0x000002cf8bce03f0 Thread added: 0x000002cfeb1dcfa0
Event: 4.033 Thread 0x000002cf8bce03f0 Thread added: 0x000002cfec7763c0
Event: 4.177 Thread 0x000002cf8bce03f0 Thread added: 0x000002cfec777e00
Event: 4.177 Thread 0x000002cf8bce03f0 Thread added: 0x000002cfec778490
Event: 4.475 Thread 0x000002cfeb1daed0 Thread added: 0x000002cfec776a50
Event: 6.165 Thread 0x000002cfeb1251d0 Thread exited: 0x000002cfeb1251d0
Event: 6.211 Thread 0x000002cfe4d460d0 Thread exited: 0x000002cfe4d460d0
Event: 6.498 Thread 0x000002cfe4ac42c0 Thread added: 0x000002cfeb9bfe80
Event: 6.862 Thread 0x000002cfeb9bfe80 Thread exited: 0x000002cfeb9bfe80


Dynamic libraries:
0x00007ff7dcad0000 - 0x00007ff7dcade000 	c:\Users\minnh\.vscode\extensions\redhat.java-1.53.0-win32-x64\jre\21.0.10-win32-x86_64\bin\java.exe
0x00007ffbe45e0000 - 0x00007ffbe4847000 	C:\WINDOWS\SYSTEM32\ntdll.dll
0x00007ffbe2d80000 - 0x00007ffbe2e49000 	C:\WINDOWS\System32\KERNEL32.DLL
0x00007ffbe15a0000 - 0x00007ffbe1991000 	C:\WINDOWS\System32\KERNELBASE.dll
0x00007ffbe13a0000 - 0x00007ffbe14eb000 	C:\WINDOWS\System32\ucrtbase.dll
0x00007ffbc8ac0000 - 0x00007ffbc8ad8000 	c:\Users\minnh\.vscode\extensions\redhat.java-1.53.0-win32-x64\jre\21.0.10-win32-x86_64\bin\jli.dll
0x00007ffbc86b0000 - 0x00007ffbc86ce000 	c:\Users\minnh\.vscode\extensions\redhat.java-1.53.0-win32-x64\jre\21.0.10-win32-x86_64\bin\VCRUNTIME140.dll
0x00007ffbe42d0000 - 0x00007ffbe4495000 	C:\WINDOWS\System32\USER32.dll
0x00007ffbe1030000 - 0x00007ffbe1057000 	C:\WINDOWS\System32\win32u.dll
0x00007ffbe4500000 - 0x00007ffbe452b000 	C:\WINDOWS\System32\GDI32.dll
0x00007ffbe00c0000 - 0x00007ffbe0353000 	C:\WINDOWS\WinSxS\amd64_microsoft.windows.common-controls_6595b64144ccf1df_6.0.26100.8037_none_3e092faae333b53b\COMCTL32.dll
0x00007ffbe1060000 - 0x00007ffbe118b000 	C:\WINDOWS\System32\gdi32full.dll
0x00007ffbe3880000 - 0x00007ffbe3929000 	C:\WINDOWS\System32\msvcrt.dll
0x00007ffbe14f0000 - 0x00007ffbe1593000 	C:\WINDOWS\System32\msvcp_win.dll
0x00007ffbe2810000 - 0x00007ffbe2841000 	C:\WINDOWS\System32\IMM32.DLL
0x00007ffbe05d0000 - 0x00007ffbe05dc000 	c:\Users\minnh\.vscode\extensions\redhat.java-1.53.0-win32-x64\jre\21.0.10-win32-x86_64\bin\vcruntime140_1.dll
0x00007ffba5450000 - 0x00007ffba54dd000 	c:\Users\minnh\.vscode\extensions\redhat.java-1.53.0-win32-x64\jre\21.0.10-win32-x86_64\bin\msvcp140.dll
0x00007ffb2eba0000 - 0x00007ffb2f941000 	c:\Users\minnh\.vscode\extensions\redhat.java-1.53.0-win32-x64\jre\21.0.10-win32-x86_64\bin\server\jvm.dll
0x00007ffbe3fe0000 - 0x00007ffbe409b000 	C:\WINDOWS\System32\ADVAPI32.dll
0x00007ffbe3ba0000 - 0x00007ffbe3c47000 	C:\WINDOWS\System32\sechost.dll
0x00007ffbe41b0000 - 0x00007ffbe42c8000 	C:\WINDOWS\System32\RPCRT4.dll
0x00007ffbe40a0000 - 0x00007ffbe4114000 	C:\WINDOWS\System32\WS2_32.dll
0x00007ffbcbfc0000 - 0x00007ffbcbff5000 	C:\WINDOWS\SYSTEM32\WINMM.dll
0x00007ffbe0d20000 - 0x00007ffbe0d7e000 	C:\WINDOWS\SYSTEM32\POWRPROF.dll
0x00007ffbd52f0000 - 0x00007ffbd52fb000 	C:\WINDOWS\SYSTEM32\VERSION.dll
0x00007ffbe0d00000 - 0x00007ffbe0d14000 	C:\WINDOWS\SYSTEM32\UMPDC.dll
0x00007ffbdf320000 - 0x00007ffbdf33b000 	C:\WINDOWS\SYSTEM32\kernel.appcore.dll
0x00007ffbc8ab0000 - 0x00007ffbc8aba000 	c:\Users\minnh\.vscode\extensions\redhat.java-1.53.0-win32-x64\jre\21.0.10-win32-x86_64\bin\jimage.dll
0x00007ffbe0670000 - 0x00007ffbe08b2000 	C:\WINDOWS\SYSTEM32\DBGHELP.DLL
0x00007ffbe29f0000 - 0x00007ffbe2d72000 	C:\WINDOWS\System32\combase.dll
0x00007ffbe3c50000 - 0x00007ffbe3d27000 	C:\WINDOWS\System32\OLEAUT32.dll
0x00007ffbe0560000 - 0x00007ffbe059b000 	C:\WINDOWS\SYSTEM32\dbgcore.DLL
0x00007ffbe0f80000 - 0x00007ffbe1025000 	C:\WINDOWS\System32\bcryptPrimitives.dll
0x00007ffbc5750000 - 0x00007ffbc575f000 	c:\Users\minnh\.vscode\extensions\redhat.java-1.53.0-win32-x64\jre\21.0.10-win32-x86_64\bin\instrument.dll
0x00007ffbc53c0000 - 0x00007ffbc53e0000 	c:\Users\minnh\.vscode\extensions\redhat.java-1.53.0-win32-x64\jre\21.0.10-win32-x86_64\bin\java.dll
0x00007ffbe3010000 - 0x00007ffbe376f000 	C:\WINDOWS\System32\SHELL32.dll
0x00007ffbe19a0000 - 0x00007ffbe1b0a000 	C:\WINDOWS\System32\wintypes.dll
0x00007ffbe1b10000 - 0x00007ffbe2374000 	C:\WINDOWS\System32\windows.storage.dll
0x00007ffbe2f10000 - 0x00007ffbe3007000 	C:\WINDOWS\System32\SHCORE.dll
0x00007ffbe4530000 - 0x00007ffbe4597000 	C:\WINDOWS\System32\shlwapi.dll
0x00007ffbe0de0000 - 0x00007ffbe0e09000 	C:\WINDOWS\SYSTEM32\profapi.dll
0x00007ffbc03d0000 - 0x00007ffbc03e8000 	c:\Users\minnh\.vscode\extensions\redhat.java-1.53.0-win32-x64\jre\21.0.10-win32-x86_64\bin\zip.dll
0x00007ffbc53b0000 - 0x00007ffbc53c0000 	C:\Users\minnh\.vscode\extensions\redhat.java-1.53.0-win32-x64\jre\21.0.10-win32-x86_64\bin\net.dll
0x00007ffbd5a10000 - 0x00007ffbd5b37000 	C:\WINDOWS\SYSTEM32\WINHTTP.dll
0x00007ffbdf850000 - 0x00007ffbdf8bb000 	C:\WINDOWS\system32\mswsock.dll
0x00007ffbbddf0000 - 0x00007ffbbde06000 	C:\Users\minnh\.vscode\extensions\redhat.java-1.53.0-win32-x64\jre\21.0.10-win32-x86_64\bin\nio.dll
0x00007ffbc5740000 - 0x00007ffbc5750000 	c:\Users\minnh\.vscode\extensions\redhat.java-1.53.0-win32-x64\jre\21.0.10-win32-x86_64\bin\verify.dll
0x00007ffb987b0000 - 0x00007ffb987f5000 	C:\Users\minnh\AppData\Roaming\Code\User\globalStorage\redhat.java\1.53.0\config_win\org.eclipse.equinox.launcher\org.eclipse.equinox.launcher.win32.win32.x86_64_1.3.0.v20260203-2149\eclipse_11919.dll
0x00007ffbe3e40000 - 0x00007ffbe3fd5000 	C:\WINDOWS\System32\ole32.dll
0x00007ffbe09e0000 - 0x00007ffbe09fb000 	C:\WINDOWS\SYSTEM32\CRYPTSP.dll
0x00007ffbdf8c0000 - 0x00007ffbdf8f9000 	C:\WINDOWS\system32\rsaenh.dll
0x00007ffbdf940000 - 0x00007ffbdf972000 	C:\WINDOWS\SYSTEM32\USERENV.dll
0x00007ffbe0db0000 - 0x00007ffbe0dda000 	C:\WINDOWS\SYSTEM32\bcrypt.dll
0x00007ffbdfba0000 - 0x00007ffbdfbac000 	C:\WINDOWS\SYSTEM32\CRYPTBASE.dll
0x00007ffbdedc0000 - 0x00007ffbdedf3000 	C:\WINDOWS\SYSTEM32\IPHLPAPI.DLL
0x00007ffbe44f0000 - 0x00007ffbe44fa000 	C:\WINDOWS\System32\NSI.dll
0x00007ffb7a960000 - 0x00007ffb7a9a9000 	C:\Users\minnh\AppData\Local\Temp\jna-103901068\jna15102852560037489271.dll
0x00007ffbe41a0000 - 0x00007ffbe41a8000 	C:\WINDOWS\System32\PSAPI.DLL
0x00007ffbd7950000 - 0x00007ffbd796d000 	C:\WINDOWS\SYSTEM32\dhcpcsvc6.DLL
0x00007ffbd7920000 - 0x00007ffbd7943000 	C:\WINDOWS\SYSTEM32\dhcpcsvc.DLL

JVMTI agents:
c:\Users\minnh\.vscode\extensions\redhat.java-1.53.0-win32-x64\lombok\lombok-1.18.39-4050.jar path:c:\Users\minnh\.vscode\extensions\redhat.java-1.53.0-win32-x64\jre\21.0.10-win32-x86_64\bin\instrument.dll, loaded, initialized, instrumentlib options:none

dbghelp: loaded successfully - version: 4.0.5 - missing functions: none
symbol engine: initialized successfully - sym options: 0x614 - pdb path: .;c:\Users\minnh\.vscode\extensions\redhat.java-1.53.0-win32-x64\jre\21.0.10-win32-x86_64\bin;C:\WINDOWS\SYSTEM32;C:\WINDOWS\WinSxS\amd64_microsoft.windows.common-controls_6595b64144ccf1df_6.0.26100.8037_none_3e092faae333b53b;c:\Users\minnh\.vscode\extensions\redhat.java-1.53.0-win32-x64\jre\21.0.10-win32-x86_64\bin\server;C:\Users\minnh\AppData\Roaming\Code\User\globalStorage\redhat.java\1.53.0\config_win\org.eclipse.equinox.launcher\org.eclipse.equinox.launcher.win32.win32.x86_64_1.3.0.v20260203-2149;C:\Users\minnh\AppData\Local\Temp\jna-103901068

VM Arguments:
jvm_args: --add-modules=ALL-SYSTEM --add-opens=java.base/java.util=ALL-UNNAMED --add-opens=java.base/java.lang=ALL-UNNAMED --add-opens=java.base/sun.nio.fs=ALL-UNNAMED -Declipse.application=org.eclipse.jdt.ls.core.id1 -Dosgi.bundles.defaultStartLevel=4 -Declipse.product=org.eclipse.jdt.ls.core.product -Djava.import.generatesMetadataFilesAtProjectRoot=false -DDetectVMInstallationsJob.disabled=true -Dfile.encoding=utf8 -XX:+UseParallelGC -XX:GCTimeRatio=4 -XX:AdaptiveSizePolicyWeight=90 -Dsun.zip.disableMemoryMapping=true -Xmx2G -Xms100m -Xlog:disable -javaagent:c:\Users\minnh\.vscode\extensions\redhat.java-1.53.0-win32-x64\lombok\lombok-1.18.39-4050.jar -XX:+HeapDumpOnOutOfMemoryError -XX:HeapDumpPath=c:\Users\minnh\AppData\Roaming\Code\User\workspaceStorage\cc6f364a0940a606890e72b0b08a57ba\redhat.java -Daether.dependencyCollector.impl=bf 
java_command: c:\Users\minnh\.vscode\extensions\redhat.java-1.53.0-win32-x64\server\plugins\org.eclipse.equinox.launcher_1.7.100.v20251111-0406.jar -configuration c:\Users\minnh\AppData\Roaming\Code\User\globalStorage\redhat.java\1.53.0\config_win -data c:\Users\minnh\AppData\Roaming\Code\User\workspaceStorage\cc6f364a0940a606890e72b0b08a57ba\redhat.java\jdt_ws --pipe=\\.\pipe\lsp-b8836fbb5a5f73f671fab9efabb00d00-sock
java_class_path (initial): c:\Users\minnh\.vscode\extensions\redhat.java-1.53.0-win32-x64\server\plugins\org.eclipse.equinox.launcher_1.7.100.v20251111-0406.jar
Launcher Type: SUN_STANDARD

[Global flags]
    uintx AdaptiveSizePolicyWeight                 = 90                                        {product} {command line}
     intx CICompilerCount                          = 4                                         {product} {ergonomic}
    uintx GCTimeRatio                              = 4                                         {product} {command line}
     bool HeapDumpOnOutOfMemoryError               = true                                   {manageable} {command line}
    ccstr HeapDumpPath                             = c:\Users\minnh\AppData\Roaming\Code\User\workspaceStorage\cc6f364a0940a606890e72b0b08a57ba\redhat.java         {manageable} {command line}
   size_t InitialHeapSize                          = 104857600                                 {product} {command line}
   size_t MaxHeapSize                              = 2147483648                                {product} {command line}
   size_t MaxNewSize                               = 715653120                                 {product} {ergonomic}
   size_t MinHeapDeltaBytes                        = 524288                                    {product} {ergonomic}
   size_t MinHeapSize                              = 104857600                                 {product} {command line}
   size_t NewSize                                  = 34603008                                  {product} {ergonomic}
    uintx NonNMethodCodeHeapSize                   = 5839372                                {pd product} {ergonomic}
    uintx NonProfiledCodeHeapSize                  = 122909434                              {pd product} {ergonomic}
   size_t OldSize                                  = 70254592                                  {product} {ergonomic}
    uintx ProfiledCodeHeapSize                     = 122909434                              {pd product} {ergonomic}
    uintx ReservedCodeCacheSize                    = 251658240                              {pd product} {ergonomic}
     bool SegmentedCodeCache                       = true                                      {product} {ergonomic}
   size_t SoftMaxHeapSize                          = 2147483648                             {manageable} {ergonomic}
     bool UseCompressedOops                        = true                           {product lp64_product} {ergonomic}
     bool UseLargePagesIndividualAllocation        = false                                  {pd product} {ergonomic}
     bool UseParallelGC                            = true                                      {product} {command line}

Logging:
Log output configuration:
 #0: stdout all=off uptime,level,tags foldmultilines=false
 #1: stderr all=off uptime,level,tags foldmultilines=false

Release file:
JAVA_VERSION="21.0.10" 
MODULES="java.base java.compiler java.datatransfer java.xml java.prefs java.desktop java.instrument java.logging java.management java.security.sasl java.naming java.rmi java.management.rmi java.net.http java.scripting java.security.jgss java.transaction.xa java.sql java.sql.rowset java.xml.crypto java.se java.smartcardio jdk.accessibility jdk.internal.jvmstat jdk.attach jdk.charsets jdk.internal.opt jdk.zipfs jdk.compiler jdk.crypto.ec jdk.crypto.cryptoki jdk.crypto.mscapi jdk.dynalink jdk.internal.ed jdk.editpad jdk.hotspot.agent jdk.httpserver jdk.internal.le jdk.internal.vm.ci jdk.internal.vm.compiler jdk.internal.vm.compiler.management jdk.jartool jdk.javadoc jdk.jcmd jdk.management jdk.management.agent jdk.jconsole jdk.jdeps jdk.jdwp.agent jdk.jdi jdk.jfr jdk.jshell jdk.jsobject jdk.jstatd jdk.localedata jdk.management.jfr jdk.naming.dns jdk.naming.rmi jdk.net jdk.nio.mapmode jdk.random jdk.sctp jdk.security.auth jdk.security.jgss jdk.unsupported jdk.unsupported.desktop jdk.xml.dom" 

Environment Variables:
PATH=C:\Users\minnh\AppData\Local\Programs\Microsoft VS Code;C:\Program Files\Common Files\Oracle\Java\javapath;C:\Python313\Scripts\;C:\Python313\;C:\Windows\system32;C:\Windows;C:\Windows\System32\Wbem;C:\Windows\System32\WindowsPowerShell\v1.0\;C:\Windows\System32\OpenSSH\;C:\Program Files (x86)\NVIDIA Corporation\PhysX\Common;C:\Program Files\NVIDIA Corporation\NVIDIA NvDLISR;C:\WINDOWS\system32;C:\WINDOWS;C:\WINDOWS\System32\Wbem;C:\WINDOWS\System32\WindowsPowerShell\v1.0\;C:\WINDOWS\System32\OpenSSH\;C:\Program Files\Microsoft SQL Server\Client SDK\ODBC\170\Tools\Binn\;C:\Program Files\dotnet\;C:\Program Files\Git\cmd;C:\ProgramData\chocolatey\bin;C:\Program Files (x86)\Microsoft SQL Server\160\DTS\Binn\;C:\Program Files (x86)\Microsoft SQL Server\150\Tools\Binn\;C:\Program Files\Microsoft SQL Server\150\Tools\Binn\;C:\Program Files\Microsoft SQL Server\150\DTS\Binn\;C:\Program Files (x86)\Windows Kits\10\Windows Performance Toolkit\;C:\Program Files\nodejs\;C:\Users\minnh\.local\bin;C:\Users\minnh\AppData\Local\Microsoft\WindowsApps;C:\Users\minnh\AppData\Local\Programs\Microsoft VS Code\bin;C:\Users\minnh\.dotnet\tools;C:\Program Files\Azure Data Studio\bin;C:\Users\minnh\AppData\Roaming\npm
USERNAME=minnh
OS=Windows_NT
PROCESSOR_IDENTIFIER=Intel64 Family 6 Model 165 Stepping 2, GenuineIntel
TMP=C:\Users\minnh\AppData\Local\Temp
TEMP=C:\Users\minnh\AppData\Local\Temp




Periodic native trim disabled

---------------  S Y S T E M  ---------------

OS:
 Windows 11 , 64 bit Build 26100 (10.0.26100.7920)
OS uptime: 1 days 9:30 hours

CPU: total 12 (initial active 12) (6 cores per cpu, 2 threads per core) family 6 model 165 stepping 2 microcode 0xe0, cx8, cmov, fxsr, ht, mmx, 3dnowpref, sse, sse2, sse3, ssse3, sse4.1, sse4.2, popcnt, lzcnt, tsc, tscinvbit, avx, avx2, aes, erms, clmul, bmi1, bmi2, adx, fma, vzeroupper, clflush, clflushopt, rdtscp, f16c, pku
Processor Information for the first 12 processors :
  Max Mhz: 2592, Current Mhz: 2592, Mhz Limit: 2592

Memory: 4k page, system-wide physical 16170M (2831M free)
TotalPageFile size 18218M (AvailPageFile size 2M)
current process WorkingSet (physical memory assigned to process): 213M, peak: 247M
current process commit charge ("private bytes"): 335M, peak: 372M

vm_info: OpenJDK 64-Bit Server VM (21.0.10+7-LTS) for windows-amd64 JRE (21.0.10+7-LTS), built on 2026-01-20T00:00:00Z by "admin" with MS VC++ 17.12 (VS2022)

END.
